Archive member included because of file (symbol)

c:/winavr-20100110/bin/../lib/gcc/avr/4.3.3/avr5\libgcc.a(_udivmodsi4.o)
                              USBtoSerial.o (__udivmodsi4)
c:/winavr-20100110/bin/../lib/gcc/avr/4.3.3/avr5\libgcc.a(_exit.o)
                              c:/winavr-20100110/bin/../lib/gcc/avr/4.3.3/../../../../avr/lib/avr5/crtm32u4.o (exit)
c:/winavr-20100110/bin/../lib/gcc/avr/4.3.3/avr5\libgcc.a(_copy_data.o)
                              USBtoSerial.o (__do_copy_data)
c:/winavr-20100110/bin/../lib/gcc/avr/4.3.3/avr5\libgcc.a(_clear_bss.o)
                              USBtoSerial.o (__do_clear_bss)
c:/winavr-20100110/bin/../lib/gcc/avr/4.3.3/../../../../avr/lib/avr5\libc.a(memcpy_P.o)
                              C:/WinAVR-20100110/LUFA-120730/LUFA/Drivers/USB/Class/Device/RNDISClassDevice.o (memcpy_P)
c:/winavr-20100110/bin/../lib/gcc/avr/4.3.3/../../../../avr/lib/avr5\libc.a(memcmp.o)
                              C:/WinAVR-20100110/LUFA-120730/LUFA/Drivers/USB/Class/Device/HIDClassDevice.o (memcmp)
c:/winavr-20100110/bin/../lib/gcc/avr/4.3.3/../../../../avr/lib/avr5\libc.a(memcpy.o)
                              C:/WinAVR-20100110/LUFA-120730/LUFA/Drivers/USB/Class/Device/HIDClassDevice.o (memcpy)
c:/winavr-20100110/bin/../lib/gcc/avr/4.3.3/../../../../avr/lib/avr5\libc.a(memset.o)
                              C:/WinAVR-20100110/LUFA-120730/LUFA/Drivers/USB/Class/Device/HIDClassDevice.o (memset)
c:/winavr-20100110/bin/../lib/gcc/avr/4.3.3/../../../../avr/lib/avr5\libc.a(eerd_byte_atmega32u4.o)
                              C:/WinAVR-20100110/LUFA-120730/LUFA/Drivers/USB/Core/AVR8/EndpointStream_AVR8.o (__eerd_byte_m32u4)
c:/winavr-20100110/bin/../lib/gcc/avr/4.3.3/../../../../avr/lib/avr5\libc.a(eeupd_byte_atmega32u4.o)
                              C:/WinAVR-20100110/LUFA-120730/LUFA/Drivers/USB/Core/AVR8/EndpointStream_AVR8.o (__eeupd_byte_m32u4)

Allocating common symbols
Common symbol       size              file

USB_IsInitialized   0x1               C:/WinAVR-20100110/LUFA-120730/LUFA/Drivers/USB/Core/USBTask.o
USB_Device_ConfigurationNumber
                    0x1               C:/WinAVR-20100110/LUFA-120730/LUFA/Drivers/USB/Core/DeviceStandardReq.o
USB_Device_CurrentlySelfPowered
                    0x1               C:/WinAVR-20100110/LUFA-120730/LUFA/Drivers/USB/Core/DeviceStandardReq.o
USB_ControlRequest  0x8               C:/WinAVR-20100110/LUFA-120730/LUFA/Drivers/USB/Core/USBTask.o
USB_Device_RemoteWakeupEnabled
                    0x1               C:/WinAVR-20100110/LUFA-120730/LUFA/Drivers/USB/Core/DeviceStandardReq.o

Discarded input sections

 .data          0x00000000        0x0 c:/winavr-20100110/bin/../lib/gcc/avr/4.3.3/../../../../avr/lib/avr5/crtm32u4.o
 .bss           0x00000000        0x0 c:/winavr-20100110/bin/../lib/gcc/avr/4.3.3/../../../../avr/lib/avr5/crtm32u4.o
 .text          0x00000000        0x0 USBtoSerial.o
 .text          0x00000000        0x0 Descriptors.o
 .data          0x00000000        0x0 Descriptors.o
 .bss           0x00000000        0x0 Descriptors.o
 .text          0x00000000        0x0 C:/WinAVR-20100110/LUFA-120730/LUFA/Drivers/USB/Core/AVR8/Device_AVR8.o
 .data          0x00000000        0x0 C:/WinAVR-20100110/LUFA-120730/LUFA/Drivers/USB/Core/AVR8/Device_AVR8.o
 .bss           0x00000000        0x0 C:/WinAVR-20100110/LUFA-120730/LUFA/Drivers/USB/Core/AVR8/Device_AVR8.o
 .text.USB_Device_SendRemoteWakeup
                0x00000000        0x0 C:/WinAVR-20100110/LUFA-120730/LUFA/Drivers/USB/Core/AVR8/Device_AVR8.o
 .text          0x00000000        0x0 C:/WinAVR-20100110/LUFA-120730/LUFA/Drivers/USB/Core/AVR8/Endpoint_AVR8.o
 .data          0x00000000        0x0 C:/WinAVR-20100110/LUFA-120730/LUFA/Drivers/USB/Core/AVR8/Endpoint_AVR8.o
 .bss           0x00000000        0x0 C:/WinAVR-20100110/LUFA-120730/LUFA/Drivers/USB/Core/AVR8/Endpoint_AVR8.o
 .text.Endpoint_ClearEndpoints
                0x00000000        0x0 C:/WinAVR-20100110/LUFA-120730/LUFA/Drivers/USB/Core/AVR8/Endpoint_AVR8.o
 .text          0x00000000        0x0 C:/WinAVR-20100110/LUFA-120730/LUFA/Drivers/USB/Core/AVR8/Host_AVR8.o
 .data          0x00000000        0x0 C:/WinAVR-20100110/LUFA-120730/LUFA/Drivers/USB/Core/AVR8/Host_AVR8.o
 .bss           0x00000000        0x0 C:/WinAVR-20100110/LUFA-120730/LUFA/Drivers/USB/Core/AVR8/Host_AVR8.o
 .text          0x00000000        0x0 C:/WinAVR-20100110/LUFA-120730/LUFA/Drivers/USB/Core/AVR8/Pipe_AVR8.o
 .data          0x00000000        0x0 C:/WinAVR-20100110/LUFA-120730/LUFA/Drivers/USB/Core/AVR8/Pipe_AVR8.o
 .bss           0x00000000        0x0 C:/WinAVR-20100110/LUFA-120730/LUFA/Drivers/USB/Core/AVR8/Pipe_AVR8.o
 .text          0x00000000        0x0 C:/WinAVR-20100110/LUFA-120730/LUFA/Drivers/USB/Core/AVR8/USBController_AVR8.o
 .data          0x00000000        0x0 C:/WinAVR-20100110/LUFA-120730/LUFA/Drivers/USB/Core/AVR8/USBController_AVR8.o
[...]
Memory Configuration

Name             Origin             Length             Attributes
text             0x00000000         0x00020000         xr
data             0x00800060         0x0000ffa0         rw !x
eeprom           0x00810000         0x00010000         rw !x
fuse             0x00820000         0x00000400         rw !x
lock             0x00830000         0x00000400         rw !x
signature        0x00840000         0x00000400         rw !x
*default*        0x00000000         0xffffffff

Linker script and memory map

Address of section .data set to 0x800100
LOAD c:/winavr-20100110/bin/../lib/gcc/avr/4.3.3/../../../../avr/lib/avr5/crtm32u4.o
LOAD c:/winavr-20100110/bin/../lib/gcc/avr/4.3.3/../../../../avr/lib/avr5\libm.a
LOAD USBtoSerial.o
LOAD Descriptors.o
LOAD C:/WinAVR-20100110/LUFA-120730/LUFA/Drivers/USB/Core/AVR8/Device_AVR8.o
LOAD C:/WinAVR-20100110/LUFA-120730/LUFA/Drivers/USB/Core/AVR8/Endpoint_AVR8.o
LOAD C:/WinAVR-20100110/LUFA-120730/LUFA/Drivers/USB/Core/AVR8/Host_AVR8.o
LOAD C:/WinAVR-20100110/LUFA-120730/LUFA/Drivers/USB/Core/AVR8/Pipe_AVR8.o
LOAD C:/WinAVR-20100110/LUFA-120730/LUFA/Drivers/USB/Core/AVR8/USBController_AVR8.o
LOAD C:/WinAVR-20100110/LUFA-120730/LUFA/Drivers/USB/Core/AVR8/USBInterrupt_AVR8.o
LOAD C:/WinAVR-20100110/LUFA-120730/LUFA/Drivers/USB/Core/AVR8/EndpointStream_AVR8.o
LOAD C:/WinAVR-20100110/LUFA-120730/LUFA/Drivers/USB/Core/AVR8/PipeStream_AVR8.o
LOAD C:/WinAVR-20100110/LUFA-120730/LUFA/Drivers/USB/Core/ConfigDescriptors.o
LOAD C:/WinAVR-20100110/LUFA-120730/LUFA/Drivers/USB/Core/DeviceStandardReq.o
LOAD C:/WinAVR-20100110/LUFA-120730/LUFA/Drivers/USB/Core/Events.o
LOAD C:/WinAVR-20100110/LUFA-120730/LUFA/Drivers/USB/Core/HostStandardReq.o
LOAD C:/WinAVR-20100110/LUFA-120730/LUFA/Drivers/USB/Core/USBTask.o
LOAD C:/WinAVR-20100110/LUFA-120730/LUFA/Drivers/USB/Class/Common/HIDParser.o
LOAD C:/WinAVR-20100110/LUFA-120730/LUFA/Drivers/USB/Class/Device/AudioClassDevice.o
LOAD C:/WinAVR-20100110/LUFA-120730/LUFA/Drivers/USB/Class/Device/CDCClassDevice.o
LOAD C:/WinAVR-20100110/LUFA-120730/LUFA/Drivers/USB/Class/Device/HIDClassDevice.o
LOAD C:/WinAVR-20100110/LUFA-120730/LUFA/Drivers/USB/Class/Device/MassStorageClassDevice.o
LOAD C:/WinAVR-20100110/LUFA-120730/LUFA/Drivers/USB/Class/Device/MIDIClassDevice.o
LOAD C:/WinAVR-20100110/LUFA-120730/LUFA/Drivers/USB/Class/Device/RNDISClassDevice.o
LOAD C:/WinAVR-20100110/LUFA-120730/LUFA/Drivers/USB/Class/Host/AndroidAccessoryClassHost.o
LOAD C:/WinAVR-20100110/LUFA-120730/LUFA/Drivers/USB/Class/Host/AudioClassHost.o
LOAD C:/WinAVR-20100110/LUFA-120730/LUFA/Drivers/USB/Class/Host/CDCClassHost.o
LOAD C:/WinAVR-20100110/LUFA-120730/LUFA/Drivers/USB/Class/Host/HIDClassHost.o
LOAD C:/WinAVR-20100110/LUFA-120730/LUFA/Drivers/USB/Class/Host/MassStorageClassHost.o
LOAD C:/WinAVR-20100110/LUFA-120730/LUFA/Drivers/USB/Class/Host/MIDIClassHost.o
LOAD C:/WinAVR-20100110/LUFA-120730/LUFA/Drivers/USB/Class/Host/PrinterClassHost.o
LOAD C:/WinAVR-20100110/LUFA-120730/LUFA/Drivers/USB/Class/Host/RNDISClassHost.o
LOAD C:/WinAVR-20100110/LUFA-120730/LUFA/Drivers/USB/Class/Host/StillImageClassHost.o
LOAD c:/winavr-20100110/bin/../lib/gcc/avr/4.3.3/avr5\libgcc.a
LOAD c:/winavr-20100110/bin/../lib/gcc/avr/4.3.3/../../../../avr/lib/avr5\libc.a
LOAD c:/winavr-20100110/bin/../lib/gcc/avr/4.3.3/avr5\libgcc.a

.hash
 *(.hash)

.dynsym
 *(.dynsym)

.dynstr
 *(.dynstr)

.gnu.version
 *(.gnu.version)

.gnu.version_d
 *(.gnu.version_d)

.gnu.version_r
 *(.gnu.version_r)

.rel.init
 *(.rel.init)

.rela.init
 *(.rela.init)

.rel.text
 *(.rel.text)
 *(.rel.text.*)
 *(.rel.gnu.linkonce.t*)

.rela.text
 *(.rela.text)
 *(.rela.text.*)
 *(.rela.gnu.linkonce.t*)

.rel.fini
 *(.rel.fini)

.rela.fini
 *(.rela.fini)

.rel.rodata
 *(.rel.rodata)
 *(.rel.rodata.*)
 *(.rel.gnu.linkonce.r*)

.rela.rodata
 *(.rela.rodata)
 *(.rela.rodata.*)
 *(.rela.gnu.linkonce.r*)

.rel.data
 *(.rel.data)
 *(.rel.data.*)
 *(.rel.gnu.linkonce.d*)

.rela.data
 *(.rela.data)
 *(.rela.data.*)
 *(.rela.gnu.linkonce.d*)

.rel.ctors
 *(.rel.ctors)

.rela.ctors
 *(.rela.ctors)

.rel.dtors
 *(.rel.dtors)

.rela.dtors
 *(.rela.dtors)

.rel.got
 *(.rel.got)

.rela.got
 *(.rela.got)

.rel.bss
 *(.rel.bss)

.rela.bss
 *(.rela.bss)

.rel.plt
 *(.rel.plt)

.rela.plt
 *(.rela.plt)

.text           0x00000000     0x1138
 *(.vectors)
 .vectors       0x00000000       0xac c:/winavr-20100110/bin/../lib/gcc/avr/4.3.3/../../../../avr/lib/avr5/crtm32u4.o
                0x00000000                __vectors
                0x00000000                __vector_default
 *(.vectors)
 *(.progmem.gcc*)
 *(.progmem*)
 .progmem.data  0x000000ac       0x9e Descriptors.o
                0x00000100                ManufacturerString
                0x000000fc                LanguageString
                0x000000ac                DeviceDescriptor
                0x0000011a                ProductString
                0x000000be                ConfigurationDescriptor
                0x0000014a                . = ALIGN (0x2)
                0x0000014a                __trampolines_start = .
 *(.trampolines)
 .trampolines   0x0000014a        0x0 linker stubs
 *(.trampolines*)
                0x0000014a                __trampolines_end = .
 *(.jumptables)
 *(.jumptables*)
 *(.lowtext)
 *(.lowtext*)
                0x0000014a                __ctors_start = .
 *(.ctors)
                0x0000014a                __ctors_end = .
                0x0000014a                __dtors_start = .
 *(.dtors)
                0x0000014a                __dtors_end = .
 SORT(*)(.ctors)
 SORT(*)(.dtors)
 *(.init0)
 .init0         0x0000014a        0x0 c:/winavr-20100110/bin/../lib/gcc/avr/4.3.3/../../../../avr/lib/avr5/crtm32u4.o
                0x0000014a                __init
 *(.init0)
 *(.init1)
 *(.init1)
 *(.init2)
 .init2         0x0000014a        0xc c:/winavr-20100110/bin/../lib/gcc/avr/4.3.3/../../../../avr/lib/avr5/crtm32u4.o
 *(.init2)
 *(.init3)
 *(.init3)
 *(.init4)
 .init4         0x00000156       0x16 c:/winavr-20100110/bin/../lib/gcc/avr/4.3.3/avr5\libgcc.a(_copy_data.o)
                0x00000156                __do_copy_data
 .init4         0x0000016c       0x10 c:/winavr-20100110/bin/../lib/gcc/avr/4.3.3/avr5\libgcc.a(_clear_bss.o)
                0x0000016c                __do_clear_bss
 *(.init4)
 *(.init5)
 *(.init5)
 *(.init6)
 *(.init6)
 *(.init7)
 *(.init7)
 *(.init8)
 *(.init8)
 *(.init9)
 .init9         0x0000017c        0x4 c:/winavr-20100110/bin/../lib/gcc/avr/4.3.3/../../../../avr/lib/avr5/crtm32u4.o
 *(.init9)
 *(.text)
 .text          0x00000180        0x2 c:/winavr-20100110/bin/../lib/gcc/avr/4.3.3/../../../../avr/lib/avr5/crtm32u4.o
                0x00000180                __vector_38
                0x00000180                __vector_22
                0x00000180                __vector_28
                0x00000180                __vector_1
                0x00000180                __vector_32
                0x00000180                __vector_34
                0x00000180                __vector_24
                0x00000180                __vector_12
                0x00000180                __bad_interrupt
                0x00000180                __vector_6
                0x00000180                __vector_31
                0x00000180                __vector_35
                0x00000180                __vector_39
                0x00000180                __vector_3
                0x00000180                __vector_23
                0x00000180                __vector_30
                0x00000180                __vector_13
                0x00000180                __vector_17
                0x00000180                __vector_19
                0x00000180                __vector_7
                0x00000180                __vector_41
                0x00000180                __vector_27
                0x00000180                __vector_5
                0x00000180                __vector_33
                0x00000180                __vector_37
                0x00000180                __vector_4
                0x00000180                __vector_9
                0x00000180                __vector_2
                0x00000180                __vector_21
                0x00000180                __vector_15
                0x00000180                __vector_36
                0x00000180                __vector_29
                0x00000180                __vector_40
                0x00000180                __vector_8
                0x00000180                __vector_26
                0x00000180                __vector_14
                0x00000180                __vector_16
                0x00000180                __vector_18
                0x00000180                __vector_20
                0x00000180                __vector_42
                0x00000182                . = ALIGN (0x2)
 *(.text.*)
 .text.LEDs_SetAllLEDs
                0x00000182       0x16 USBtoSerial.o
                0x00000182                LEDs_SetAllLEDs
 .text.LEDs_Init
                0x00000198        0xc USBtoSerial.o
                0x00000198                LEDs_Init
 .text.RingBuffer_Insert
                0x000001a4       0x3e USBtoSerial.o
 .text.RingBuffer_Remove
                0x000001e2       0x3a USBtoSerial.o
 .text.EVENT_USB_Device_Connect
                0x0000021c        0x2 USBtoSerial.o
                0x0000021c                EVENT_USB_Device_Connect
 .text.EVENT_USB_Device_Disconnect
                0x0000021e        0x2 USBtoSerial.o
                0x0000021e                EVENT_USB_Device_Disconnect
 .text.__vector_25
                0x00000220       0x54 USBtoSerial.o
                0x00000220                __vector_25
 .text.EVENT_CDC_Device_LineEncodingChanged
                0x00000274       0x84 USBtoSerial.o
                0x00000274                EVENT_CDC_Device_LineEncodingChanged
 .text.setBaudRate9600
                0x000002f8       0x30 USBtoSerial.o
                0x000002f8                setBaudRate9600
 .text.EVENT_USB_Device_ControlRequest
                0x00000328        0x6 USBtoSerial.o
                0x00000328                EVENT_USB_Device_ControlRequest
 .text.EVENT_USB_Device_ConfigurationChanged
                0x0000032e        0x6 USBtoSerial.o
                0x0000032e                EVENT_USB_Device_ConfigurationChanged
 .text.SetupHardware
                0x00000334       0x34 USBtoSerial.o
                0x00000334                SetupHardware
 .text.main     0x00000368      0x178 USBtoSerial.o
                0x00000368                main
 .text.CALLBACK_USB_GetDescriptor
                0x000004e0       0x5c Descriptors.o
                0x000004e0                CALLBACK_USB_GetDescriptor
 .text.Endpoint_ConfigureEndpoint_Prv
                0x0000053c       0x70 C:/WinAVR-20100110/LUFA-120730/LUFA/Drivers/USB/Core/AVR8/Endpoint_AVR8.o
                0x0000053c                Endpoint_ConfigureEndpoint_Prv
 .text.Endpoint_ConfigureEndpointTable
                0x000005ac       0x78 C:/WinAVR-20100110/LUFA-120730/LUFA/Drivers/USB/Core/AVR8/Endpoint_AVR8.o
                0x000005ac                Endpoint_ConfigureEndpointTable
 .text.Endpoint_ClearStatusStage
                0x00000624       0x3e C:/WinAVR-20100110/LUFA-120730/LUFA/Drivers/USB/Core/AVR8/Endpoint_AVR8.o
                0x00000624                Endpoint_ClearStatusStage
 .text.Endpoint_WaitUntilReady
                0x00000662       0x62 C:/WinAVR-20100110/LUFA-120730/LUFA/Drivers/USB/Core/AVR8/Endpoint_AVR8.o
                0x00000662                Endpoint_WaitUntilReady
 .text.USB_ResetInterface
                0x000006c4       0x86 C:/WinAVR-20100110/LUFA-120730/LUFA/Drivers/USB/Core/AVR8/USBController_AVR8.o
                0x000006c4                USB_ResetInterface
 .text.USB_Init
                0x0000074a       0x16 C:/WinAVR-20100110/LUFA-120730/LUFA/Drivers/USB/Core/AVR8/USBController_AVR8.o
                0x0000074a                USB_Init
 .text.USB_INT_DisableAllInterrupts
                0x00000760       0x10 C:/WinAVR-20100110/LUFA-120730/LUFA/Drivers/USB/Core/AVR8/USBInterrupt_AVR8.o
                0x00000760                USB_INT_DisableAllInterrupts
 .text.USB_INT_ClearAllInterrupts
                0x00000770        0xa C:/WinAVR-20100110/LUFA-120730/LUFA/Drivers/USB/Core/AVR8/USBInterrupt_AVR8.o
                0x00000770                USB_INT_ClearAllInterrupts
 .text.__vector_11
                0x0000077a       0x76 C:/WinAVR-20100110/LUFA-120730/LUFA/Drivers/USB/Core/AVR8/USBInterrupt_AVR8.o
                0x0000077a                __vector_11
 .text.__vector_10
                0x000007f0      0x184 C:/WinAVR-20100110/LUFA-120730/LUFA/Drivers/USB/Core/AVR8/USBInterrupt_AVR8.o
                0x000007f0                __vector_10
 .text.Endpoint_Write_Control_Stream_LE
                0x00000974       0xc8 C:/WinAVR-20100110/LUFA-120730/LUFA/Drivers/USB/Core/AVR8/EndpointStream_AVR8.o
                0x00000974                Endpoint_Write_Control_Stream_LE
 .text.Endpoint_Write_Control_PStream_LE
                0x00000a3c       0xcc C:/WinAVR-20100110/LUFA-120730/LUFA/Drivers/USB/Core/AVR8/EndpointStream_AVR8.o
                0x00000a3c                Endpoint_Write_Control_PStream_LE
 .text.USB_Device_ProcessControlRequest
                0x00000b08      0x2d2 C:/WinAVR-20100110/LUFA-120730/LUFA/Drivers/USB/Core/DeviceStandardReq.o
                0x00000b08                USB_Device_ProcessControlRequest
 .text.USB_Event_Stub
                0x00000dda        0x2 C:/WinAVR-20100110/LUFA-120730/LUFA/Drivers/USB/Core/Events.o
                0x00000dda                EVENT_USB_Device_WakeUp
                0x00000dda                USB_Event_Stub
                0x00000dda                EVENT_USB_Device_Suspend
                0x00000dda                EVENT_USB_Device_StartOfFrame
                0x00000dda                EVENT_USB_Device_Reset
 .text.USB_USBTask
                0x00000ddc       0x28 C:/WinAVR-20100110/LUFA-120730/LUFA/Drivers/USB/Core/USBTask.o
                0x00000ddc                USB_USBTask
 .text.CDC_Device_ReceiveByte
                0x00000e04       0x76 C:/WinAVR-20100110/LUFA-120730/LUFA/Drivers/USB/Class/Device/CDCClassDevice.o
                0x00000e04                CDC_Device_ReceiveByte
 .text.CDC_Device_Event_Stub
                0x00000e7a        0x2 C:/WinAVR-20100110/LUFA-120730/LUFA/Drivers/USB/Class/Device/CDCClassDevice.o
                0x00000e7a                EVENT_CDC_Device_ControLineStateChanged
                0x00000e7a                EVENT_CDC_Device_BreakSent
                0x00000e7a                CDC_Device_Event_Stub
 .text.CDC_Device_Flush
                0x00000e7c       0x66 C:/WinAVR-20100110/LUFA-120730/LUFA/Drivers/USB/Class/Device/CDCClassDevice.o
                0x00000e7c                CDC_Device_Flush
 .text.CDC_Device_USBTask
                0x00000ee2       0x1e C:/WinAVR-20100110/LUFA-120730/LUFA/Drivers/USB/Class/Device/CDCClassDevice.o
                0x00000ee2                CDC_Device_USBTask
 .text.CDC_Device_SendByte
                0x00000f00       0x4a C:/WinAVR-20100110/LUFA-120730/LUFA/Drivers/USB/Class/Device/CDCClassDevice.o
                0x00000f00                CDC_Device_SendByte
 .text.CDC_Device_ConfigureEndpoints
                0x00000f4a       0x4e C:/WinAVR-20100110/LUFA-120730/LUFA/Drivers/USB/Class/Device/CDCClassDevice.o
                0x00000f4a                CDC_Device_ConfigureEndpoints
 .text.CDC_Device_ProcessControlRequest
                0x00000f98      0x158 C:/WinAVR-20100110/LUFA-120730/LUFA/Drivers/USB/Class/Device/CDCClassDevice.o
                0x00000f98                CDC_Device_ProcessControlRequest
 .text.libgcc   0x000010f0       0x44 c:/winavr-20100110/bin/../lib/gcc/avr/4.3.3/avr5\libgcc.a(_udivmodsi4.o)
                0x000010f0                __udivmodsi4
                0x00001134                . = ALIGN (0x2)
 *(.fini9)
 .fini9         0x00001134        0x0 c:/winavr-20100110/bin/../lib/gcc/avr/4.3.3/avr5\libgcc.a(_exit.o)
                0x00001134                exit
                0x00001134                _exit
 *(.fini9)
 *(.fini8)
 *(.fini8)
 *(.fini7)
 *(.fini7)
 *(.fini6)
 *(.fini6)
 *(.fini5)
 *(.fini5)
 *(.fini4)
 *(.fini4)
 *(.fini3)
 *(.fini3)
 *(.fini2)
 *(.fini2)
 *(.fini1)
 *(.fini1)
 *(.fini0)
 .fini0         0x00001134        0x4 c:/winavr-20100110/bin/../lib/gcc/avr/4.3.3/avr5\libgcc.a(_exit.o)
 *(.fini0)
                0x00001138                _etext = .

.data           0x00800100       0x2a load address 0x00001138
                0x00800100                PROVIDE (__data_start, .)
 *(.data)
 .data          0x00800100       0x2a USBtoSerial.o
                0x0080010f                VirtualSerial_CDC_Interface
 *(.data*)
 *(.rodata)
 *(.rodata*)
 *(.gnu.linkonce.d*)
                0x0080012a                . = ALIGN (0x2)
                0x0080012a                _edata = .
                0x0080012a                PROVIDE (__data_end, .)

.bss            0x0080012a      0x124
                0x0080012a                PROVIDE (__bss_start, .)
 *(.bss)
 .bss           0x0080012a      0x118 USBtoSerial.o
 *(.bss*)
 *(COMMON)
 COMMON         0x00800242        0x3 C:/WinAVR-20100110/LUFA-120730/LUFA/Drivers/USB/Core/DeviceStandardReq.o
                0x00800242                USB_Device_ConfigurationNumber
                0x00800243                USB_Device_CurrentlySelfPowered
                0x00800244                USB_Device_RemoteWakeupEnabled
 COMMON         0x00800245        0x9 C:/WinAVR-20100110/LUFA-120730/LUFA/Drivers/USB/Core/USBTask.o
                0x00800245                USB_IsInitialized
                0x00800246                USB_ControlRequest
                0x0080024e                PROVIDE (__bss_end, .)
                0x00001138                __data_load_start = LOADADDR (.data)
                0x00001162                __data_load_end = (__data_load_start + SIZEOF (.data))

.noinit         0x0080024e        0x0
                0x0080024e                PROVIDE (__noinit_start, .)
 *(.noinit*)
                0x0080024e                PROVIDE (__noinit_end, .)
                0x0080024e                _end = .
                0x0080024e                PROVIDE (__heap_start, .)

.eeprom         0x00810000        0x0
 *(.eeprom*)
                0x00810000                __eeprom_end = .

.fuse
 *(.fuse)
 *(.lfuse)
 *(.hfuse)
 *(.efuse)

.lock
 *(.lock*)

.signature
 *(.signature*)

.stab
 *(.stab)

.stabstr
 *(.stabstr)

.stab.excl
 *(.stab.excl)

.stab.exclstr
 *(.stab.exclstr)

.stab.index
 *(.stab.index)

.stab.indexstr
 *(.stab.indexstr)

.comment
 *(.comment)

.debug
 *(.debug)

.line
 *(.line)

.debug_srcinfo
 *(.debug_srcinfo)

.debug_sfnames
 *(.debug_sfnames)

.debug_aranges  0x00000000      0x4b0
 *(.debug_aranges)
 .debug_aranges
                0x00000000       0x80 USBtoSerial.o
 .debug_aranges
                0x00000080       0x20 Descriptors.o
 .debug_aranges
                0x000000a0       0x20 C:/WinAVR-20100110/LUFA-120730/LUFA/Drivers/USB/Core/AVR8/Device_AVR8.o
 .debug_aranges
                0x000000c0       0x40 C:/WinAVR-20100110/LUFA-120730/LUFA/Drivers/USB/Core/AVR8/Endpoint_AVR8.o
 .debug_aranges
                0x00000100       0x30 C:/WinAVR-20100110/LUFA-120730/LUFA/Drivers/USB/Core/AVR8/USBController_AVR8.o
 .debug_aranges
                0x00000130       0x38 C:/WinAVR-20100110/LUFA-120730/LUFA/Drivers/USB/Core/AVR8/USBInterrupt_AVR8.o
 .debug_aranges
                0x00000168       0xc8 C:/WinAVR-20100110/LUFA-120730/LUFA/Drivers/USB/Core/AVR8/EndpointStream_AVR8.o
 .debug_aranges
                0x00000230       0x38 C:/WinAVR-20100110/LUFA-120730/LUFA/Drivers/USB/Core/ConfigDescriptors.o
 .debug_aranges
                0x00000268       0x20 C:/WinAVR-20100110/LUFA-120730/LUFA/Drivers/USB/Core/DeviceStandardReq.o
 .debug_aranges
                0x00000288       0x20 C:/WinAVR-20100110/LUFA-120730/LUFA/Drivers/USB/Core/Events.o
 .debug_aranges
                0x000002a8       0x20 C:/WinAVR-20100110/LUFA-120730/LUFA/Drivers/USB/Core/USBTask.o
 .debug_aranges
                0x000002c8       0x38 C:/WinAVR-20100110/LUFA-120730/LUFA/Drivers/USB/Class/Common/HIDParser.o
 .debug_aranges
                0x00000300       0x30 C:/WinAVR-20100110/LUFA-120730/LUFA/Drivers/USB/Class/Device/AudioClassDevice.o
 .debug_aranges
                0x00000330       0x98 C:/WinAVR-20100110/LUFA-120730/LUFA/Drivers/USB/Class/Device/CDCClassDevice.o
 .debug_aranges
                0x000003c8       0x30 C:/WinAVR-20100110/LUFA-120730/LUFA/Drivers/USB/Class/Device/HIDClassDevice.o
 .debug_aranges
                0x000003f8       0x30 C:/WinAVR-20100110/LUFA-120730/LUFA/Drivers/USB/Class/Device/MassStorageClassDevice.o
 .debug_aranges
                0x00000428       0x40 C:/WinAVR-20100110/LUFA-120730/LUFA/Drivers/USB/Class/Device/MIDIClassDevice.o
 .debug_aranges
                0x00000468       0x48 C:/WinAVR-20100110/LUFA-120730/LUFA/Drivers/USB/Class/Device/RNDISClassDevice.o

.debug_pubnames
                0x00000000      0xce2
 *(.debug_pubnames)
 .debug_pubnames
                0x00000000      0x147 USBtoSerial.o
 .debug_pubnames
                0x00000147       0x9e Descriptors.o
 .debug_pubnames
                0x000001e5       0x32 C:/WinAVR-20100110/LUFA-120730/LUFA/Drivers/USB/Core/AVR8/Device_AVR8.o
 .debug_pubnames
                0x00000217       0xaf C:/WinAVR-20100110/LUFA-120730/LUFA/Drivers/USB/Core/AVR8/Endpoint_AVR8.o
 .debug_pubnames
                0x000002c6       0x46 C:/WinAVR-20100110/LUFA-120730/LUFA/Drivers/USB/Core/AVR8/USBController_AVR8.o
 .debug_pubnames
                0x0000030c       0x72 C:/WinAVR-20100110/LUFA-120730/LUFA/Drivers/USB/Core/AVR8/USBInterrupt_AVR8.o
 .debug_pubnames
                0x0000037e      0x2df C:/WinAVR-20100110/LUFA-120730/LUFA/Drivers/USB/Core/AVR8/EndpointStream_AVR8.o
 .debug_pubnames
                0x0000065d       0x9b C:/WinAVR-20100110/LUFA-120730/LUFA/Drivers/USB/Core/ConfigDescriptors.o
 .debug_pubnames
                0x000006f8       0xa1 C:/WinAVR-20100110/LUFA-120730/LUFA/Drivers/USB/Core/DeviceStandardReq.o
 .debug_pubnames
                0x00000799       0x25 C:/WinAVR-20100110/LUFA-120730/LUFA/Drivers/USB/Core/Events.o
 .debug_pubnames
                0x000007be       0x4f C:/WinAVR-20100110/LUFA-120730/LUFA/Drivers/USB/Core/USBTask.o
 .debug_pubnames
                0x0000080d       0x7e C:/WinAVR-20100110/LUFA-120730/LUFA/Drivers/USB/Class/Common/HIDParser.o
 .debug_pubnames
                0x0000088b       0x79 C:/WinAVR-20100110/LUFA-120730/LUFA/Drivers/USB/Class/Device/AudioClassDevice.o
 .debug_pubnames
                0x00000904      0x18b C:/WinAVR-20100110/LUFA-120730/LUFA/Drivers/USB/Class/Device/CDCClassDevice.o
 .debug_pubnames
                0x00000a8f       0x70 C:/WinAVR-20100110/LUFA-120730/LUFA/Drivers/USB/Class/Device/HIDClassDevice.o
 .debug_pubnames
                0x00000aff       0x6d C:/WinAVR-20100110/LUFA-120730/LUFA/Drivers/USB/Class/Device/MassStorageClassDevice.o
 .debug_pubnames
                0x00000b6c       0xa6 C:/WinAVR-20100110/LUFA-120730/LUFA/Drivers/USB/Class/Device/MIDIClassDevice.o
 .debug_pubnames
                0x00000c12       0xd0 C:/WinAVR-20100110/LUFA-120730/LUFA/Drivers/USB/Class/Device/RNDISClassDevice.o

.debug_info     0x00000000     0x8231
 *(.debug_info)
 .debug_info    0x00000000      0xae4 USBtoSerial.o
 .debug_info    0x00000ae4      0x67f Descriptors.o
 .debug_info    0x00001163       0xc8 C:/WinAVR-20100110/LUFA-120730/LUFA/Drivers/USB/Core/AVR8/Device_AVR8.o
 .debug_info    0x0000122b      0x5e4 C:/WinAVR-20100110/LUFA-120730/LUFA/Drivers/USB/Core/AVR8/Endpoint_AVR8.o
 .debug_info    0x0000180f       0x65 C:/WinAVR-20100110/LUFA-120730/LUFA/Drivers/USB/Core/AVR8/Host_AVR8.o
 .debug_info    0x00001874       0x65 C:/WinAVR-20100110/LUFA-120730/LUFA/Drivers/USB/Core/AVR8/Pipe_AVR8.o
 .debug_info    0x000018d9      0x48e C:/WinAVR-20100110/LUFA-120730/LUFA/Drivers/USB/Core/AVR8/USBController_AVR8.o
 .debug_info    0x00001d67      0x699 C:/WinAVR-20100110/LUFA-120730/LUFA/Drivers/USB/Core/AVR8/USBInterrupt_AVR8.o
 .debug_info    0x00002400     0x156c C:/WinAVR-20100110/LUFA-120730/LUFA/Drivers/USB/Core/AVR8/EndpointStream_AVR8.o
 .debug_info    0x0000396c       0x65 C:/WinAVR-20100110/LUFA-120730/LUFA/Drivers/USB/Core/AVR8/PipeStream_AVR8.o
 .debug_info    0x000039d1      0x34f C:/WinAVR-20100110/LUFA-120730/LUFA/Drivers/USB/Core/ConfigDescriptors.o
 .debug_info    0x00003d20      0x9df C:/WinAVR-20100110/LUFA-120730/LUFA/Drivers/USB/Core/DeviceStandardReq.o
 .debug_info    0x000046ff       0x7d C:/WinAVR-20100110/LUFA-120730/LUFA/Drivers/USB/Core/Events.o
 .debug_info    0x0000477c        0x0 C:/WinAVR-20100110/LUFA-120730/LUFA/Drivers/USB/Core/HostStandardReq.o
 .debug_info    0x0000477c      0x258 C:/WinAVR-20100110/LUFA-120730/LUFA/Drivers/USB/Core/USBTask.o
 .debug_info    0x000049d4      0x6f0 C:/WinAVR-20100110/LUFA-120730/LUFA/Drivers/USB/Class/Common/HIDParser.o
 .debug_info    0x000050c4      0x550 C:/WinAVR-20100110/LUFA-120730/LUFA/Drivers/USB/Class/Device/AudioClassDevice.o
 .debug_info    0x00005614      0xbac C:/WinAVR-20100110/LUFA-120730/LUFA/Drivers/USB/Class/Device/CDCClassDevice.o
 .debug_info    0x000061c0      0x606 C:/WinAVR-20100110/LUFA-120730/LUFA/Drivers/USB/Class/Device/HIDClassDevice.o
 .debug_info    0x000067c6      0x7bc C:/WinAVR-20100110/LUFA-120730/LUFA/Drivers/USB/Class/Device/MassStorageClassDevice.o
 .debug_info    0x00006f82      0x46e C:/WinAVR-20100110/LUFA-120730/LUFA/Drivers/USB/Class/Device/MIDIClassDevice.o
 .debug_info    0x000073f0      0xe41 C:/WinAVR-20100110/LUFA-120730/LUFA/Drivers/USB/Class/Device/RNDISClassDevice.o
 .debug_info    0x00008231        0x0 C:/WinAVR-20100110/LUFA-120730/LUFA/Drivers/USB/Class/Host/AndroidAccessoryClassHost.o
 .debug_info    0x00008231        0x0 C:/WinAVR-20100110/LUFA-120730/LUFA/Drivers/USB/Class/Host/AudioClassHost.o
 .debug_info    0x00008231        0x0 C:/WinAVR-20100110/LUFA-120730/LUFA/Drivers/USB/Class/Host/CDCClassHost.o
 .debug_info    0x00008231        0x0 C:/WinAVR-20100110/LUFA-120730/LUFA/Drivers/USB/Class/Host/HIDClassHost.o
 .debug_info    0x00008231        0x0 C:/WinAVR-20100110/LUFA-120730/LUFA/Drivers/USB/Class/Host/MassStorageClassHost.o
 .debug_info    0x00008231        0x0 C:/WinAVR-20100110/LUFA-120730/LUFA/Drivers/USB/Class/Host/MIDIClassHost.o
 .debug_info    0x00008231        0x0 C:/WinAVR-20100110/LUFA-120730/LUFA/Drivers/USB/Class/Host/PrinterClassHost.o
 .debug_info    0x00008231        0x0 C:/WinAVR-20100110/LUFA-120730/LUFA/Drivers/USB/Class/Host/RNDISClassHost.o
 .debug_info    0x00008231        0x0 C:/WinAVR-20100110/LUFA-120730/LUFA/Drivers/USB/Class/Host/StillImageClassHost.o
 *(.gnu.linkonce.wi.*)

.debug_abbrev   0x00000000     0x1fc8
 *(.debug_abbrev)
 .debug_abbrev  0x00000000      0x2f7 USBtoSerial.o
 .debug_abbrev  0x000002f7      0x13e Descriptors.o
 .debug_abbrev  0x00000435       0x7b C:/WinAVR-20100110/LUFA-120730/LUFA/Drivers/USB/Core/AVR8/Device_AVR8.o
 .debug_abbrev  0x000004b0      0x1f6 C:/WinAVR-20100110/LUFA-120730/LUFA/Drivers/USB/Core/AVR8/Endpoint_AVR8.o
 .debug_abbrev  0x000006a6       0x35 C:/WinAVR-20100110/LUFA-120730/LUFA/Drivers/USB/Core/AVR8/Host_AVR8.o
 .debug_abbrev  0x000006db       0x35 C:/WinAVR-20100110/LUFA-120730/LUFA/Drivers/USB/Core/AVR8/Pipe_AVR8.o
 .debug_abbrev  0x00000710      0x145 C:/WinAVR-20100110/LUFA-120730/LUFA/Drivers/USB/Core/AVR8/USBController_AVR8.o
 .debug_abbrev  0x00000855      0x1e3 C:/WinAVR-20100110/LUFA-120730/LUFA/Drivers/USB/Core/AVR8/USBInterrupt_AVR8.o
 .debug_abbrev  0x00000a38      0x1b6 C:/WinAVR-20100110/LUFA-120730/LUFA/Drivers/USB/Core/AVR8/EndpointStream_AVR8.o
 .debug_abbrev  0x00000bee       0x35 C:/WinAVR-20100110/LUFA-120730/LUFA/Drivers/USB/Core/AVR8/PipeStream_AVR8.o
 .debug_abbrev  0x00000c23      0x15e C:/WinAVR-20100110/LUFA-120730/LUFA/Drivers/USB/Core/ConfigDescriptors.o
 .debug_abbrev  0x00000d81      0x228 C:/WinAVR-20100110/LUFA-120730/LUFA/Drivers/USB/Core/DeviceStandardReq.o
 .debug_abbrev  0x00000fa9       0x4c C:/WinAVR-20100110/LUFA-120730/LUFA/Drivers/USB/Core/Events.o
 .debug_abbrev  0x00000ff5        0x1 C:/WinAVR-20100110/LUFA-120730/LUFA/Drivers/USB/Core/HostStandardReq.o
 .debug_abbrev  0x00000ff6      0x176 C:/WinAVR-20100110/LUFA-120730/LUFA/Drivers/USB/Core/USBTask.o
 .debug_abbrev  0x0000116c      0x1e9 C:/WinAVR-20100110/LUFA-120730/LUFA/Drivers/USB/Class/Common/HIDParser.o
 .debug_abbrev  0x00001355      0x16b C:/WinAVR-20100110/LUFA-120730/LUFA/Drivers/USB/Class/Device/AudioClassDevice.o
 .debug_abbrev  0x000014c0      0x2fd C:/WinAVR-20100110/LUFA-120730/LUFA/Drivers/USB/Class/Device/CDCClassDevice.o
 .debug_abbrev  0x000017bd      0x1b3 C:/WinAVR-20100110/LUFA-120730/LUFA/Drivers/USB/Class/Device/HIDClassDevice.o
 .debug_abbrev  0x00001970      0x211 C:/WinAVR-20100110/LUFA-120730/LUFA/Drivers/USB/Class/Device/MassStorageClassDevice.o
 .debug_abbrev  0x00001b81      0x18c C:/WinAVR-20100110/LUFA-120730/LUFA/Drivers/USB/Class/Device/MIDIClassDevice.o
 .debug_abbrev  0x00001d0d      0x2b2 C:/WinAVR-20100110/LUFA-120730/LUFA/Drivers/USB/Class/Device/RNDISClassDevice.o
 .debug_abbrev  0x00001fbf        0x1 C:/WinAVR-20100110/LUFA-120730/LUFA/Drivers/USB/Class/Host/AndroidAccessoryClassHost.o
 .debug_abbrev  0x00001fc0        0x1 C:/WinAVR-20100110/LUFA-120730/LUFA/Drivers/USB/Class/Host/AudioClassHost.o
 .debug_abbrev  0x00001fc1        0x1 C:/WinAVR-20100110/LUFA-120730/LUFA/Drivers/USB/Class/Host/CDCClassHost.o
 .debug_abbrev  0x00001fc2        0x1 C:/WinAVR-20100110/LUFA-120730/LUFA/Drivers/USB/Class/Host/HIDClassHost.o
 .debug_abbrev  0x00001fc3        0x1 C:/WinAVR-20100110/LUFA-120730/LUFA/Drivers/USB/Class/Host/MassStorageClassHost.o
 .debug_abbrev  0x00001fc4        0x1 C:/WinAVR-20100110/LUFA-120730/LUFA/Drivers/USB/Class/Host/MIDIClassHost.o
 .debug_abbrev  0x00001fc5        0x1 C:/WinAVR-20100110/LUFA-120730/LUFA/Drivers/USB/Class/Host/PrinterClassHost.o
 .debug_abbrev  0x00001fc6        0x1 C:/WinAVR-20100110/LUFA-120730/LUFA/Drivers/USB/Class/Host/RNDISClassHost.o
 .debug_abbrev  0x00001fc7        0x1 C:/WinAVR-20100110/LUFA-120730/LUFA/Drivers/USB/Class/Host/StillImageClassHost.o

.debug_line     0x00000000    0x120a2
 *(.debug_line)
 .debug_line    0x00000000     0x177c USBtoSerial.o
 .debug_line    0x0000177c      0xdde Descriptors.o
 .debug_line    0x0000255a      0x9da C:/WinAVR-20100110/LUFA-120730/LUFA/Drivers/USB/Core/AVR8/Device_AVR8.o
 .debug_line    0x00002f34      0xc5c C:/WinAVR-20100110/LUFA-120730/LUFA/Drivers/USB/Core/AVR8/Endpoint_AVR8.o
 .debug_line    0x00003b90      0x3f1 C:/WinAVR-20100110/LUFA-120730/LUFA/Drivers/USB/Core/AVR8/Host_AVR8.o
 .debug_line    0x00003f81      0x3f1 C:/WinAVR-20100110/LUFA-120730/LUFA/Drivers/USB/Core/AVR8/Pipe_AVR8.o
 .debug_line    0x00004372      0x96b C:/WinAVR-20100110/LUFA-120730/LUFA/Drivers/USB/Core/AVR8/USBController_AVR8.o
 .debug_line    0x00004cdd      0xcfa C:/WinAVR-20100110/LUFA-120730/LUFA/Drivers/USB/Core/AVR8/USBInterrupt_AVR8.o
 .debug_line    0x000059d7     0x1e21 C:/WinAVR-20100110/LUFA-120730/LUFA/Drivers/USB/Core/AVR8/EndpointStream_AVR8.o
 .debug_line    0x000077f8      0x3f7 C:/WinAVR-20100110/LUFA-120730/LUFA/Drivers/USB/Core/AVR8/PipeStream_AVR8.o
 .debug_line    0x00007bef      0x90f C:/WinAVR-20100110/LUFA-120730/LUFA/Drivers/USB/Core/ConfigDescriptors.o
 .debug_line    0x000084fe      0xba2 C:/WinAVR-20100110/LUFA-120730/LUFA/Drivers/USB/Core/DeviceStandardReq.o
 .debug_line    0x000090a0      0x3c7 C:/WinAVR-20100110/LUFA-120730/LUFA/Drivers/USB/Core/Events.o
 .debug_line    0x00009467       0x7b C:/WinAVR-20100110/LUFA-120730/LUFA/Drivers/USB/Core/HostStandardReq.o
 .debug_line    0x000094e2      0x834 C:/WinAVR-20100110/LUFA-120730/LUFA/Drivers/USB/Core/USBTask.o
 .debug_line    0x00009d16      0x9ac C:/WinAVR-20100110/LUFA-120730/LUFA/Drivers/USB/Class/Common/HIDParser.o
 .debug_line    0x0000a6c2     0x115d C:/WinAVR-20100110/LUFA-120730/LUFA/Drivers/USB/Class/Device/AudioClassDevice.o
 .debug_line    0x0000b81f     0x1560 C:/WinAVR-20100110/LUFA-120730/LUFA/Drivers/USB/Class/Device/CDCClassDevice.o
 .debug_line    0x0000cd7f     0x12cd C:/WinAVR-20100110/LUFA-120730/LUFA/Drivers/USB/Class/Device/HIDClassDevice.o
 .debug_line    0x0000e04c     0x12f4 C:/WinAVR-20100110/LUFA-120730/LUFA/Drivers/USB/Class/Device/MassStorageClassDevice.o
 .debug_line    0x0000f340     0x115d C:/WinAVR-20100110/LUFA-120730/LUFA/Drivers/USB/Class/Device/MIDIClassDevice.o
 .debug_line    0x0001049d     0x1499 C:/WinAVR-20100110/LUFA-120730/LUFA/Drivers/USB/Class/Device/RNDISClassDevice.o
 .debug_line    0x00011936       0xdc C:/WinAVR-20100110/LUFA-120730/LUFA/Drivers/USB/Class/Host/AndroidAccessoryClassHost.o
 .debug_line    0x00011a12       0xd1 C:/WinAVR-20100110/LUFA-120730/LUFA/Drivers/USB/Class/Host/AudioClassHost.o
 .debug_line    0x00011ae3       0xcf C:/WinAVR-20100110/LUFA-120730/LUFA/Drivers/USB/Class/Host/CDCClassHost.o
 .debug_line    0x00011bb2       0xcf C:/WinAVR-20100110/LUFA-120730/LUFA/Drivers/USB/Class/Host/HIDClassHost.o
 .debug_line    0x00011c81       0xd7 C:/WinAVR-20100110/LUFA-120730/LUFA/Drivers/USB/Class/Host/MassStorageClassHost.o
 .debug_line    0x00011d58       0xd0 C:/WinAVR-20100110/LUFA-120730/LUFA/Drivers/USB/Class/Host/MIDIClassHost.o
 .debug_line    0x00011e28       0xd3 C:/WinAVR-20100110/LUFA-120730/LUFA/Drivers/USB/Class/Host/PrinterClassHost.o
 .debug_line    0x00011efb       0xd1 C:/WinAVR-20100110/LUFA-120730/LUFA/Drivers/USB/Class/Host/RNDISClassHost.o
 .debug_line    0x00011fcc       0xd6 C:/WinAVR-20100110/LUFA-120730/LUFA/Drivers/USB/Class/Host/StillImageClassHost.o

.debug_frame    0x00000000      0x720
 *(.debug_frame)
 .debug_frame   0x00000000       0xe0 USBtoSerial.o
 .debug_frame   0x000000e0       0x20 Descriptors.o
 .debug_frame   0x00000100       0x20 C:/WinAVR-20100110/LUFA-120730/LUFA/Drivers/USB/Core/AVR8/Device_AVR8.o
 .debug_frame   0x00000120       0x60 C:/WinAVR-20100110/LUFA-120730/LUFA/Drivers/USB/Core/AVR8/Endpoint_AVR8.o
 .debug_frame   0x00000180       0x40 C:/WinAVR-20100110/LUFA-120730/LUFA/Drivers/USB/Core/AVR8/USBController_AVR8.o
 .debug_frame   0x000001c0       0x50 C:/WinAVR-20100110/LUFA-120730/LUFA/Drivers/USB/Core/AVR8/USBInterrupt_AVR8.o
 .debug_frame   0x00000210      0x170 C:/WinAVR-20100110/LUFA-120730/LUFA/Drivers/USB/Core/AVR8/EndpointStream_AVR8.o
 .debug_frame   0x00000380       0x50 C:/WinAVR-20100110/LUFA-120730/LUFA/Drivers/USB/Core/ConfigDescriptors.o
 .debug_frame   0x000003d0       0x20 C:/WinAVR-20100110/LUFA-120730/LUFA/Drivers/USB/Core/DeviceStandardReq.o
 .debug_frame   0x000003f0       0x20 C:/WinAVR-20100110/LUFA-120730/LUFA/Drivers/USB/Core/Events.o
 .debug_frame   0x00000410       0x20 C:/WinAVR-20100110/LUFA-120730/LUFA/Drivers/USB/Core/USBTask.o
 .debug_frame   0x00000430       0x50 C:/WinAVR-20100110/LUFA-120730/LUFA/Drivers/USB/Class/Common/HIDParser.o
 .debug_frame   0x00000480       0x40 C:/WinAVR-20100110/LUFA-120730/LUFA/Drivers/USB/Class/Device/AudioClassDevice.o
 .debug_frame   0x000004c0      0x110 C:/WinAVR-20100110/LUFA-120730/LUFA/Drivers/USB/Class/Device/CDCClassDevice.o
 .debug_frame   0x000005d0       0x40 C:/WinAVR-20100110/LUFA-120730/LUFA/Drivers/USB/Class/Device/HIDClassDevice.o
 .debug_frame   0x00000610       0x40 C:/WinAVR-20100110/LUFA-120730/LUFA/Drivers/USB/Class/Device/MassStorageClassDevice.o
 .debug_frame   0x00000650       0x60 C:/WinAVR-20100110/LUFA-120730/LUFA/Drivers/USB/Class/Device/MIDIClassDevice.o
 .debug_frame   0x000006b0       0x70 C:/WinAVR-20100110/LUFA-120730/LUFA/Drivers/USB/Class/Device/RNDISClassDevice.o

.debug_str      0x00000000     0x36ee
 *(.debug_str)
 .debug_str     0x00000000      0x785 USBtoSerial.o
                                0x812 (size before relaxing)
 .debug_str     0x00000785      0x531 Descriptors.o
                                0x695 (size before relaxing)
 .debug_str     0x00000cb6       0x90 C:/WinAVR-20100110/LUFA-120730/LUFA/Drivers/USB/Core/AVR8/Device_AVR8.o
                                0x172 (size before relaxing)
 .debug_str     0x00000d46      0x2eb C:/WinAVR-20100110/LUFA-120730/LUFA/Drivers/USB/Core/AVR8/Endpoint_AVR8.o
                                0x58c (size before relaxing)
 .debug_str     0x00001031       0x46 C:/WinAVR-20100110/LUFA-120730/LUFA/Drivers/USB/Core/AVR8/Host_AVR8.o
                                0x122 (size before relaxing)
 .debug_str     0x00001077       0x46 C:/WinAVR-20100110/LUFA-120730/LUFA/Drivers/USB/Core/AVR8/Pipe_AVR8.o
                                0x122 (size before relaxing)
 .debug_str     0x000010bd      0x266 C:/WinAVR-20100110/LUFA-120730/LUFA/Drivers/USB/Core/AVR8/USBController_AVR8.o
                                0x474 (size before relaxing)
 .debug_str     0x00001323      0x155 C:/WinAVR-20100110/LUFA-120730/LUFA/Drivers/USB/Core/AVR8/USBInterrupt_AVR8.o
                                0x46f (size before relaxing)
 .debug_str     0x00001478      0x516 C:/WinAVR-20100110/LUFA-120730/LUFA/Drivers/USB/Core/AVR8/EndpointStream_AVR8.o
                                0x790 (size before relaxing)
 .debug_str     0x0000198e       0x4c C:/WinAVR-20100110/LUFA-120730/LUFA/Drivers/USB/Core/AVR8/PipeStream_AVR8.o
                                0x128 (size before relaxing)
 .debug_str     0x000019da      0x236 C:/WinAVR-20100110/LUFA-120730/LUFA/Drivers/USB/Core/ConfigDescriptors.o
                                0x340 (size before relaxing)
 .debug_str     0x00001c10      0x39d C:/WinAVR-20100110/LUFA-120730/LUFA/Drivers/USB/Core/DeviceStandardReq.o
                                0x857 (size before relaxing)
 .debug_str     0x00001fad       0x4d C:/WinAVR-20100110/LUFA-120730/LUFA/Drivers/USB/Core/Events.o
                                0x129 (size before relaxing)
 .debug_str     0x00001ffa       0x67 C:/WinAVR-20100110/LUFA-120730/LUFA/Drivers/USB/Core/USBTask.o
                                0x2d0 (size before relaxing)
 .debug_str     0x00002061      0x49a C:/WinAVR-20100110/LUFA-120730/LUFA/Drivers/USB/Class/Common/HIDParser.o
                                0x617 (size before relaxing)
 .debug_str     0x000024fb      0x252 C:/WinAVR-20100110/LUFA-120730/LUFA/Drivers/USB/Class/Device/AudioClassDevice.o
                                0x550 (size before relaxing)
 .debug_str     0x0000274d      0x313 C:/WinAVR-20100110/LUFA-120730/LUFA/Drivers/USB/Class/Device/CDCClassDevice.o
                                0x904 (size before relaxing)
 .debug_str     0x00002a60      0x206 C:/WinAVR-20100110/LUFA-120730/LUFA/Drivers/USB/Class/Device/HIDClassDevice.o
                                0x57f (size before relaxing)
 .debug_str     0x00002c66      0x256 C:/WinAVR-20100110/LUFA-120730/LUFA/Drivers/USB/Class/Device/MassStorageClassDevice.o
                                0x6e0 (size before relaxing)
 .debug_str     0x00002ebc      0x131 C:/WinAVR-20100110/LUFA-120730/LUFA/Drivers/USB/Class/Device/MIDIClassDevice.o
                                0x554 (size before relaxing)
 .debug_str     0x00002fed      0x701 C:/WinAVR-20100110/LUFA-120730/LUFA/Drivers/USB/Class/Device/RNDISClassDevice.o
                                0xc18 (size before relaxing)

.debug_loc      0x00000000     0x360d
 *(.debug_loc)
 .debug_loc     0x00000000      0x26c USBtoSerial.o
 .debug_loc     0x0000026c      0x160 Descriptors.o
 .debug_loc     0x000003cc      0x11c C:/WinAVR-20100110/LUFA-120730/LUFA/Drivers/USB/Core/AVR8/Endpoint_AVR8.o
 .debug_loc     0x000004e8     0x1886 C:/WinAVR-20100110/LUFA-120730/LUFA/Drivers/USB/Core/AVR8/EndpointStream_AVR8.o
 .debug_loc     0x00001d6e      0x2c7 C:/WinAVR-20100110/LUFA-120730/LUFA/Drivers/USB/Core/ConfigDescriptors.o
 .debug_loc     0x00002035      0x25a C:/WinAVR-20100110/LUFA-120730/LUFA/Drivers/USB/Core/DeviceStandardReq.o
 .debug_loc     0x0000228f      0x538 C:/WinAVR-20100110/LUFA-120730/LUFA/Drivers/USB/Class/Common/HIDParser.o
 .debug_loc     0x000027c7      0x25d C:/WinAVR-20100110/LUFA-120730/LUFA/Drivers/USB/Class/Device/AudioClassDevice.o
 .debug_loc     0x00002a24      0x42c C:/WinAVR-20100110/LUFA-120730/LUFA/Drivers/USB/Class/Device/CDCClassDevice.o
 .debug_loc     0x00002e50      0x141 C:/WinAVR-20100110/LUFA-120730/LUFA/Drivers/USB/Class/Device/HIDClassDevice.o
 .debug_loc     0x00002f91       0x96 C:/WinAVR-20100110/LUFA-120730/LUFA/Drivers/USB/Class/Device/MassStorageClassDevice.o
 .debug_loc     0x00003027      0x19a C:/WinAVR-20100110/LUFA-120730/LUFA/Drivers/USB/Class/Device/MIDIClassDevice.o
 .debug_loc     0x000031c1      0x44c C:/WinAVR-20100110/LUFA-120730/LUFA/Drivers/USB/Class/Device/RNDISClassDevice.o

.debug_macinfo  0x00000000   0x15f047
 *(.debug_macinfo)
 .debug_macinfo
                0x00000000    0x15562 USBtoSerial.o
 .debug_macinfo
                0x00015562    0x14107 Descriptors.o
 .debug_macinfo
                0x00029669     0xdc32 C:/WinAVR-20100110/LUFA-120730/LUFA/Drivers/USB/Core/AVR8/Device_AVR8.o
 .debug_macinfo
                0x0003729b     0xdc3a C:/WinAVR-20100110/LUFA-120730/LUFA/Drivers/USB/Core/AVR8/Endpoint_AVR8.o
 .debug_macinfo
                0x00044ed5     0xd0c7 C:/WinAVR-20100110/LUFA-120730/LUFA/Drivers/USB/Core/AVR8/Host_AVR8.o
 .debug_macinfo
                0x00051f9c     0xd0c7 C:/WinAVR-20100110/LUFA-120730/LUFA/Drivers/USB/Core/AVR8/Pipe_AVR8.o
 .debug_macinfo
                0x0005f063     0xdc35 C:/WinAVR-20100110/LUFA-120730/LUFA/Drivers/USB/Core/AVR8/USBController_AVR8.o
 .debug_macinfo
                0x0006cc98     0xdc26 C:/WinAVR-20100110/LUFA-120730/LUFA/Drivers/USB/Core/AVR8/USBInterrupt_AVR8.o
 .debug_macinfo
                0x0007a8be     0xfb11 C:/WinAVR-20100110/LUFA-120730/LUFA/Drivers/USB/Core/AVR8/EndpointStream_AVR8.o
 .debug_macinfo
                0x0008a3cf     0xd0c7 C:/WinAVR-20100110/LUFA-120730/LUFA/Drivers/USB/Core/AVR8/PipeStream_AVR8.o
 .debug_macinfo
                0x00097496     0xddb6 C:/WinAVR-20100110/LUFA-120730/LUFA/Drivers/USB/Core/ConfigDescriptors.o
 .debug_macinfo
                0x000a524c     0xdc0d C:/WinAVR-20100110/LUFA-120730/LUFA/Drivers/USB/Core/DeviceStandardReq.o
 .debug_macinfo
                0x000b2e59     0xd0f9 C:/WinAVR-20100110/LUFA-120730/LUFA/Drivers/USB/Core/Events.o
 .debug_macinfo
                0x000bff52      0xc7b C:/WinAVR-20100110/LUFA-120730/LUFA/Drivers/USB/Core/HostStandardReq.o
 .debug_macinfo
                0x000c0bcd     0xdc3a C:/WinAVR-20100110/LUFA-120730/LUFA/Drivers/USB/Core/USBTask.o
 .debug_macinfo
                0x000ce807    0x111f0 C:/WinAVR-20100110/LUFA-120730/LUFA/Drivers/USB/Class/Common/HIDParser.o
 .debug_macinfo
                0x000df9f7    0x140fe C:/WinAVR-20100110/LUFA-120730/LUFA/Drivers/USB/Class/Device/AudioClassDevice.o
 .debug_macinfo
                0x000f3af5    0x140fa C:/WinAVR-20100110/LUFA-120730/LUFA/Drivers/USB/Class/Device/CDCClassDevice.o
 .debug_macinfo
                0x00107bef    0x140fe C:/WinAVR-20100110/LUFA-120730/LUFA/Drivers/USB/Class/Device/HIDClassDevice.o
 .debug_macinfo
                0x0011bced    0x14105 C:/WinAVR-20100110/LUFA-120730/LUFA/Drivers/USB/Class/Device/MassStorageClassDevice.o
 .debug_macinfo
                0x0012fdf2    0x14100 C:/WinAVR-20100110/LUFA-120730/LUFA/Drivers/USB/Class/Device/MIDIClassDevice.o
 .debug_macinfo
                0x00143ef2    0x14102 C:/WinAVR-20100110/LUFA-120730/LUFA/Drivers/USB/Class/Device/RNDISClassDevice.o
 .debug_macinfo
                0x00157ff4      0xc7b C:/WinAVR-20100110/LUFA-120730/LUFA/Drivers/USB/Class/Host/AndroidAccessoryClassHost.o
 .debug_macinfo
                0x00158c6f      0xc7b C:/WinAVR-20100110/LUFA-120730/LUFA/Drivers/USB/Class/Host/AudioClassHost.o
 .debug_macinfo
                0x001598ea      0xc7b C:/WinAVR-20100110/LUFA-120730/LUFA/Drivers/USB/Class/Host/CDCClassHost.o
 .debug_macinfo
                0x0015a565      0xc7b C:/WinAVR-20100110/LUFA-120730/LUFA/Drivers/USB/Class/Host/HIDClassHost.o
 .debug_macinfo
                0x0015b1e0      0xc7b C:/WinAVR-20100110/LUFA-120730/LUFA/Drivers/USB/Class/Host/MassStorageClassHost.o
 .debug_macinfo
                0x0015be5b      0xc7b C:/WinAVR-20100110/LUFA-120730/LUFA/Drivers/USB/Class/Host/MIDIClassHost.o
 .debug_macinfo
                0x0015cad6      0xc7b C:/WinAVR-20100110/LUFA-120730/LUFA/Drivers/USB/Class/Host/PrinterClassHost.o
 .debug_macinfo
                0x0015d751      0xc7b C:/WinAVR-20100110/LUFA-120730/LUFA/Drivers/USB/Class/Host/RNDISClassHost.o
 .debug_macinfo
                0x0015e3cc      0xc7b C:/WinAVR-20100110/LUFA-120730/LUFA/Drivers/USB/Class/Host/StillImageClassHost.o
OUTPUT(USBtoSerial.elf elf32-avr)
LOAD linker stubs

.debug_ranges   0x00000000      0x5a0
 .debug_ranges  0x00000000       0x78 USBtoSerial.o
 .debug_ranges  0x00000078       0x18 Descriptors.o
 .debug_ranges  0x00000090       0x18 C:/WinAVR-20100110/LUFA-120730/LUFA/Drivers/USB/Core/AVR8/Device_AVR8.o
 .debug_ranges  0x000000a8       0x50 C:/WinAVR-20100110/LUFA-120730/LUFA/Drivers/USB/Core/AVR8/Endpoint_AVR8.o
 .debug_ranges  0x000000f8       0x28 C:/WinAVR-20100110/LUFA-120730/LUFA/Drivers/USB/Core/AVR8/USBController_AVR8.o
 .debug_ranges  0x00000120       0x30 C:/WinAVR-20100110/LUFA-120730/LUFA/Drivers/USB/Core/AVR8/USBInterrupt_AVR8.o
 .debug_ranges  0x00000150       0xc0 C:/WinAVR-20100110/LUFA-120730/LUFA/Drivers/USB/Core/AVR8/EndpointStream_AVR8.o
 .debug_ranges  0x00000210       0x30 C:/WinAVR-20100110/LUFA-120730/LUFA/Drivers/USB/Core/ConfigDescriptors.o
 .debug_ranges  0x00000240       0x78 C:/WinAVR-20100110/LUFA-120730/LUFA/Drivers/USB/Core/DeviceStandardReq.o
 .debug_ranges  0x000002b8       0x18 C:/WinAVR-20100110/LUFA-120730/LUFA/Drivers/USB/Core/Events.o
 .debug_ranges  0x000002d0       0x18 C:/WinAVR-20100110/LUFA-120730/LUFA/Drivers/USB/Core/USBTask.o
 .debug_ranges  0x000002e8       0xa0 C:/WinAVR-20100110/LUFA-120730/LUFA/Drivers/USB/Class/Common/HIDParser.o
 .debug_ranges  0x00000388       0x28 C:/WinAVR-20100110/LUFA-120730/LUFA/Drivers/USB/Class/Device/AudioClassDevice.o
 .debug_ranges  0x000003b0       0x90 C:/WinAVR-20100110/LUFA-120730/LUFA/Drivers/USB/Class/Device/CDCClassDevice.o
 .debug_ranges  0x00000440       0x28 C:/WinAVR-20100110/LUFA-120730/LUFA/Drivers/USB/Class/Device/HIDClassDevice.o
 .debug_ranges  0x00000468       0x78 C:/WinAVR-20100110/LUFA-120730/LUFA/Drivers/USB/Class/Device/MassStorageClassDevice.o
 .debug_ranges  0x000004e0       0x38 C:/WinAVR-20100110/LUFA-120730/LUFA/Drivers/USB/Class/Device/MIDIClassDevice.o
 .debug_ranges  0x00000518       0x88 C:/WinAVR-20100110/LUFA-120730/LUFA/Drivers/USB/Class/Device/RNDISClassDevice.o

Cross Reference Table

Symbol                                            File
Audio_Device_ConfigureEndpoints                   C:/WinAVR-20100110/LUFA-120730/LUFA/Drivers/USB/Class/Device/AudioClassDevice.o
Audio_Device_Event_Stub                           C:/WinAVR-20100110/LUFA-120730/LUFA/Drivers/USB/Class/Device/AudioClassDevice.o
Audio_Device_ProcessControlRequest                C:/WinAVR-20100110/LUFA-120730/LUFA/Drivers/USB/Class/Device/AudioClassDevice.o
CALLBACK_Audio_Device_GetSetEndpointProperty      C:/WinAVR-20100110/LUFA-120730/LUFA/Drivers/USB/Class/Device/AudioClassDevice.o
CALLBACK_Audio_Device_GetSetInterfaceProperty     C:/WinAVR-20100110/LUFA-120730/LUFA/Drivers/USB/Class/Device/AudioClassDevice.o
CALLBACK_HIDParser_FilterHIDReportItem            C:/WinAVR-20100110/LUFA-120730/LUFA/Drivers/USB/Class/Common/HIDParser.o
CALLBACK_HID_Device_CreateHIDReport               C:/WinAVR-20100110/LUFA-120730/LUFA/Drivers/USB/Class/Device/HIDClassDevice.o
CALLBACK_HID_Device_ProcessHIDReport              C:/WinAVR-20100110/LUFA-120730/LUFA/Drivers/USB/Class/Device/HIDClassDevice.o
CALLBACK_MS_Device_SCSICommandReceived            C:/WinAVR-20100110/LUFA-120730/LUFA/Drivers/USB/Class/Device/MassStorageClassDevice.o
CALLBACK_USB_GetDescriptor                        Descriptors.o
                                                  C:/WinAVR-20100110/LUFA-120730/LUFA/Drivers/USB/Core/DeviceStandardReq.o
CDC_Device_BytesReceived                          C:/WinAVR-20100110/LUFA-120730/LUFA/Drivers/USB/Class/Device/CDCClassDevice.o
CDC_Device_ConfigureEndpoints                     C:/WinAVR-20100110/LUFA-120730/LUFA/Drivers/USB/Class/Device/CDCClassDevice.o
                                                  USBtoSerial.o
CDC_Device_CreateBlockingStream                   C:/WinAVR-20100110/LUFA-120730/LUFA/Drivers/USB/Class/Device/CDCClassDevice.o
CDC_Device_CreateStream                           C:/WinAVR-20100110/LUFA-120730/LUFA/Drivers/USB/Class/Device/CDCClassDevice.o
CDC_Device_Event_Stub                             C:/WinAVR-20100110/LUFA-120730/LUFA/Drivers/USB/Class/Device/CDCClassDevice.o
CDC_Device_Flush                                  C:/WinAVR-20100110/LUFA-120730/LUFA/Drivers/USB/Class/Device/CDCClassDevice.o
CDC_Device_ProcessControlRequest                  C:/WinAVR-20100110/LUFA-120730/LUFA/Drivers/USB/Class/Device/CDCClassDevice.o
                                                  USBtoSerial.o
CDC_Device_ReceiveByte                            C:/WinAVR-20100110/LUFA-120730/LUFA/Drivers/USB/Class/Device/CDCClassDevice.o
                                                  USBtoSerial.o
CDC_Device_SendByte                               C:/WinAVR-20100110/LUFA-120730/LUFA/Drivers/USB/Class/Device/CDCClassDevice.o
                                                  USBtoSerial.o
CDC_Device_SendControlLineStateChange             C:/WinAVR-20100110/LUFA-120730/LUFA/Drivers/USB/Class/Device/CDCClassDevice.o
CDC_Device_SendData                               C:/WinAVR-20100110/LUFA-120730/LUFA/Drivers/USB/Class/Device/CDCClassDevice.o
CDC_Device_SendString                             C:/WinAVR-20100110/LUFA-120730/LUFA/Drivers/USB/Class/Device/CDCClassDevice.o
CDC_Device_USBTask                                C:/WinAVR-20100110/LUFA-120730/LUFA/Drivers/USB/Class/Device/CDCClassDevice.o
                                                  USBtoSerial.o
ConfigurationDescriptor                           Descriptors.o
DeviceDescriptor                                  Descriptors.o
EVENT_Audio_Device_StreamStartStop                C:/WinAVR-20100110/LUFA-120730/LUFA/Drivers/USB/Class/Device/AudioClassDevice.o
EVENT_CDC_Device_BreakSent                        C:/WinAVR-20100110/LUFA-120730/LUFA/Drivers/USB/Class/Device/CDCClassDevice.o
EVENT_CDC_Device_ControLineStateChanged           C:/WinAVR-20100110/LUFA-120730/LUFA/Drivers/USB/Class/Device/CDCClassDevice.o
EVENT_CDC_Device_LineEncodingChanged              USBtoSerial.o
EVENT_USB_Device_ConfigurationChanged             USBtoSerial.o
                                                  C:/WinAVR-20100110/LUFA-120730/LUFA/Drivers/USB/Core/DeviceStandardReq.o
EVENT_USB_Device_Connect                          USBtoSerial.o
                                                  C:/WinAVR-20100110/LUFA-120730/LUFA/Drivers/USB/Core/AVR8/USBInterrupt_AVR8.o
EVENT_USB_Device_ControlRequest                   USBtoSerial.o
                                                  C:/WinAVR-20100110/LUFA-120730/LUFA/Drivers/USB/Core/DeviceStandardReq.o
EVENT_USB_Device_Disconnect                       USBtoSerial.o
                                                  C:/WinAVR-20100110/LUFA-120730/LUFA/Drivers/USB/Core/AVR8/USBInterrupt_AVR8.o
EVENT_USB_Device_Reset                            C:/WinAVR-20100110/LUFA-120730/LUFA/Drivers/USB/Core/Events.o
                                                  C:/WinAVR-20100110/LUFA-120730/LUFA/Drivers/USB/Core/AVR8/USBInterrupt_AVR8.o
EVENT_USB_Device_StartOfFrame                     C:/WinAVR-20100110/LUFA-120730/LUFA/Drivers/USB/Core/Events.o
                                                  C:/WinAVR-20100110/LUFA-120730/LUFA/Drivers/USB/Core/AVR8/USBInterrupt_AVR8.o
EVENT_USB_Device_Suspend                          C:/WinAVR-20100110/LUFA-120730/LUFA/Drivers/USB/Core/Events.o
                                                  C:/WinAVR-20100110/LUFA-120730/LUFA/Drivers/USB/Core/AVR8/USBInterrupt_AVR8.o
EVENT_USB_Device_WakeUp                           C:/WinAVR-20100110/LUFA-120730/LUFA/Drivers/USB/Core/Events.o
                                                  C:/WinAVR-20100110/LUFA-120730/LUFA/Drivers/USB/Core/AVR8/USBInterrupt_AVR8.o
Endpoint_ClearEndpoints                           C:/WinAVR-20100110/LUFA-120730/LUFA/Drivers/USB/Core/AVR8/Endpoint_AVR8.o
Endpoint_ClearStatusStage                         C:/WinAVR-20100110/LUFA-120730/LUFA/Drivers/USB/Core/AVR8/Endpoint_AVR8.o
                                                  C:/WinAVR-20100110/LUFA-120730/LUFA/Drivers/USB/Class/Device/MassStorageClassDevice.o
                                                  C:/WinAVR-20100110/LUFA-120730/LUFA/Drivers/USB/Class/Device/HIDClassDevice.o
                                                  C:/WinAVR-20100110/LUFA-120730/LUFA/Drivers/USB/Class/Device/CDCClassDevice.o
                                                  C:/WinAVR-20100110/LUFA-120730/LUFA/Drivers/USB/Class/Device/AudioClassDevice.o
                                                  C:/WinAVR-20100110/LUFA-120730/LUFA/Drivers/USB/Core/DeviceStandardReq.o
Endpoint_ConfigureEndpointTable                   C:/WinAVR-20100110/LUFA-120730/LUFA/Drivers/USB/Core/AVR8/Endpoint_AVR8.o
                                                  C:/WinAVR-20100110/LUFA-120730/LUFA/Drivers/USB/Class/Device/RNDISClassDevice.o
                                                  C:/WinAVR-20100110/LUFA-120730/LUFA/Drivers/USB/Class/Device/MIDIClassDevice.o
                                                  C:/WinAVR-20100110/LUFA-120730/LUFA/Drivers/USB/Class/Device/MassStorageClassDevice.o
                                                  C:/WinAVR-20100110/LUFA-120730/LUFA/Drivers/USB/Class/Device/HIDClassDevice.o
                                                  C:/WinAVR-20100110/LUFA-120730/LUFA/Drivers/USB/Class/Device/CDCClassDevice.o
                                                  C:/WinAVR-20100110/LUFA-120730/LUFA/Drivers/USB/Class/Device/AudioClassDevice.o
Endpoint_ConfigureEndpoint_Prv                    C:/WinAVR-20100110/LUFA-120730/LUFA/Drivers/USB/Core/AVR8/Endpoint_AVR8.o
                                                  C:/WinAVR-20100110/LUFA-120730/LUFA/Drivers/USB/Core/AVR8/USBInterrupt_AVR8.o
                                                  C:/WinAVR-20100110/LUFA-120730/LUFA/Drivers/USB/Core/AVR8/USBController_AVR8.o
Endpoint_Discard_Stream                           C:/WinAVR-20100110/LUFA-120730/LUFA/Drivers/USB/Core/AVR8/EndpointStream_AVR8.o
Endpoint_Null_Stream                              C:/WinAVR-20100110/LUFA-120730/LUFA/Drivers/USB/Core/AVR8/EndpointStream_AVR8.o
Endpoint_Read_Control_EStream_BE                  C:/WinAVR-20100110/LUFA-120730/LUFA/Drivers/USB/Core/AVR8/EndpointStream_AVR8.o
Endpoint_Read_Control_EStream_LE                  C:/WinAVR-20100110/LUFA-120730/LUFA/Drivers/USB/Core/AVR8/EndpointStream_AVR8.o
Endpoint_Read_Control_Stream_BE                   C:/WinAVR-20100110/LUFA-120730/LUFA/Drivers/USB/Core/AVR8/EndpointStream_AVR8.o
Endpoint_Read_Control_Stream_LE                   C:/WinAVR-20100110/LUFA-120730/LUFA/Drivers/USB/Core/AVR8/EndpointStream_AVR8.o
                                                  C:/WinAVR-20100110/LUFA-120730/LUFA/Drivers/USB/Class/Device/RNDISClassDevice.o
                                                  C:/WinAVR-20100110/LUFA-120730/LUFA/Drivers/USB/Class/Device/HIDClassDevice.o
                                                  C:/WinAVR-20100110/LUFA-120730/LUFA/Drivers/USB/Class/Device/AudioClassDevice.o
Endpoint_Read_EStream_BE                          C:/WinAVR-20100110/LUFA-120730/LUFA/Drivers/USB/Core/AVR8/EndpointStream_AVR8.o
Endpoint_Read_EStream_LE                          C:/WinAVR-20100110/LUFA-120730/LUFA/Drivers/USB/Core/AVR8/EndpointStream_AVR8.o
Endpoint_Read_Stream_BE                           C:/WinAVR-20100110/LUFA-120730/LUFA/Drivers/USB/Core/AVR8/EndpointStream_AVR8.o
Endpoint_Read_Stream_LE                           C:/WinAVR-20100110/LUFA-120730/LUFA/Drivers/USB/Core/AVR8/EndpointStream_AVR8.o
                                                  C:/WinAVR-20100110/LUFA-120730/LUFA/Drivers/USB/Class/Device/RNDISClassDevice.o
                                                  C:/WinAVR-20100110/LUFA-120730/LUFA/Drivers/USB/Class/Device/MIDIClassDevice.o
                                                  C:/WinAVR-20100110/LUFA-120730/LUFA/Drivers/USB/Class/Device/MassStorageClassDevice.o
Endpoint_WaitUntilReady                           C:/WinAVR-20100110/LUFA-120730/LUFA/Drivers/USB/Core/AVR8/Endpoint_AVR8.o
                                                  C:/WinAVR-20100110/LUFA-120730/LUFA/Drivers/USB/Class/Device/RNDISClassDevice.o
                                                  C:/WinAVR-20100110/LUFA-120730/LUFA/Drivers/USB/Class/Device/MIDIClassDevice.o
                                                  C:/WinAVR-20100110/LUFA-120730/LUFA/Drivers/USB/Class/Device/CDCClassDevice.o
                                                  C:/WinAVR-20100110/LUFA-120730/LUFA/Drivers/USB/Core/AVR8/EndpointStream_AVR8.o
Endpoint_Write_Control_EStream_BE                 C:/WinAVR-20100110/LUFA-120730/LUFA/Drivers/USB/Core/AVR8/EndpointStream_AVR8.o
Endpoint_Write_Control_EStream_LE                 C:/WinAVR-20100110/LUFA-120730/LUFA/Drivers/USB/Core/AVR8/EndpointStream_AVR8.o
Endpoint_Write_Control_PStream_BE                 C:/WinAVR-20100110/LUFA-120730/LUFA/Drivers/USB/Core/AVR8/EndpointStream_AVR8.o
Endpoint_Write_Control_PStream_LE                 C:/WinAVR-20100110/LUFA-120730/LUFA/Drivers/USB/Core/AVR8/EndpointStream_AVR8.o
                                                  C:/WinAVR-20100110/LUFA-120730/LUFA/Drivers/USB/Core/DeviceStandardReq.o
Endpoint_Write_Control_Stream_BE                  C:/WinAVR-20100110/LUFA-120730/LUFA/Drivers/USB/Core/AVR8/EndpointStream_AVR8.o
Endpoint_Write_Control_Stream_LE                  C:/WinAVR-20100110/LUFA-120730/LUFA/Drivers/USB/Core/AVR8/EndpointStream_AVR8.o
                                                  C:/WinAVR-20100110/LUFA-120730/LUFA/Drivers/USB/Class/Device/RNDISClassDevice.o
                                                  C:/WinAVR-20100110/LUFA-120730/LUFA/Drivers/USB/Class/Device/HIDClassDevice.o
                                                  C:/WinAVR-20100110/LUFA-120730/LUFA/Drivers/USB/Class/Device/AudioClassDevice.o
                                                  C:/WinAVR-20100110/LUFA-120730/LUFA/Drivers/USB/Core/DeviceStandardReq.o
Endpoint_Write_EStream_BE                         C:/WinAVR-20100110/LUFA-120730/LUFA/Drivers/USB/Core/AVR8/EndpointStream_AVR8.o
Endpoint_Write_EStream_LE                         C:/WinAVR-20100110/LUFA-120730/LUFA/Drivers/USB/Core/AVR8/EndpointStream_AVR8.o
Endpoint_Write_PStream_BE                         C:/WinAVR-20100110/LUFA-120730/LUFA/Drivers/USB/Core/AVR8/EndpointStream_AVR8.o
Endpoint_Write_PStream_LE                         C:/WinAVR-20100110/LUFA-120730/LUFA/Drivers/USB/Core/AVR8/EndpointStream_AVR8.o
Endpoint_Write_Stream_BE                          C:/WinAVR-20100110/LUFA-120730/LUFA/Drivers/USB/Core/AVR8/EndpointStream_AVR8.o
Endpoint_Write_Stream_LE                          C:/WinAVR-20100110/LUFA-120730/LUFA/Drivers/USB/Core/AVR8/EndpointStream_AVR8.o
                                                  C:/WinAVR-20100110/LUFA-120730/LUFA/Drivers/USB/Class/Device/RNDISClassDevice.o
                                                  C:/WinAVR-20100110/LUFA-120730/LUFA/Drivers/USB/Class/Device/MIDIClassDevice.o
                                                  C:/WinAVR-20100110/LUFA-120730/LUFA/Drivers/USB/Class/Device/MassStorageClassDevice.o
                                                  C:/WinAVR-20100110/LUFA-120730/LUFA/Drivers/USB/Class/Device/HIDClassDevice.o
                                                  C:/WinAVR-20100110/LUFA-120730/LUFA/Drivers/USB/Class/Device/CDCClassDevice.o
HID_Device_ConfigureEndpoints                     C:/WinAVR-20100110/LUFA-120730/LUFA/Drivers/USB/Class/Device/HIDClassDevice.o
HID_Device_ProcessControlRequest                  C:/WinAVR-20100110/LUFA-120730/LUFA/Drivers/USB/Class/Device/HIDClassDevice.o
HID_Device_USBTask                                C:/WinAVR-20100110/LUFA-120730/LUFA/Drivers/USB/Class/Device/HIDClassDevice.o
LEDs_Init                                         USBtoSerial.o
LEDs_SetAllLEDs                                   USBtoSerial.o
LanguageString                                    Descriptors.o
MIDI_Device_ConfigureEndpoints                    C:/WinAVR-20100110/LUFA-120730/LUFA/Drivers/USB/Class/Device/MIDIClassDevice.o
MIDI_Device_Flush                                 C:/WinAVR-20100110/LUFA-120730/LUFA/Drivers/USB/Class/Device/MIDIClassDevice.o
MIDI_Device_ReceiveEventPacket                    C:/WinAVR-20100110/LUFA-120730/LUFA/Drivers/USB/Class/Device/MIDIClassDevice.o
MIDI_Device_SendEventPacket                       C:/WinAVR-20100110/LUFA-120730/LUFA/Drivers/USB/Class/Device/MIDIClassDevice.o
MIDI_Device_USBTask                               C:/WinAVR-20100110/LUFA-120730/LUFA/Drivers/USB/Class/Device/MIDIClassDevice.o
MS_Device_ConfigureEndpoints                      C:/WinAVR-20100110/LUFA-120730/LUFA/Drivers/USB/Class/Device/MassStorageClassDevice.o
MS_Device_ProcessControlRequest                   C:/WinAVR-20100110/LUFA-120730/LUFA/Drivers/USB/Class/Device/MassStorageClassDevice.o
MS_Device_USBTask                                 C:/WinAVR-20100110/LUFA-120730/LUFA/Drivers/USB/Class/Device/MassStorageClassDevice.o
ManufacturerString                                Descriptors.o
ProductString                                     Descriptors.o
RNDIS_Device_ConfigureEndpoints                   C:/WinAVR-20100110/LUFA-120730/LUFA/Drivers/USB/Class/Device/RNDISClassDevice.o
RNDIS_Device_IsPacketReceived                     C:/WinAVR-20100110/LUFA-120730/LUFA/Drivers/USB/Class/Device/RNDISClassDevice.o
RNDIS_Device_ProcessControlRequest                C:/WinAVR-20100110/LUFA-120730/LUFA/Drivers/USB/Class/Device/RNDISClassDevice.o
RNDIS_Device_ReadPacket                           C:/WinAVR-20100110/LUFA-120730/LUFA/Drivers/USB/Class/Device/RNDISClassDevice.o
RNDIS_Device_SendPacket                           C:/WinAVR-20100110/LUFA-120730/LUFA/Drivers/USB/Class/Device/RNDISClassDevice.o
RNDIS_Device_USBTask                              C:/WinAVR-20100110/LUFA-120730/LUFA/Drivers/USB/Class/Device/RNDISClassDevice.o
SetupHardware                                     USBtoSerial.o
USB_ControlRequest                                C:/WinAVR-20100110/LUFA-120730/LUFA/Drivers/USB/Class/Device/RNDISClassDevice.o
                                                  C:/WinAVR-20100110/LUFA-120730/LUFA/Drivers/USB/Class/Device/MassStorageClassDevice.o
                                                  C:/WinAVR-20100110/LUFA-120730/LUFA/Drivers/USB/Class/Device/HIDClassDevice.o
                                                  C:/WinAVR-20100110/LUFA-120730/LUFA/Drivers/USB/Class/Device/CDCClassDevice.o
                                                  C:/WinAVR-20100110/LUFA-120730/LUFA/Drivers/USB/Class/Device/AudioClassDevice.o
                                                  C:/WinAVR-20100110/LUFA-120730/LUFA/Drivers/USB/Core/USBTask.o
                                                  C:/WinAVR-20100110/LUFA-120730/LUFA/Drivers/USB/Core/DeviceStandardReq.o
                                                  C:/WinAVR-20100110/LUFA-120730/LUFA/Drivers/USB/Core/AVR8/EndpointStream_AVR8.o
                                                  C:/WinAVR-20100110/LUFA-120730/LUFA/Drivers/USB/Core/AVR8/Endpoint_AVR8.o
USB_Device_ConfigurationNumber                    C:/WinAVR-20100110/LUFA-120730/LUFA/Drivers/USB/Core/DeviceStandardReq.o
                                                  C:/WinAVR-20100110/LUFA-120730/LUFA/Drivers/USB/Core/AVR8/USBInterrupt_AVR8.o
                                                  C:/WinAVR-20100110/LUFA-120730/LUFA/Drivers/USB/Core/AVR8/USBController_AVR8.o
USB_Device_CurrentlySelfPowered                   C:/WinAVR-20100110/LUFA-120730/LUFA/Drivers/USB/Core/DeviceStandardReq.o
                                                  C:/WinAVR-20100110/LUFA-120730/LUFA/Drivers/USB/Core/AVR8/USBController_AVR8.o
USB_Device_ProcessControlRequest                  C:/WinAVR-20100110/LUFA-120730/LUFA/Drivers/USB/Core/DeviceStandardReq.o
                                                  C:/WinAVR-20100110/LUFA-120730/LUFA/Drivers/USB/Core/USBTask.o
                                                  C:/WinAVR-20100110/LUFA-120730/LUFA/Drivers/USB/Core/AVR8/USBInterrupt_AVR8.o
USB_Device_RemoteWakeupEnabled                    C:/WinAVR-20100110/LUFA-120730/LUFA/Drivers/USB/Core/DeviceStandardReq.o
                                                  C:/WinAVR-20100110/LUFA-120730/LUFA/Drivers/USB/Core/AVR8/USBController_AVR8.o
USB_Device_SendRemoteWakeup                       C:/WinAVR-20100110/LUFA-120730/LUFA/Drivers/USB/Core/AVR8/Device_AVR8.o
USB_Disable                                       C:/WinAVR-20100110/LUFA-120730/LUFA/Drivers/USB/Core/AVR8/USBController_AVR8.o
USB_Event_Stub                                    C:/WinAVR-20100110/LUFA-120730/LUFA/Drivers/USB/Core/Events.o
USB_GetHIDReportItemInfo                          C:/WinAVR-20100110/LUFA-120730/LUFA/Drivers/USB/Class/Common/HIDParser.o
USB_GetHIDReportSize                              C:/WinAVR-20100110/LUFA-120730/LUFA/Drivers/USB/Class/Common/HIDParser.o
USB_GetNextDescriptorComp                         C:/WinAVR-20100110/LUFA-120730/LUFA/Drivers/USB/Core/ConfigDescriptors.o
USB_GetNextDescriptorOfType                       C:/WinAVR-20100110/LUFA-120730/LUFA/Drivers/USB/Core/ConfigDescriptors.o
USB_GetNextDescriptorOfTypeAfter                  C:/WinAVR-20100110/LUFA-120730/LUFA/Drivers/USB/Core/ConfigDescriptors.o
USB_GetNextDescriptorOfTypeBefore                 C:/WinAVR-20100110/LUFA-120730/LUFA/Drivers/USB/Core/ConfigDescriptors.o
USB_INT_ClearAllInterrupts                        C:/WinAVR-20100110/LUFA-120730/LUFA/Drivers/USB/Core/AVR8/USBInterrupt_AVR8.o
                                                  C:/WinAVR-20100110/LUFA-120730/LUFA/Drivers/USB/Core/AVR8/USBController_AVR8.o
USB_INT_DisableAllInterrupts                      C:/WinAVR-20100110/LUFA-120730/LUFA/Drivers/USB/Core/AVR8/USBInterrupt_AVR8.o
                                                  C:/WinAVR-20100110/LUFA-120730/LUFA/Drivers/USB/Core/AVR8/USBController_AVR8.o
USB_Init                                          C:/WinAVR-20100110/LUFA-120730/LUFA/Drivers/USB/Core/AVR8/USBController_AVR8.o
                                                  USBtoSerial.o
USB_IsInitialized                                 C:/WinAVR-20100110/LUFA-120730/LUFA/Drivers/USB/Core/USBTask.o
                                                  C:/WinAVR-20100110/LUFA-120730/LUFA/Drivers/USB/Core/AVR8/USBController_AVR8.o
USB_ProcessHIDReport                              C:/WinAVR-20100110/LUFA-120730/LUFA/Drivers/USB/Class/Common/HIDParser.o
USB_ResetInterface                                C:/WinAVR-20100110/LUFA-120730/LUFA/Drivers/USB/Core/AVR8/USBController_AVR8.o
USB_SetHIDReportItemInfo                          C:/WinAVR-20100110/LUFA-120730/LUFA/Drivers/USB/Class/Common/HIDParser.o
USB_USBTask                                       C:/WinAVR-20100110/LUFA-120730/LUFA/Drivers/USB/Core/USBTask.o
                                                  C:/WinAVR-20100110/LUFA-120730/LUFA/Drivers/USB/Class/Device/CDCClassDevice.o
                                                  USBtoSerial.o
VirtualSerial_CDC_Interface                       USBtoSerial.o
__bad_interrupt                                   c:/winavr-20100110/bin/../lib/gcc/avr/4.3.3/../../../../avr/lib/avr5/crtm32u4.o
__bss_end                                         c:/winavr-20100110/bin/../lib/gcc/avr/4.3.3/avr5\libgcc.a(_clear_bss.o)
__bss_start                                       c:/winavr-20100110/bin/../lib/gcc/avr/4.3.3/avr5\libgcc.a(_clear_bss.o)
__data_end                                        c:/winavr-20100110/bin/../lib/gcc/avr/4.3.3/avr5\libgcc.a(_copy_data.o)
__data_load_start                                 c:/winavr-20100110/bin/../lib/gcc/avr/4.3.3/avr5\libgcc.a(_copy_data.o)
__data_start                                      c:/winavr-20100110/bin/../lib/gcc/avr/4.3.3/avr5\libgcc.a(_copy_data.o)
__do_clear_bss                                    c:/winavr-20100110/bin/../lib/gcc/avr/4.3.3/avr5\libgcc.a(_clear_bss.o)
                                                  C:/WinAVR-20100110/LUFA-120730/LUFA/Drivers/USB/Core/USBTask.o
                                                  C:/WinAVR-20100110/LUFA-120730/LUFA/Drivers/USB/Core/DeviceStandardReq.o
                                                  USBtoSerial.o
__do_copy_data                                    c:/winavr-20100110/bin/../lib/gcc/avr/4.3.3/avr5\libgcc.a(_copy_data.o)
                                                  C:/WinAVR-20100110/LUFA-120730/LUFA/Drivers/USB/Class/Device/RNDISClassDevice.o
                                                  C:/WinAVR-20100110/LUFA-120730/LUFA/Drivers/USB/Class/Device/CDCClassDevice.o
                                                  USBtoSerial.o
__eerd_byte_m32u4                                 c:/winavr-20100110/bin/../lib/gcc/avr/4.3.3/../../../../avr/lib/avr5\libc.a(eerd_byte_atmega32u4.o)
                                                  C:/WinAVR-20100110/LUFA-120730/LUFA/Drivers/USB/Core/AVR8/EndpointStream_AVR8.o
__eeupd_byte_m32u4                                c:/winavr-20100110/bin/../lib/gcc/avr/4.3.3/../../../../avr/lib/avr5\libc.a(eeupd_byte_atmega32u4.o)
                                                  C:/WinAVR-20100110/LUFA-120730/LUFA/Drivers/USB/Core/AVR8/EndpointStream_AVR8.o
__eeupd_r18_m32u4                                 c:/winavr-20100110/bin/../lib/gcc/avr/4.3.3/../../../../avr/lib/avr5\libc.a(eeupd_byte_atmega32u4.o)
__heap_end                                        c:/winavr-20100110/bin/../lib/gcc/avr/4.3.3/../../../../avr/lib/avr5/crtm32u4.o
__init                                            c:/winavr-20100110/bin/../lib/gcc/avr/4.3.3/../../../../avr/lib/avr5/crtm32u4.o
__stack                                           c:/winavr-20100110/bin/../lib/gcc/avr/4.3.3/../../../../avr/lib/avr5/crtm32u4.o
__udivmodsi4                                      c:/winavr-20100110/bin/../lib/gcc/avr/4.3.3/avr5\libgcc.a(_udivmodsi4.o)
                                                  USBtoSerial.o
__vector_1                                        c:/winavr-20100110/bin/../lib/gcc/avr/4.3.3/../../../../avr/lib/avr5/crtm32u4.o
__vector_10                                       C:/WinAVR-20100110/LUFA-120730/LUFA/Drivers/USB/Core/AVR8/USBInterrupt_AVR8.o
                                                  c:/winavr-20100110/bin/../lib/gcc/avr/4.3.3/../../../../avr/lib/avr5/crtm32u4.o
__vector_11                                       C:/WinAVR-20100110/LUFA-120730/LUFA/Drivers/USB/Core/AVR8/USBInterrupt_AVR8.o
                                                  c:/winavr-20100110/bin/../lib/gcc/avr/4.3.3/../../../../avr/lib/avr5/crtm32u4.o
__vector_12                                       c:/winavr-20100110/bin/../lib/gcc/avr/4.3.3/../../../../avr/lib/avr5/crtm32u4.o
__vector_13                                       c:/winavr-20100110/bin/../lib/gcc/avr/4.3.3/../../../../avr/lib/avr5/crtm32u4.o
__vector_14                                       c:/winavr-20100110/bin/../lib/gcc/avr/4.3.3/../../../../avr/lib/avr5/crtm32u4.o
__vector_15                                       c:/winavr-20100110/bin/../lib/gcc/avr/4.3.3/../../../../avr/lib/avr5/crtm32u4.o
__vector_16                                       c:/winavr-20100110/bin/../lib/gcc/avr/4.3.3/../../../../avr/lib/avr5/crtm32u4.o
__vector_17                                       c:/winavr-20100110/bin/../lib/gcc/avr/4.3.3/../../../../avr/lib/avr5/crtm32u4.o
__vector_18                                       c:/winavr-20100110/bin/../lib/gcc/avr/4.3.3/../../../../avr/lib/avr5/crtm32u4.o
__vector_19                                       c:/winavr-20100110/bin/../lib/gcc/avr/4.3.3/../../../../avr/lib/avr5/crtm32u4.o
__vector_2                                        c:/winavr-20100110/bin/../lib/gcc/avr/4.3.3/../../../../avr/lib/avr5/crtm32u4.o
__vector_20                                       c:/winavr-20100110/bin/../lib/gcc/avr/4.3.3/../../../../avr/lib/avr5/crtm32u4.o
__vector_21                                       c:/winavr-20100110/bin/../lib/gcc/avr/4.3.3/../../../../avr/lib/avr5/crtm32u4.o
__vector_22                                       c:/winavr-20100110/bin/../lib/gcc/avr/4.3.3/../../../../avr/lib/avr5/crtm32u4.o
__vector_23                                       c:/winavr-20100110/bin/../lib/gcc/avr/4.3.3/../../../../avr/lib/avr5/crtm32u4.o
__vector_24                                       c:/winavr-20100110/bin/../lib/gcc/avr/4.3.3/../../../../avr/lib/avr5/crtm32u4.o
__vector_25                                       USBtoSerial.o
                                                  c:/winavr-20100110/bin/../lib/gcc/avr/4.3.3/../../../../avr/lib/avr5/crtm32u4.o
__vector_26                                       c:/winavr-20100110/bin/../lib/gcc/avr/4.3.3/../../../../avr/lib/avr5/crtm32u4.o
__vector_27                                       c:/winavr-20100110/bin/../lib/gcc/avr/4.3.3/../../../../avr/lib/avr5/crtm32u4.o
__vector_28                                       c:/winavr-20100110/bin/../lib/gcc/avr/4.3.3/../../../../avr/lib/avr5/crtm32u4.o
__vector_29                                       c:/winavr-20100110/bin/../lib/gcc/avr/4.3.3/../../../../avr/lib/avr5/crtm32u4.o
__vector_3                                        c:/winavr-20100110/bin/../lib/gcc/avr/4.3.3/../../../../avr/lib/avr5/crtm32u4.o
__vector_30                                       c:/winavr-20100110/bin/../lib/gcc/avr/4.3.3/../../../../avr/lib/avr5/crtm32u4.o
__vector_31                                       c:/winavr-20100110/bin/../lib/gcc/avr/4.3.3/../../../../avr/lib/avr5/crtm32u4.o
__vector_32                                       c:/winavr-20100110/bin/../lib/gcc/avr/4.3.3/../../../../avr/lib/avr5/crtm32u4.o
__vector_33                                       c:/winavr-20100110/bin/../lib/gcc/avr/4.3.3/../../../../avr/lib/avr5/crtm32u4.o
__vector_34                                       c:/winavr-20100110/bin/../lib/gcc/avr/4.3.3/../../../../avr/lib/avr5/crtm32u4.o
__vector_35                                       c:/winavr-20100110/bin/../lib/gcc/avr/4.3.3/../../../../avr/lib/avr5/crtm32u4.o
__vector_36                                       c:/winavr-20100110/bin/../lib/gcc/avr/4.3.3/../../../../avr/lib/avr5/crtm32u4.o
__vector_37                                       c:/winavr-20100110/bin/../lib/gcc/avr/4.3.3/../../../../avr/lib/avr5/crtm32u4.o
__vector_38                                       c:/winavr-20100110/bin/../lib/gcc/avr/4.3.3/../../../../avr/lib/avr5/crtm32u4.o
__vector_39                                       c:/winavr-20100110/bin/../lib/gcc/avr/4.3.3/../../../../avr/lib/avr5/crtm32u4.o
__vector_4                                        c:/winavr-20100110/bin/../lib/gcc/avr/4.3.3/../../../../avr/lib/avr5/crtm32u4.o
__vector_40                                       c:/winavr-20100110/bin/../lib/gcc/avr/4.3.3/../../../../avr/lib/avr5/crtm32u4.o
__vector_41                                       c:/winavr-20100110/bin/../lib/gcc/avr/4.3.3/../../../../avr/lib/avr5/crtm32u4.o
__vector_42                                       c:/winavr-20100110/bin/../lib/gcc/avr/4.3.3/../../../../avr/lib/avr5/crtm32u4.o
__vector_5                                        c:/winavr-20100110/bin/../lib/gcc/avr/4.3.3/../../../../avr/lib/avr5/crtm32u4.o
__vector_6                                        c:/winavr-20100110/bin/../lib/gcc/avr/4.3.3/../../../../avr/lib/avr5/crtm32u4.o
__vector_7                                        c:/winavr-20100110/bin/../lib/gcc/avr/4.3.3/../../../../avr/lib/avr5/crtm32u4.o
__vector_8                                        c:/winavr-20100110/bin/../lib/gcc/avr/4.3.3/../../../../avr/lib/avr5/crtm32u4.o
__vector_9                                        c:/winavr-20100110/bin/../lib/gcc/avr/4.3.3/../../../../avr/lib/avr5/crtm32u4.o
__vector_default                                  c:/winavr-20100110/bin/../lib/gcc/avr/4.3.3/../../../../avr/lib/avr5/crtm32u4.o
__vectors                                         c:/winavr-20100110/bin/../lib/gcc/avr/4.3.3/../../../../avr/lib/avr5/crtm32u4.o
_exit                                             c:/winavr-20100110/bin/../lib/gcc/avr/4.3.3/avr5\libgcc.a(_exit.o)
exit                                              c:/winavr-20100110/bin/../lib/gcc/avr/4.3.3/avr5\libgcc.a(_exit.o)
                                                  c:/winavr-20100110/bin/../lib/gcc/avr/4.3.3/../../../../avr/lib/avr5/crtm32u4.o
main                                              USBtoSerial.o
                                                  c:/winavr-20100110/bin/../lib/gcc/avr/4.3.3/../../../../avr/lib/avr5/crtm32u4.o
memcmp                                            c:/winavr-20100110/bin/../lib/gcc/avr/4.3.3/../../../../avr/lib/avr5\libc.a(memcmp.o)
                                                  C:/WinAVR-20100110/LUFA-120730/LUFA/Drivers/USB/Class/Device/HIDClassDevice.o
memcpy                                            c:/winavr-20100110/bin/../lib/gcc/avr/4.3.3/../../../../avr/lib/avr5\libc.a(memcpy.o)
                                                  C:/WinAVR-20100110/LUFA-120730/LUFA/Drivers/USB/Class/Device/RNDISClassDevice.o
                                                  C:/WinAVR-20100110/LUFA-120730/LUFA/Drivers/USB/Class/Device/HIDClassDevice.o
memcpy_P                                          c:/winavr-20100110/bin/../lib/gcc/avr/4.3.3/../../../../avr/lib/avr5\libc.a(memcpy_P.o)
                                                  C:/WinAVR-20100110/LUFA-120730/LUFA/Drivers/USB/Class/Device/RNDISClassDevice.o
memset                                            c:/winavr-20100110/bin/../lib/gcc/avr/4.3.3/../../../../avr/lib/avr5\libc.a(memset.o)
                                                  C:/WinAVR-20100110/LUFA-120730/LUFA/Drivers/USB/Class/Device/HIDClassDevice.o
setBaudRate9600                                   USBtoSerial.o
