Archive member included to satisfy reference by file (symbol)

h:/programs/atmel/studio/7.0/toolchain/avr8/avr8-gnu-toolchain/bin/../lib/gcc/avr/5.4.0/../../../../avr/lib/avr5\libm.a(addsf3.o)
                              main.o (__addsf3)
h:/programs/atmel/studio/7.0/toolchain/avr8/avr8-gnu-toolchain/bin/../lib/gcc/avr/5.4.0/../../../../avr/lib/avr5\libm.a(addsf3x.o)
                              h:/programs/atmel/studio/7.0/toolchain/avr8/avr8-gnu-toolchain/bin/../lib/gcc/avr/5.4.0/../../../../avr/lib/avr5\libm.a(addsf3.o) (__addsf3x)
h:/programs/atmel/studio/7.0/toolchain/avr8/avr8-gnu-toolchain/bin/../lib/gcc/avr/5.4.0/../../../../avr/lib/avr5\libm.a(divsf3.o)
                              main.o (__divsf3)
h:/programs/atmel/studio/7.0/toolchain/avr8/avr8-gnu-toolchain/bin/../lib/gcc/avr/5.4.0/../../../../avr/lib/avr5\libm.a(divsf3x.o)
                              h:/programs/atmel/studio/7.0/toolchain/avr8/avr8-gnu-toolchain/bin/../lib/gcc/avr/5.4.0/../../../../avr/lib/avr5\libm.a(divsf3.o) (__divsf3x)
h:/programs/atmel/studio/7.0/toolchain/avr8/avr8-gnu-toolchain/bin/../lib/gcc/avr/5.4.0/../../../../avr/lib/avr5\libm.a(fixsfsi.o)
                              main.o (__fixsfsi)
h:/programs/atmel/studio/7.0/toolchain/avr8/avr8-gnu-toolchain/bin/../lib/gcc/avr/5.4.0/../../../../avr/lib/avr5\libm.a(fixunssfsi.o)
                              h:/programs/atmel/studio/7.0/toolchain/avr8/avr8-gnu-toolchain/bin/../lib/gcc/avr/5.4.0/../../../../avr/lib/avr5\libm.a(fixsfsi.o) (__fixunssfsi)
h:/programs/atmel/studio/7.0/toolchain/avr8/avr8-gnu-toolchain/bin/../lib/gcc/avr/5.4.0/../../../../avr/lib/avr5\libm.a(floatsisf.o)
                              main.o (__floatunsisf)
h:/programs/atmel/studio/7.0/toolchain/avr8/avr8-gnu-toolchain/bin/../lib/gcc/avr/5.4.0/../../../../avr/lib/avr5\libm.a(fp_inf.o)
                              h:/programs/atmel/studio/7.0/toolchain/avr8/avr8-gnu-toolchain/bin/../lib/gcc/avr/5.4.0/../../../../avr/lib/avr5\libm.a(addsf3x.o) (__fp_inf)
h:/programs/atmel/studio/7.0/toolchain/avr8/avr8-gnu-toolchain/bin/../lib/gcc/avr/5.4.0/../../../../avr/lib/avr5\libm.a(fp_nan.o)
                              h:/programs/atmel/studio/7.0/toolchain/avr8/avr8-gnu-toolchain/bin/../lib/gcc/avr/5.4.0/../../../../avr/lib/avr5\libm.a(addsf3x.o) (__fp_nan)
h:/programs/atmel/studio/7.0/toolchain/avr8/avr8-gnu-toolchain/bin/../lib/gcc/avr/5.4.0/../../../../avr/lib/avr5\libm.a(fp_pscA.o)
                              h:/programs/atmel/studio/7.0/toolchain/avr8/avr8-gnu-toolchain/bin/../lib/gcc/avr/5.4.0/../../../../avr/lib/avr5\libm.a(addsf3x.o) (__fp_pscA)
h:/programs/atmel/studio/7.0/toolchain/avr8/avr8-gnu-toolchain/bin/../lib/gcc/avr/5.4.0/../../../../avr/lib/avr5\libm.a(fp_pscB.o)
                              h:/programs/atmel/studio/7.0/toolchain/avr8/avr8-gnu-toolchain/bin/../lib/gcc/avr/5.4.0/../../../../avr/lib/avr5\libm.a(addsf3x.o) (__fp_pscB)
h:/programs/atmel/studio/7.0/toolchain/avr8/avr8-gnu-toolchain/bin/../lib/gcc/avr/5.4.0/../../../../avr/lib/avr5\libm.a(fp_round.o)
                              h:/programs/atmel/studio/7.0/toolchain/avr8/avr8-gnu-toolchain/bin/../lib/gcc/avr/5.4.0/../../../../avr/lib/avr5\libm.a(addsf3.o) (__fp_round)
h:/programs/atmel/studio/7.0/toolchain/avr8/avr8-gnu-toolchain/bin/../lib/gcc/avr/5.4.0/../../../../avr/lib/avr5\libm.a(fp_split3.o)
                              h:/programs/atmel/studio/7.0/toolchain/avr8/avr8-gnu-toolchain/bin/../lib/gcc/avr/5.4.0/../../../../avr/lib/avr5\libm.a(addsf3x.o) (__fp_split3)
h:/programs/atmel/studio/7.0/toolchain/avr8/avr8-gnu-toolchain/bin/../lib/gcc/avr/5.4.0/../../../../avr/lib/avr5\libm.a(fp_zero.o)
                              h:/programs/atmel/studio/7.0/toolchain/avr8/avr8-gnu-toolchain/bin/../lib/gcc/avr/5.4.0/../../../../avr/lib/avr5\libm.a(addsf3x.o) (__fp_zero)
h:/programs/atmel/studio/7.0/toolchain/avr8/avr8-gnu-toolchain/bin/../lib/gcc/avr/5.4.0/../../../../avr/lib/avr5\libm.a(mulsf3.o)
                              main.o (__mulsf3)
h:/programs/atmel/studio/7.0/toolchain/avr8/avr8-gnu-toolchain/bin/../lib/gcc/avr/5.4.0/../../../../avr/lib/avr5\libm.a(mulsf3x.o)
                              h:/programs/atmel/studio/7.0/toolchain/avr8/avr8-gnu-toolchain/bin/../lib/gcc/avr/5.4.0/../../../../avr/lib/avr5\libm.a(mulsf3.o) (__mulsf3x)
H:\WORKSP~1\ElectronicsProjects\TestAndMeasurement\AD9833~1\AD9833~1\Software\DDSVCO~1\DDSVCO~1\DDSVCO~1\ARDUIN~1\Debug\libArduinoCore.a(HardwareSerial.o)
                              main.o (_ZN14HardwareSerial5beginEmh)
H:\WORKSP~1\ElectronicsProjects\TestAndMeasurement\AD9833~1\AD9833~1\Software\DDSVCO~1\DDSVCO~1\DDSVCO~1\ARDUIN~1\Debug\libArduinoCore.a(HardwareSerial0.o)
                              main.o (Serial)
H:\WORKSP~1\ElectronicsProjects\TestAndMeasurement\AD9833~1\AD9833~1\Software\DDSVCO~1\DDSVCO~1\DDSVCO~1\ARDUIN~1\Debug\libArduinoCore.a(Print.o)
[...]
Memory Configuration

Name             Origin             Length             Attributes
text             0x00000000         0x00020000         xr
data             0x00800060         0x0000ffa0         rw !x
eeprom           0x00810000         0x00010000         rw !x
fuse             0x00820000         0x00000003         rw !x
lock             0x00830000         0x00000400         rw !x
signature        0x00840000         0x00000400         rw !x
user_signatures  0x00850000         0x00000400         rw !x
*default*        0x00000000         0xffffffff

Linker script and memory map

Address of section .data set to 0x800100
LOAD H:/Programs/Atmel/Studio/7.0/Packs/Atmel/ATmega_DFP/1.2.272/gcc/dev/atmega328p/avr5/crtatmega328p.o
LOAD main.o
START GROUP
LOAD h:/programs/atmel/studio/7.0/toolchain/avr8/avr8-gnu-toolchain/bin/../lib/gcc/avr/5.4.0/../../../../avr/lib/avr5\libm.a
LOAD H:\WORKSP~1\ElectronicsProjects\TestAndMeasurement\AD9833~1\AD9833~1\Software\DDSVCO~1\DDSVCO~1\DDSVCO~1\ARDUIN~1\Debug\libArduinoCore.a
END GROUP
LOAD h:/programs/atmel/studio/7.0/toolchain/avr8/avr8-gnu-toolchain/bin/../lib/gcc/avr/5.4.0/avr5\libgcc.a
LOAD h:/programs/atmel/studio/7.0/toolchain/avr8/avr8-gnu-toolchain/bin/../lib/gcc/avr/5.4.0/../../../../avr/lib/avr5\libm.a
START GROUP
LOAD h:/programs/atmel/studio/7.0/toolchain/avr8/avr8-gnu-toolchain/bin/../lib/gcc/avr/5.4.0/avr5\libgcc.a
LOAD h:/programs/atmel/studio/7.0/toolchain/avr8/avr8-gnu-toolchain/bin/../lib/gcc/avr/5.4.0/../../../../avr/lib/avr5\libm.a
LOAD h:/programs/atmel/studio/7.0/toolchain/avr8/avr8-gnu-toolchain/bin/../lib/gcc/avr/5.4.0/../../../../avr/lib/avr5\libc.a
LOAD H:/Programs/Atmel/Studio/7.0/Packs/Atmel/ATmega_DFP/1.2.272/gcc/dev/atmega328p/avr5\libatmega328p.a
END GROUP
                0x00020000                __TEXT_REGION_LENGTH__ = DEFINED (__TEXT_REGION_LENGTH__)?__TEXT_REGION_LENGTH__:0x20000
                0x0000ffa0                __DATA_REGION_LENGTH__ = DEFINED (__DATA_REGION_LENGTH__)?__DATA_REGION_LENGTH__:0xffa0
                0x00010000                __EEPROM_REGION_LENGTH__ = DEFINED (__EEPROM_REGION_LENGTH__)?__EEPROM_REGION_LENGTH__:0x10000
                [0x00000003]                __FUSE_REGION_LENGTH__ = DEFINED (__FUSE_REGION_LENGTH__)?__FUSE_REGION_LENGTH__:0x400
                0x00000400                __LOCK_REGION_LENGTH__ = DEFINED (__LOCK_REGION_LENGTH__)?__LOCK_REGION_LENGTH__:0x400
                0x00000400                __SIGNATURE_REGION_LENGTH__ = DEFINED (__SIGNATURE_REGION_LENGTH__)?__SIGNATURE_REGION_LENGTH__:0x400
                0x00000400                __USER_SIGNATURE_REGION_LENGTH__ = DEFINED (__USER_SIGNATURE_REGION_LENGTH__)?__USER_SIGNATURE_REGION_LENGTH__:0x400

.hash
 *(.hash)

.dynsym
 *(.dynsym)

.dynstr
 *(.dynstr)

.gnu.version
 *(.gnu.version)

.gnu.version_d
 *(.gnu.version_d)

.gnu.version_r
 *(.gnu.version_r)

.rel.init
 *(.rel.init)

.rela.init
 *(.rela.init)

.rel.text
 *(.rel.text)
 *(.rel.text.*)
 *(.rel.gnu.linkonce.t*)

.rela.text
 *(.rela.text)
 *(.rela.text.*)
 *(.rela.gnu.linkonce.t*)

.rel.fini
 *(.rel.fini)

.rela.fini
 *(.rela.fini)

.rel.rodata
 *(.rel.rodata)
 *(.rel.rodata.*)
 *(.rel.gnu.linkonce.r*)

.rela.rodata
 *(.rela.rodata)
 *(.rela.rodata.*)
 *(.rela.gnu.linkonce.r*)

.rel.data
 *(.rel.data)
 *(.rel.data.*)
 *(.rel.gnu.linkonce.d*)

.rela.data
 *(.rela.data)
 *(.rela.data.*)
 *(.rela.gnu.linkonce.d*)

.rel.ctors
 *(.rel.ctors)

.rela.ctors
 *(.rela.ctors)

.rel.dtors
 *(.rel.dtors)

.rela.dtors
 *(.rela.dtors)

.rel.got
 *(.rel.got)

.rela.got
 *(.rela.got)

.rel.bss
 *(.rel.bss)

.rela.bss
 *(.rela.bss)

.rel.plt
 *(.rel.plt)

.rela.plt
 *(.rela.plt)

.text           0x00000000     0x74cc
 *(.vectors)
 .vectors       0x00000000       0x68 H:/Programs/Atmel/Studio/7.0/Packs/Atmel/ATmega_DFP/1.2.272/gcc/dev/atmega328p/avr5/crtatmega328p.o
                0x00000000                __vector_default
                0x00000000                __vectors
 *(.vectors)
 *(.progmem.gcc*)
 .progmem.gcc_sw_table.__vector_24
                0x00000068      0x1f2 H:\WORKSP~1\ElectronicsProjects\TestAndMeasurement\AD9833~1\AD9833~1\Software\DDSVCO~1\DDSVCO~1\DDSVCO~1\ARDUIN~1\Debug\libArduinoCore.a(twi.o)
                0x0000025a                . = ALIGN (0x2)
                0x0000025a                __trampolines_start = .
 *(.trampolines)
 .trampolines   0x0000025a        0x0 linker stubs
 *(.trampolines*)
                0x0000025a                __trampolines_end = .
 *libprintf_flt.a:*(.progmem.data)
 *libc.a:*(.progmem.data)
 *(.progmem*)
 .progmem.data._ZL34digital_pin_to_port_bit_number_PGM
                0x0000025a       0x14 main.o
 .progmem.data.port_to_mode_PGM
                0x0000026e        0xa H:\WORKSP~1\ElectronicsProjects\TestAndMeasurement\AD9833~1\AD9833~1\Software\DDSVCO~1\DDSVCO~1\DDSVCO~1\ARDUIN~1\Debug\libArduinoCore.a(wiring_digital.o)
                0x0000026e                port_to_mode_PGM
 .progmem.data.port_to_output_PGM
                0x00000278        0xa H:\WORKSP~1\ElectronicsProjects\TestAndMeasurement\AD9833~1\AD9833~1\Software\DDSVCO~1\DDSVCO~1\DDSVCO~1\ARDUIN~1\Debug\libArduinoCore.a(wiring_digital.o)
                0x00000278                port_to_output_PGM
 .progmem.data.port_to_input_PGM
                0x00000282        0xa H:\WORKSP~1\ElectronicsProjects\TestAndMeasurement\AD9833~1\AD9833~1\Software\DDSVCO~1\DDSVCO~1\DDSVCO~1\ARDUIN~1\Debug\libArduinoCore.a(wiring_digital.o)
                0x00000282                port_to_input_PGM
 .progmem.data.digital_pin_to_port_PGM
                0x0000028c       0x14 H:\WORKSP~1\ElectronicsProjects\TestAndMeasurement\AD9833~1\AD9833~1\Software\DDSVCO~1\DDSVCO~1\DDSVCO~1\ARDUIN~1\Debug\libArduinoCore.a(wiring_digital.o)
                0x0000028c                digital_pin_to_port_PGM
 .progmem.data.digital_pin_to_bit_mask_PGM
                0x000002a0       0x14 H:\WORKSP~1\ElectronicsProjects\TestAndMeasurement\AD9833~1\AD9833~1\Software\DDSVCO~1\DDSVCO~1\DDSVCO~1\ARDUIN~1\Debug\libArduinoCore.a(wiring_digital.o)
                0x000002a0                digital_pin_to_bit_mask_PGM
 .progmem.data.digital_pin_to_timer_PGM
                0x000002b4       0x14 H:\WORKSP~1\ElectronicsProjects\TestAndMeasurement\AD9833~1\AD9833~1\Software\DDSVCO~1\DDSVCO~1\DDSVCO~1\ARDUIN~1\Debug\libArduinoCore.a(wiring_digital.o)
                0x000002b4                digital_pin_to_timer_PGM
 .progmem.data._ZL4font
                0x000002c8      0x500 H:\WORKSP~1\ElectronicsProjects\TestAndMeasurement\AD9833~1\AD9833~1\Software\DDSVCO~1\DDSVCO~1\DDSVCO~1\ARDUIN~1\Debug\libArduinoCore.a(Adafruit_GFX.o)
                0x000007c8                . = ALIGN (0x2)
 *(.jumptables)
 *(.jumptables*)
 *(.lowtext)
 *(.lowtext*)
                0x000007c8                __ctors_start = .
 *(.ctors)
 .ctors         0x000007c8        0x2 main.o
 .ctors         0x000007ca        0x2 H:\WORKSP~1\ElectronicsProjects\TestAndMeasurement\AD9833~1\AD9833~1\Software\DDSVCO~1\DDSVCO~1\DDSVCO~1\ARDUIN~1\Debug\libArduinoCore.a(HardwareSerial0.o)
 .ctors         0x000007cc        0x2 H:\WORKSP~1\ElectronicsProjects\TestAndMeasurement\AD9833~1\AD9833~1\Software\DDSVCO~1\DDSVCO~1\DDSVCO~1\ARDUIN~1\Debug\libArduinoCore.a(Wire.o)
                0x000007ce                __ctors_end = .
                0x000007ce                __dtors_start = .
 *(.dtors)
                0x000007ce                __dtors_end = .
 SORT(*)(.ctors)
 SORT(*)(.dtors)
 *(.init0)
 .init0         0x000007ce        0x0 H:/Programs/Atmel/Studio/7.0/Packs/Atmel/ATmega_DFP/1.2.272/gcc/dev/atmega328p/avr5/crtatmega328p.o
                0x000007ce                __init
 *(.init0)
 *(.init1)
 *(.init1)
 *(.init2)
 .init2         0x000007ce        0xc H:/Programs/Atmel/Studio/7.0/Packs/Atmel/ATmega_DFP/1.2.272/gcc/dev/atmega328p/avr5/crtatmega328p.o
 *(.init2)
 *(.init3)
 *(.init3)
 *(.init4)
 .init4         0x000007da       0x16 h:/programs/atmel/studio/7.0/toolchain/avr8/avr8-gnu-toolchain/bin/../lib/gcc/avr/5.4.0/avr5\libgcc.a(_copy_data.o)
                0x000007da                __do_copy_data
 .init4         0x000007f0       0x10 h:/programs/atmel/studio/7.0/toolchain/avr8/avr8-gnu-toolchain/bin/../lib/gcc/avr/5.4.0/avr5\libgcc.a(_clear_bss.o)
                0x000007f0                __do_clear_bss
 *(.init4)
 *(.init5)
 *(.init5)
 *(.init6)
 .init6         0x00000800       0x16 h:/programs/atmel/studio/7.0/toolchain/avr8/avr8-gnu-toolchain/bin/../lib/gcc/avr/5.4.0/avr5\libgcc.a(_ctors.o)
                0x00000800                __do_global_ctors
 *(.init6)
 *(.init7)
 *(.init7)
 *(.init8)
 *(.init8)
 *(.init9)
 .init9         0x00000816        0x8 H:/Programs/Atmel/Studio/7.0/Packs/Atmel/ATmega_DFP/1.2.272/gcc/dev/atmega328p/avr5/crtatmega328p.o
 *(.init9)
 *(.text)
 .text          0x0000081e        0x4 H:/Programs/Atmel/Studio/7.0/Packs/Atmel/ATmega_DFP/1.2.272/gcc/dev/atmega328p/avr5/crtatmega328p.o
                0x0000081e                __vector_22
                0x0000081e                __vector_12
                0x0000081e                __bad_interrupt
                0x0000081e                __vector_6
                0x0000081e                __vector_23
                0x0000081e                __vector_25
                0x0000081e                __vector_11
                0x0000081e                __vector_17
                0x0000081e                __vector_7
                0x0000081e                __vector_9
                0x0000081e                __vector_15
                0x0000081e                __vector_8
                0x0000081e                __vector_14
                0x0000081e                __vector_10
                0x0000081e                __vector_20
                0x00000822                . = ALIGN (0x2)
 *(.text.*)
 .text._Z8doPD2Intv
                0x00000822       0x90 main.o
                0x00000822                _Z8doPD2Intv
 .text._Z8doPD5Intv
                0x000008b2       0xd2 main.o
                0x000008b2                _Z8doPD5Intv
 .text._Z8doPD6Intv
                0x00000984       0x16 main.o
                0x00000984                _Z8doPD6Intv
 .text._ZN8SPIClass14endTransactionEv.part.0
                0x0000099a       0x1a main.o
 .text._Z9adc_setupv
                0x000009b4       0x2c main.o
                0x000009b4                _Z9adc_setupv
 .text.__vector_21
                0x000009e0      0x11e main.o
                0x000009e0                __vector_21
 .text._ZN8SPIClass16beginTransactionE11SPISettings
                0x00000afe       0x34 main.o
                0x00000afe                _ZN8SPIClass16beginTransactionE11SPISettings
 .text._ZN8SPIClass8transferEh
                0x00000b32        0xe main.o
                0x00000b32                _ZN8SPIClass8transferEh
 .text._ZN8SPIClass10transfer16Ej
                0x00000b40       0x3a main.o
                0x00000b40                _ZN8SPIClass10transfer16Ej
 .text._Z17digipot_write_spiiih
                0x00000b7a       0x42 main.o
                0x00000b7a                _Z17digipot_write_spiiih
 .text._Z8doPD3Intv
                0x00000bbc       0xda main.o
                0x00000bbc                _Z8doPD3Intv
 .text._Z13write_dds_spiv
                0x00000c96       0x56 main.o
                0x00000c96                _Z13write_dds_spiv
 .text._Z15setDDSFrequencyl
                0x00000cec       0xfc main.o
                0x00000cec                _Z15setDDSFrequencyl
 .text._Z17dds_callback_funcv
                0x00000de8      0x374 main.o
                0x00000de8                _Z17dds_callback_funcv
 .text._Z11doTimer1Intv
                0x0000115c        0x4 main.o
                0x0000115c                _Z11doTimer1Intv
 .text._Z15enableInterrupthPFvvEh
                0x00001160      0x1a0 main.o
                0x00001160                _Z15enableInterrupthPFvvEh
 .text.__vector_1
                0x00001300       0x4e main.o
                0x00001300                __vector_1
 .text.__vector_2
                0x0000134e       0x4e main.o
                0x0000134e                __vector_2
 .text.__vector_3
                0x0000139c       0xc6 main.o
                0x0000139c                __vector_3
 .text.__vector_4
                0x00001462       0xc6 main.o
                0x00001462                __vector_4
 .text.__vector_5
                0x00001528       0xe2 main.o
                0x00001528                __vector_5
 .text._Z11setup_pcintv
                0x0000160a       0x30 main.o
                0x0000160a                _Z11setup_pcintv
 .text._Z10oled_setupv
                0x0000163a       0x1e main.o
                0x0000163a                _Z10oled_setupv
 .text._Z13oled_set_textii
                0x00001658       0x1e main.o
                0x00001658                _Z13oled_set_textii
 .text._Z10oled_resetv
                0x00001676       0x18 main.o
                0x00001676                _Z10oled_resetv
 .text._Z16printCurrentFreqv
                0x0000168e       0x78 main.o
                0x0000168e                _Z16printCurrentFreqv
 .text._Z14printLowerFreqv
                0x00001706       0x78 main.o
                0x00001706                _Z14printLowerFreqv
 .text._Z14printUpperFreqv
                0x0000177e       0x78 main.o
                0x0000177e                _Z14printUpperFreqv
 .text._Z9oled_drawv
                0x000017f6      0x116 main.o
                0x000017f6                _Z9oled_drawv
 .text.setup    0x0000190c      0x188 main.o
                0x0000190c                setup
 .text.startup.main
                0x00001a94       0x1a main.o
                0x00001a94                main
 .text.startup._GLOBAL__sub_I__Z17printBinaryNIBBLEh
                0x00001aae       0x1a main.o
 .text.avr-libc.fplib
                0x00001ac8        0xe h:/programs/atmel/studio/7.0/toolchain/avr8/avr8-gnu-toolchain/bin/../lib/gcc/avr/5.4.0/../../../../avr/lib/avr5\libm.a(addsf3.o)
                0x00001ac8                __subsf3
                0x00001aca                __addsf3
 .text.avr-libc.fplib
                0x00001ad6       0xcc h:/programs/atmel/studio/7.0/toolchain/avr8/avr8-gnu-toolchain/bin/../lib/gcc/avr/5.4.0/../../../../avr/lib/avr5\libm.a(addsf3x.o)
                0x00001af8                __addsf3x
 .text.avr-libc.fplib
                0x00001ba2        0x8 h:/programs/atmel/studio/7.0/toolchain/avr8/avr8-gnu-toolchain/bin/../lib/gcc/avr/5.4.0/../../../../avr/lib/avr5\libm.a(divsf3.o)
                0x00001ba2                __divsf3
 .text.avr-libc.fplib
                0x00001baa       0xdc h:/programs/atmel/studio/7.0/toolchain/avr8/avr8-gnu-toolchain/bin/../lib/gcc/avr/5.4.0/../../../../avr/lib/avr5\libm.a(divsf3x.o)
                0x00001bca                __divsf3x
                0x00001bd0                __divsf3_pse
 .text.avr-libc.fplib
                0x00001c86        0xe h:/programs/atmel/studio/7.0/toolchain/avr8/avr8-gnu-toolchain/bin/../lib/gcc/avr/5.4.0/../../../../avr/lib/avr5\libm.a(fixsfsi.o)
                0x00001c86                __fixsfsi
 .text.avr-libc.fplib
                0x00001c94       0x5e h:/programs/atmel/studio/7.0/toolchain/avr8/avr8-gnu-toolchain/bin/../lib/gcc/avr/5.4.0/../../../../avr/lib/avr5\libm.a(fixunssfsi.o)
                0x00001c94                __fixunssfsi
 .text.avr-libc.fplib
                0x00001cf2       0x7a h:/programs/atmel/studio/7.0/toolchain/avr8/avr8-gnu-toolchain/bin/../lib/gcc/avr/5.4.0/../../../../avr/lib/avr5\libm.a(floatsisf.o)
                0x00001cf2                __floatunsisf
                0x00001cf6                __floatsisf
 .text.avr-libc.fplib
                0x00001d6c        0xc h:/programs/atmel/studio/7.0/toolchain/avr8/avr8-gnu-toolchain/bin/../lib/gcc/avr/5.4.0/../../../../avr/lib/avr5\libm.a(fp_inf.o)
                0x00001d6c                __fp_inf
 .text.avr-libc.fplib
                0x00001d78        0x6 h:/programs/atmel/studio/7.0/toolchain/avr8/avr8-gnu-toolchain/bin/../lib/gcc/avr/5.4.0/../../../../avr/lib/avr5\libm.a(fp_nan.o)
                0x00001d78                __fp_nan
 .text.avr-libc.fplib
                0x00001d7e        0xe h:/programs/atmel/studio/7.0/toolchain/avr8/avr8-gnu-toolchain/bin/../lib/gcc/avr/5.4.0/../../../../avr/lib/avr5\libm.a(fp_pscA.o)
                0x00001d7e                __fp_pscA
 .text.avr-libc.fplib
                0x00001d8c        0xe h:/programs/atmel/studio/7.0/toolchain/avr8/avr8-gnu-toolchain/bin/../lib/gcc/avr/5.4.0/../../../../avr/lib/avr5\libm.a(fp_pscB.o)
                0x00001d8c                __fp_pscB
 .text.avr-libc.fplib
                0x00001d9a       0x22 h:/programs/atmel/studio/7.0/toolchain/avr8/avr8-gnu-toolchain/bin/../lib/gcc/avr/5.4.0/../../../../avr/lib/avr5\libm.a(fp_round.o)
                0x00001d9a                __fp_round
 .text.avr-libc.fplib
                0x00001dbc       0x44 h:/programs/atmel/studio/7.0/toolchain/avr8/avr8-gnu-toolchain/bin/../lib/gcc/avr/5.4.0/../../../../avr/lib/avr5\libm.a(fp_split3.o)
                0x00001dbc                __fp_split3
                0x00001dcc                __fp_splitA
 .text.avr-libc.fplib
                0x00001e00        0xe h:/programs/atmel/studio/7.0/toolchain/avr8/avr8-gnu-toolchain/bin/../lib/gcc/avr/5.4.0/../../../../avr/lib/avr5\libm.a(fp_zero.o)
                0x00001e00                __fp_zero
                0x00001e02                __fp_szero
 .text.avr-libc.fplib
                0x00001e0e        0x8 h:/programs/atmel/studio/7.0/toolchain/avr8/avr8-gnu-toolchain/bin/../lib/gcc/avr/5.4.0/../../../../avr/lib/avr5\libm.a(mulsf3.o)
                0x00001e0e                __mulsf3
 .text.avr-libc.fplib
                0x00001e16       0xd2 h:/programs/atmel/studio/7.0/toolchain/avr8/avr8-gnu-toolchain/bin/../lib/gcc/avr/5.4.0/../../../../avr/lib/avr5\libm.a(mulsf3x.o)
                0x00001e34                __mulsf3x
                0x00001e3a                __mulsf3_pse
 .text._Z14serialEventRunv
                0x00001ee8       0x36 H:\WORKSP~1\ElectronicsProjects\TestAndMeasurement\AD9833~1\AD9833~1\Software\DDSVCO~1\DDSVCO~1\DDSVCO~1\ARDUIN~1\Debug\libArduinoCore.a(HardwareSerial.o)
                0x00001ee8                _Z14serialEventRunv
 .text._ZN14HardwareSerial17_tx_udr_empty_irqEv
                0x00001f1e       0xcc H:\WORKSP~1\ElectronicsProjects\TestAndMeasurement\AD9833~1\AD9833~1\Software\DDSVCO~1\DDSVCO~1\DDSVCO~1\ARDUIN~1\Debug\libArduinoCore.a(HardwareSerial.o)
                0x00001f1e                _ZN14HardwareSerial17_tx_udr_empty_irqEv
 .text._ZN14HardwareSerial5beginEmh
                0x00001fea      0x182 H:\WORKSP~1\ElectronicsProjects\TestAndMeasurement\AD9833~1\AD9833~1\Software\DDSVCO~1\DDSVCO~1\DDSVCO~1\ARDUIN~1\Debug\libArduinoCore.a(HardwareSerial.o)
                0x00001fea                _ZN14HardwareSerial5beginEmh
 .text._ZN14HardwareSerial9availableEv
                0x0000216c       0x42 H:\WORKSP~1\ElectronicsProjects\TestAndMeasurement\AD9833~1\AD9833~1\Software\DDSVCO~1\DDSVCO~1\DDSVCO~1\ARDUIN~1\Debug\libArduinoCore.a(HardwareSerial.o)
                0x0000216c                _ZN14HardwareSerial9availableEv
 .text._ZN14HardwareSerial4peekEv
                0x000021ae       0x58 H:\WORKSP~1\ElectronicsProjects\TestAndMeasurement\AD9833~1\AD9833~1\Software\DDSVCO~1\DDSVCO~1\DDSVCO~1\ARDUIN~1\Debug\libArduinoCore.a(HardwareSerial.o)
                0x000021ae                _ZN14HardwareSerial4peekEv
 .text._ZN14HardwareSerial4readEv
                0x00002206       0x76 H:\WORKSP~1\ElectronicsProjects\TestAndMeasurement\AD9833~1\AD9833~1\Software\DDSVCO~1\DDSVCO~1\DDSVCO~1\ARDUIN~1\Debug\libArduinoCore.a(HardwareSerial.o)
                0x00002206                _ZN14HardwareSerial4readEv
 .text._ZN14HardwareSerial17availableForWriteEv
                0x0000227c       0x6a H:\WORKSP~1\ElectronicsProjects\TestAndMeasurement\AD9833~1\AD9833~1\Software\DDSVCO~1\DDSVCO~1\DDSVCO~1\ARDUIN~1\Debug\libArduinoCore.a(HardwareSerial.o)
                0x0000227c                _ZN14HardwareSerial17availableForWriteEv
 .text._ZN14HardwareSerial5flushEv
                0x000022e6       0xc8 H:\WORKSP~1\ElectronicsProjects\TestAndMeasurement\AD9833~1\AD9833~1\Software\DDSVCO~1\DDSVCO~1\DDSVCO~1\ARDUIN~1\Debug\libArduinoCore.a(HardwareSerial.o)
                0x000022e6                _ZN14HardwareSerial5flushEv
 .text._ZN14HardwareSerial5writeEh
                0x000023ae      0x156 H:\WORKSP~1\ElectronicsProjects\TestAndMeasurement\AD9833~1\AD9833~1\Software\DDSVCO~1\DDSVCO~1\DDSVCO~1\ARDUIN~1\Debug\libArduinoCore.a(HardwareSerial.o)
                0x000023ae                _ZN14HardwareSerial5writeEh
 .text._ZN5PrintC2Ev
                0x00002504       0x32 H:\WORKSP~1\ElectronicsProjects\TestAndMeasurement\AD9833~1\AD9833~1\Software\DDSVCO~1\DDSVCO~1\DDSVCO~1\ARDUIN~1\Debug\libArduinoCore.a(HardwareSerial0.o)
                0x00002504                _ZN5PrintC2Ev
                0x00002504                _ZN5PrintC1Ev
 .text._ZN5Print17availableForWriteEv
                0x00002536       0x1c H:\WORKSP~1\ElectronicsProjects\TestAndMeasurement\AD9833~1\AD9833~1\Software\DDSVCO~1\DDSVCO~1\DDSVCO~1\ARDUIN~1\Debug\libArduinoCore.a(HardwareSerial0.o)
                0x00002536                _ZN5Print17availableForWriteEv
 .text._ZN5Print5flushEv
                0x00002552       0x1a H:\WORKSP~1\ElectronicsProjects\TestAndMeasurement\AD9833~1\AD9833~1\Software\DDSVCO~1\DDSVCO~1\DDSVCO~1\ARDUIN~1\Debug\libArduinoCore.a(HardwareSerial0.o)
                0x00002552                _ZN5Print5flushEv
 .text._ZN6StreamC2Ev
                0x0000256c       0x46 H:\WORKSP~1\ElectronicsProjects\TestAndMeasurement\AD9833~1\AD9833~1\Software\DDSVCO~1\DDSVCO~1\DDSVCO~1\ARDUIN~1\Debug\libArduinoCore.a(HardwareSerial0.o)
                0x0000256c                _ZN6StreamC1Ev
                0x0000256c                _ZN6StreamC2Ev
 .text._ZN14HardwareSerialC2EPVhS1_S1_S1_S1_S1_
                0x000025b2       0xe6 H:\WORKSP~1\ElectronicsProjects\TestAndMeasurement\AD9833~1\AD9833~1\Software\DDSVCO~1\DDSVCO~1\DDSVCO~1\ARDUIN~1\Debug\libArduinoCore.a(HardwareSerial0.o)
                0x000025b2                _ZN14HardwareSerialC2EPVhS1_S1_S1_S1_S1_
                0x000025b2                _ZN14HardwareSerialC1EPVhS1_S1_S1_S1_S1_
 .text._ZN14HardwareSerial16_rx_complete_irqEv
                0x00002698       0xac H:\WORKSP~1\ElectronicsProjects\TestAndMeasurement\AD9833~1\AD9833~1\Software\DDSVCO~1\DDSVCO~1\DDSVCO~1\ARDUIN~1\Debug\libArduinoCore.a(HardwareSerial0.o)
                0x00002698                _ZN14HardwareSerial16_rx_complete_irqEv
 .text.__vector_18
                0x00002744       0x5e H:\WORKSP~1\ElectronicsProjects\TestAndMeasurement\AD9833~1\AD9833~1\Software\DDSVCO~1\DDSVCO~1\DDSVCO~1\ARDUIN~1\Debug\libArduinoCore.a(HardwareSerial0.o)
                0x00002744                __vector_18
 .text.__vector_19
                0x000027a2       0x5e H:\WORKSP~1\ElectronicsProjects\TestAndMeasurement\AD9833~1\AD9833~1\Software\DDSVCO~1\DDSVCO~1\DDSVCO~1\ARDUIN~1\Debug\libArduinoCore.a(HardwareSerial0.o)
                0x000027a2                __vector_19
 .text._Z17Serial0_availablev
                0x00002800       0x20 H:\WORKSP~1\ElectronicsProjects\TestAndMeasurement\AD9833~1\AD9833~1\Software\DDSVCO~1\DDSVCO~1\DDSVCO~1\ARDUIN~1\Debug\libArduinoCore.a(HardwareSerial0.o)
                0x00002800                _Z17Serial0_availablev
 .text._Z41__static_initialization_and_destruction_0ii
                0x00002820       0x78 H:\WORKSP~1\ElectronicsProjects\TestAndMeasurement\AD9833~1\AD9833~1\Software\DDSVCO~1\DDSVCO~1\DDSVCO~1\ARDUIN~1\Debug\libArduinoCore.a(HardwareSerial0.o)
 .text._GLOBAL__sub_I___vector_18
                0x00002898       0x1a H:\WORKSP~1\ElectronicsProjects\TestAndMeasurement\AD9833~1\AD9833~1\Software\DDSVCO~1\DDSVCO~1\DDSVCO~1\ARDUIN~1\Debug\libArduinoCore.a(HardwareSerial0.o)
 .text._ZN5Print5writeEPKc
                0x000028b2       0x62 H:\WORKSP~1\ElectronicsProjects\TestAndMeasurement\AD9833~1\AD9833~1\Software\DDSVCO~1\DDSVCO~1\DDSVCO~1\ARDUIN~1\Debug\libArduinoCore.a(Print.o)
                0x000028b2                _ZN5Print5writeEPKc
 .text._ZN5Print5writeEPKhj
                0x00002914       0x9a H:\WORKSP~1\ElectronicsProjects\TestAndMeasurement\AD9833~1\AD9833~1\Software\DDSVCO~1\DDSVCO~1\DDSVCO~1\ARDUIN~1\Debug\libArduinoCore.a(Print.o)
                0x00002914                _ZN5Print5writeEPKhj
 .text._ZN5Print5printEPKc
                0x000029ae       0x30 H:\WORKSP~1\ElectronicsProjects\TestAndMeasurement\AD9833~1\AD9833~1\Software\DDSVCO~1\DDSVCO~1\DDSVCO~1\ARDUIN~1\Debug\libArduinoCore.a(Print.o)
                0x000029ae                _ZN5Print5printEPKc
 .text._ZN5Print5printEc
                0x000029de       0x38 H:\WORKSP~1\ElectronicsProjects\TestAndMeasurement\AD9833~1\AD9833~1\Software\DDSVCO~1\DDSVCO~1\DDSVCO~1\ARDUIN~1\Debug\libArduinoCore.a(Print.o)
                0x000029de                _ZN5Print5printEc
 .text._ZN5Print5printEii
                0x00002a16       0x4a H:\WORKSP~1\ElectronicsProjects\TestAndMeasurement\AD9833~1\AD9833~1\Software\DDSVCO~1\DDSVCO~1\DDSVCO~1\ARDUIN~1\Debug\libArduinoCore.a(Print.o)
                0x00002a16                _ZN5Print5printEii
 .text._ZN5Print5printEji
                0x00002a60       0x48 H:\WORKSP~1\ElectronicsProjects\TestAndMeasurement\AD9833~1\AD9833~1\Software\DDSVCO~1\DDSVCO~1\DDSVCO~1\ARDUIN~1\Debug\libArduinoCore.a(Print.o)
                0x00002a60                _ZN5Print5printEji
 .text._ZN5Print5printEli
                0x00002aa8       0xf2 H:\WORKSP~1\ElectronicsProjects\TestAndMeasurement\AD9833~1\AD9833~1\Software\DDSVCO~1\DDSVCO~1\DDSVCO~1\ARDUIN~1\Debug\libArduinoCore.a(Print.o)
                0x00002aa8                _ZN5Print5printEli
 .text._ZN5Print5printEmi
                0x00002b9a       0x74 H:\WORKSP~1\ElectronicsProjects\TestAndMeasurement\AD9833~1\AD9833~1\Software\DDSVCO~1\DDSVCO~1\DDSVCO~1\ARDUIN~1\Debug\libArduinoCore.a(Print.o)
                0x00002b9a                _ZN5Print5printEmi
 .text._ZN5Print5printEdi
                0x00002c0e       0x4e H:\WORKSP~1\ElectronicsProjects\TestAndMeasurement\AD9833~1\AD9833~1\Software\DDSVCO~1\DDSVCO~1\DDSVCO~1\ARDUIN~1\Debug\libArduinoCore.a(Print.o)
                0x00002c0e                _ZN5Print5printEdi
 .text._ZN5Print11printNumberEmh
                0x00002c5c       0xe4 H:\WORKSP~1\ElectronicsProjects\TestAndMeasurement\AD9833~1\AD9833~1\Software\DDSVCO~1\DDSVCO~1\DDSVCO~1\ARDUIN~1\Debug\libArduinoCore.a(Print.o)
                0x00002c5c                _ZN5Print11printNumberEmh
 .text._ZN5Print10printFloatEdh
                0x00002d40      0x2de H:\WORKSP~1\ElectronicsProjects\TestAndMeasurement\AD9833~1\AD9833~1\Software\DDSVCO~1\DDSVCO~1\DDSVCO~1\ARDUIN~1\Debug\libArduinoCore.a(Print.o)
                0x00002d40                _ZN5Print10printFloatEdh
 .text.__vector_16
                0x0000301e       0xe6 H:\WORKSP~1\ElectronicsProjects\TestAndMeasurement\AD9833~1\AD9833~1\Software\DDSVCO~1\DDSVCO~1\DDSVCO~1\ARDUIN~1\Debug\libArduinoCore.a(wiring.o)
                0x0000301e                __vector_16
 .text.millis   0x00003104       0x58 H:\WORKSP~1\ElectronicsProjects\TestAndMeasurement\AD9833~1\AD9833~1\Software\DDSVCO~1\DDSVCO~1\DDSVCO~1\ARDUIN~1\Debug\libArduinoCore.a(wiring.o)
                0x00003104                millis
 .text.micros   0x0000315c       0xbe H:\WORKSP~1\ElectronicsProjects\TestAndMeasurement\AD9833~1\AD9833~1\Software\DDSVCO~1\DDSVCO~1\DDSVCO~1\ARDUIN~1\Debug\libArduinoCore.a(wiring.o)
                0x0000315c                micros
 .text.delay    0x0000321a       0xd0 H:\WORKSP~1\ElectronicsProjects\TestAndMeasurement\AD9833~1\AD9833~1\Software\DDSVCO~1\DDSVCO~1\DDSVCO~1\ARDUIN~1\Debug\libArduinoCore.a(wiring.o)
                0x0000321a                delay
 .text.init     0x000032ea      0x166 H:\WORKSP~1\ElectronicsProjects\TestAndMeasurement\AD9833~1\AD9833~1\Software\DDSVCO~1\DDSVCO~1\DDSVCO~1\ARDUIN~1\Debug\libArduinoCore.a(wiring.o)
                0x000032ea                init
 .text.pinMode  0x00003450      0x196 H:\WORKSP~1\ElectronicsProjects\TestAndMeasurement\AD9833~1\AD9833~1\Software\DDSVCO~1\DDSVCO~1\DDSVCO~1\ARDUIN~1\Debug\libArduinoCore.a(wiring_digital.o)
                0x00003450                pinMode
 .text.turnOffPWM
                0x000035e6       0xbe H:\WORKSP~1\ElectronicsProjects\TestAndMeasurement\AD9833~1\AD9833~1\Software\DDSVCO~1\DDSVCO~1\DDSVCO~1\ARDUIN~1\Debug\libArduinoCore.a(wiring_digital.o)
 .text.digitalWrite
                0x000036a4      0x112 H:\WORKSP~1\ElectronicsProjects\TestAndMeasurement\AD9833~1\AD9833~1\Software\DDSVCO~1\DDSVCO~1\DDSVCO~1\ARDUIN~1\Debug\libArduinoCore.a(wiring_digital.o)
                0x000036a4                digitalWrite
 .text._Z3maplllll
                0x000037b6       0xee H:\WORKSP~1\ElectronicsProjects\TestAndMeasurement\AD9833~1\AD9833~1\Software\DDSVCO~1\DDSVCO~1\DDSVCO~1\ARDUIN~1\Debug\libArduinoCore.a(WMath.o)
                0x000037b6                _Z3maplllll
 .text._ZN12Adafruit_GFXC2Eii
                0x000038a4       0xf6 H:\WORKSP~1\ElectronicsProjects\TestAndMeasurement\AD9833~1\AD9833~1\Software\DDSVCO~1\DDSVCO~1\DDSVCO~1\ARDUIN~1\Debug\libArduinoCore.a(Adafruit_GFX.o)
                0x000038a4                _ZN12Adafruit_GFXC2Eii
                0x000038a4                _ZN12Adafruit_GFXC1Eii
 .text._ZN12Adafruit_GFX9writeLineEiiiij
                0x0000399a      0x21c H:\WORKSP~1\ElectronicsProjects\TestAndMeasurement\AD9833~1\AD9833~1\Software\DDSVCO~1\DDSVCO~1\DDSVCO~1\ARDUIN~1\Debug\libArduinoCore.a(Adafruit_GFX.o)
                0x0000399a                _ZN12Adafruit_GFX9writeLineEiiiij
 .text._ZN12Adafruit_GFX10startWriteEv
                0x00003bb6       0x1a H:\WORKSP~1\ElectronicsProjects\TestAndMeasurement\AD9833~1\AD9833~1\Software\DDSVCO~1\DDSVCO~1\DDSVCO~1\ARDUIN~1\Debug\libArduinoCore.a(Adafruit_GFX.o)
                0x00003bb6                _ZN12Adafruit_GFX10startWriteEv
 .text._ZN12Adafruit_GFX10writePixelEiij
                0x00003bd0       0x5c H:\WORKSP~1\ElectronicsProjects\TestAndMeasurement\AD9833~1\AD9833~1\Software\DDSVCO~1\DDSVCO~1\DDSVCO~1\ARDUIN~1\Debug\libArduinoCore.a(Adafruit_GFX.o)
                0x00003bd0                _ZN12Adafruit_GFX10writePixelEiij
 .text._ZN12Adafruit_GFX14writeFastVLineEiiij
                0x00003c2c       0x6e H:\WORKSP~1\ElectronicsProjects\TestAndMeasurement\AD9833~1\AD9833~1\Software\DDSVCO~1\DDSVCO~1\DDSVCO~1\ARDUIN~1\Debug\libArduinoCore.a(Adafruit_GFX.o)
                0x00003c2c                _ZN12Adafruit_GFX14writeFastVLineEiiij
 .text._ZN12Adafruit_GFX14writeFastHLineEiiij
                0x00003c9a       0x6e H:\WORKSP~1\ElectronicsProjects\TestAndMeasurement\AD9833~1\AD9833~1\Software\DDSVCO~1\DDSVCO~1\DDSVCO~1\ARDUIN~1\Debug\libArduinoCore.a(Adafruit_GFX.o)
                0x00003c9a                _ZN12Adafruit_GFX14writeFastHLineEiiij
 .text._ZN12Adafruit_GFX13writeFillRectEiiiij
                0x00003d08       0x80 H:\WORKSP~1\ElectronicsProjects\TestAndMeasurement\AD9833~1\AD9833~1\Software\DDSVCO~1\DDSVCO~1\DDSVCO~1\ARDUIN~1\Debug\libArduinoCore.a(Adafruit_GFX.o)
                0x00003d08                _ZN12Adafruit_GFX13writeFillRectEiiiij
 .text._ZN12Adafruit_GFX8endWriteEv
                0x00003d88       0x1a H:\WORKSP~1\ElectronicsProjects\TestAndMeasurement\AD9833~1\AD9833~1\Software\DDSVCO~1\DDSVCO~1\DDSVCO~1\ARDUIN~1\Debug\libArduinoCore.a(Adafruit_GFX.o)
                0x00003d88                _ZN12Adafruit_GFX8endWriteEv
 .text._ZN12Adafruit_GFX13drawFastVLineEiiij
                0x00003da2       0xbc H:\WORKSP~1\ElectronicsProjects\TestAndMeasurement\AD9833~1\AD9833~1\Software\DDSVCO~1\DDSVCO~1\DDSVCO~1\ARDUIN~1\Debug\libArduinoCore.a(Adafruit_GFX.o)
                0x00003da2                _ZN12Adafruit_GFX13drawFastVLineEiiij
 .text._ZN12Adafruit_GFX13drawFastHLineEiiij
                0x00003e5e       0xbe H:\WORKSP~1\ElectronicsProjects\TestAndMeasurement\AD9833~1\AD9833~1\Software\DDSVCO~1\DDSVCO~1\DDSVCO~1\ARDUIN~1\Debug\libArduinoCore.a(Adafruit_GFX.o)
                0x00003e5e                _ZN12Adafruit_GFX13drawFastHLineEiiij
 .text._ZN12Adafruit_GFX8fillRectEiiiij
                0x00003f1c       0xd8 H:\WORKSP~1\ElectronicsProjects\TestAndMeasurement\AD9833~1\AD9833~1\Software\DDSVCO~1\DDSVCO~1\DDSVCO~1\ARDUIN~1\Debug\libArduinoCore.a(Adafruit_GFX.o)
                0x00003f1c                _ZN12Adafruit_GFX8fillRectEiiiij
 .text._ZN12Adafruit_GFX10fillScreenEj
                0x00003ff4       0x78 H:\WORKSP~1\ElectronicsProjects\TestAndMeasurement\AD9833~1\AD9833~1\Software\DDSVCO~1\DDSVCO~1\DDSVCO~1\ARDUIN~1\Debug\libArduinoCore.a(Adafruit_GFX.o)
                0x00003ff4                _ZN12Adafruit_GFX10fillScreenEj
 .text._ZN12Adafruit_GFX8drawLineEiiiij
                0x0000406c      0x198 H:\WORKSP~1\ElectronicsProjects\TestAndMeasurement\AD9833~1\AD9833~1\Software\DDSVCO~1\DDSVCO~1\DDSVCO~1\ARDUIN~1\Debug\libArduinoCore.a(Adafruit_GFX.o)
                0x0000406c                _ZN12Adafruit_GFX8drawLineEiiiij
 .text._ZN12Adafruit_GFX8drawRectEiiiij
                0x00004204      0x148 H:\WORKSP~1\ElectronicsProjects\TestAndMeasurement\AD9833~1\AD9833~1\Software\DDSVCO~1\DDSVCO~1\DDSVCO~1\ARDUIN~1\Debug\libArduinoCore.a(Adafruit_GFX.o)
                0x00004204                _ZN12Adafruit_GFX8drawRectEiiiij
 .text._ZN12Adafruit_GFX8drawCharEiihjjh
                0x0000434c      0x810 H:\WORKSP~1\ElectronicsProjects\TestAndMeasurement\AD9833~1\AD9833~1\Software\DDSVCO~1\DDSVCO~1\DDSVCO~1\ARDUIN~1\Debug\libArduinoCore.a(Adafruit_GFX.o)
                0x0000434c                _ZN12Adafruit_GFX8drawCharEiihjjh
 .text._ZN12Adafruit_GFX5writeEh
                0x00004b5c      0x45c H:\WORKSP~1\ElectronicsProjects\TestAndMeasurement\AD9833~1\AD9833~1\Software\DDSVCO~1\DDSVCO~1\DDSVCO~1\ARDUIN~1\Debug\libArduinoCore.a(Adafruit_GFX.o)
                0x00004b5c                _ZN12Adafruit_GFX5writeEh
 .text._ZN12Adafruit_GFX9setCursorEii
                0x00004fb8       0x4a H:\WORKSP~1\ElectronicsProjects\TestAndMeasurement\AD9833~1\AD9833~1\Software\DDSVCO~1\DDSVCO~1\DDSVCO~1\ARDUIN~1\Debug\libArduinoCore.a(Adafruit_GFX.o)
                0x00004fb8                _ZN12Adafruit_GFX9setCursorEii
 .text._ZN12Adafruit_GFX11setTextSizeEh
                0x00005002       0x34 H:\WORKSP~1\ElectronicsProjects\TestAndMeasurement\AD9833~1\AD9833~1\Software\DDSVCO~1\DDSVCO~1\DDSVCO~1\ARDUIN~1\Debug\libArduinoCore.a(Adafruit_GFX.o)
                0x00005002                _ZN12Adafruit_GFX11setTextSizeEh
 .text._ZN12Adafruit_GFX12setTextColorEj
                0x00005036       0x46 H:\WORKSP~1\ElectronicsProjects\TestAndMeasurement\AD9833~1\AD9833~1\Software\DDSVCO~1\DDSVCO~1\DDSVCO~1\ARDUIN~1\Debug\libArduinoCore.a(Adafruit_GFX.o)
                0x00005036                _ZN12Adafruit_GFX12setTextColorEj
 .text._ZNK12Adafruit_GFX11getRotationEv
                0x0000507c       0x20 H:\WORKSP~1\ElectronicsProjects\TestAndMeasurement\AD9833~1\AD9833~1\Software\DDSVCO~1\DDSVCO~1\DDSVCO~1\ARDUIN~1\Debug\libArduinoCore.a(Adafruit_GFX.o)
                0x0000507c                _ZNK12Adafruit_GFX11getRotationEv
 .text._ZN12Adafruit_GFX11setRotationEh
                0x0000509c       0xac H:\WORKSP~1\ElectronicsProjects\TestAndMeasurement\AD9833~1\AD9833~1\Software\DDSVCO~1\DDSVCO~1\DDSVCO~1\ARDUIN~1\Debug\libArduinoCore.a(Adafruit_GFX.o)
                0x0000509c                _ZN12Adafruit_GFX11setRotationEh
 .text._ZNK12Adafruit_GFX5widthEv
                0x00005148       0x22 H:\WORKSP~1\ElectronicsProjects\TestAndMeasurement\AD9833~1\AD9833~1\Software\DDSVCO~1\DDSVCO~1\DDSVCO~1\ARDUIN~1\Debug\libArduinoCore.a(Adafruit_GFX.o)
                0x00005148                _ZNK12Adafruit_GFX5widthEv
 .text._ZNK12Adafruit_GFX6heightEv
                0x0000516a       0x22 H:\WORKSP~1\ElectronicsProjects\TestAndMeasurement\AD9833~1\AD9833~1\Software\DDSVCO~1\DDSVCO~1\DDSVCO~1\ARDUIN~1\Debug\libArduinoCore.a(Adafruit_GFX.o)
                0x0000516a                _ZNK12Adafruit_GFX6heightEv
 .text._ZN12Adafruit_GFX13invertDisplayEb
                0x0000518c       0x20 H:\WORKSP~1\ElectronicsProjects\TestAndMeasurement\AD9833~1\AD9833~1\Software\DDSVCO~1\DDSVCO~1\DDSVCO~1\ARDUIN~1\Debug\libArduinoCore.a(Adafruit_GFX.o)
                0x0000518c                _ZN12Adafruit_GFX13invertDisplayEb
 .text._ZN7TwoWire5writeEi
                0x000051ac       0x3e H:\WORKSP~1\ElectronicsProjects\TestAndMeasurement\AD9833~1\AD9833~1\Software\DDSVCO~1\DDSVCO~1\DDSVCO~1\ARDUIN~1\Debug\libArduinoCore.a(Adafruit_SSD1306.o)
                0x000051ac                _ZN7TwoWire5writeEi
 .text._ZN11SPISettingsC2Emhh
                0x000051ea       0x56 H:\WORKSP~1\ElectronicsProjects\TestAndMeasurement\AD9833~1\AD9833~1\Software\DDSVCO~1\DDSVCO~1\DDSVCO~1\ARDUIN~1\Debug\libArduinoCore.a(Adafruit_SSD1306.o)
                0x000051ea                _ZN11SPISettingsC1Emhh
                0x000051ea                _ZN11SPISettingsC2Emhh
 .text._ZN11SPISettings16init_MightInlineEmhh
                0x00005240       0xfa H:\WORKSP~1\ElectronicsProjects\TestAndMeasurement\AD9833~1\AD9833~1\Software\DDSVCO~1\DDSVCO~1\DDSVCO~1\ARDUIN~1\Debug\libArduinoCore.a(Adafruit_SSD1306.o)
                0x00005240                _ZN11SPISettings16init_MightInlineEmhh
 .text._ZN16Adafruit_SSD13069drawPixelEiij
                0x0000533a      0x2ac H:\WORKSP~1\ElectronicsProjects\TestAndMeasurement\AD9833~1\AD9833~1\Software\DDSVCO~1\DDSVCO~1\DDSVCO~1\ARDUIN~1\Debug\libArduinoCore.a(Adafruit_SSD1306.o)
                0x0000533a                _ZN16Adafruit_SSD13069drawPixelEiij
 .text._ZN16Adafruit_SSD1306C2Ea
                0x000055e6       0x82 H:\WORKSP~1\ElectronicsProjects\TestAndMeasurement\AD9833~1\AD9833~1\Software\DDSVCO~1\DDSVCO~1\DDSVCO~1\ARDUIN~1\Debug\libArduinoCore.a(Adafruit_SSD1306.o)
                0x000055e6                _ZN16Adafruit_SSD1306C2Ea
                0x000055e6                _ZN16Adafruit_SSD1306C1Ea
 .text._ZN16Adafruit_SSD13065beginEhhb
                0x00005668      0x462 H:\WORKSP~1\ElectronicsProjects\TestAndMeasurement\AD9833~1\AD9833~1\Software\DDSVCO~1\DDSVCO~1\DDSVCO~1\ARDUIN~1\Debug\libArduinoCore.a(Adafruit_SSD1306.o)
                0x00005668                _ZN16Adafruit_SSD13065beginEhhb
 .text._ZN16Adafruit_SSD130615ssd1306_commandEh
                0x00005aca      0x112 H:\WORKSP~1\ElectronicsProjects\TestAndMeasurement\AD9833~1\AD9833~1\Software\DDSVCO~1\DDSVCO~1\DDSVCO~1\ARDUIN~1\Debug\libArduinoCore.a(Adafruit_SSD1306.o)
                0x00005aca                _ZN16Adafruit_SSD130615ssd1306_commandEh
 .text._ZN16Adafruit_SSD13067displayEv
                0x00005bdc      0x1e2 H:\WORKSP~1\ElectronicsProjects\TestAndMeasurement\AD9833~1\AD9833~1\Software\DDSVCO~1\DDSVCO~1\DDSVCO~1\ARDUIN~1\Debug\libArduinoCore.a(Adafruit_SSD1306.o)
                0x00005bdc                _ZN16Adafruit_SSD13067displayEv
 .text._ZN16Adafruit_SSD130612clearDisplayEv
                0x00005dbe       0x2a H:\WORKSP~1\ElectronicsProjects\TestAndMeasurement\AD9833~1\AD9833~1\Software\DDSVCO~1\DDSVCO~1\DDSVCO~1\ARDUIN~1\Debug\libArduinoCore.a(Adafruit_SSD1306.o)
                0x00005dbe                _ZN16Adafruit_SSD130612clearDisplayEv
 .text._ZN16Adafruit_SSD130612fastSPIwriteEh
                0x00005de8       0xfc H:\WORKSP~1\ElectronicsProjects\TestAndMeasurement\AD9833~1\AD9833~1\Software\DDSVCO~1\DDSVCO~1\DDSVCO~1\ARDUIN~1\Debug\libArduinoCore.a(Adafruit_SSD1306.o)
                0x00005de8                _ZN16Adafruit_SSD130612fastSPIwriteEh
 .text._ZN16Adafruit_SSD130613drawFastHLineEiiij
                0x00005ee4      0x4f2 H:\WORKSP~1\ElectronicsProjects\TestAndMeasurement\AD9833~1\AD9833~1\Software\DDSVCO~1\DDSVCO~1\DDSVCO~1\ARDUIN~1\Debug\libArduinoCore.a(Adafruit_SSD1306.o)
                0x00005ee4                _ZN16Adafruit_SSD130613drawFastHLineEiiij
 .text._ZN16Adafruit_SSD130613drawFastVLineEiiij
                0x000063d6      0x4f4 H:\WORKSP~1\ElectronicsProjects\TestAndMeasurement\AD9833~1\AD9833~1\Software\DDSVCO~1\DDSVCO~1\DDSVCO~1\ARDUIN~1\Debug\libArduinoCore.a(Adafruit_SSD1306.o)
                0x000063d6                _ZN16Adafruit_SSD130613drawFastVLineEiiij
 .text._ZN8SPIClass5beginEv
                0x000068ca      0x108 H:\WORKSP~1\ElectronicsProjects\TestAndMeasurement\AD9833~1\AD9833~1\Software\DDSVCO~1\DDSVCO~1\DDSVCO~1\ARDUIN~1\Debug\libArduinoCore.a(SPI.o)
                0x000068ca                _ZN8SPIClass5beginEv
 .text.__vector_13
                0x000069d2       0x62 H:\WORKSP~1\ElectronicsProjects\TestAndMeasurement\AD9833~1\AD9833~1\Software\DDSVCO~1\DDSVCO~1\DDSVCO~1\ARDUIN~1\Debug\libArduinoCore.a(TimerOne.o)
                0x000069d2                __vector_13
 .text._ZN5Print13setWriteErrorEi
                0x00006a34       0x32 H:\WORKSP~1\ElectronicsProjects\TestAndMeasurement\AD9833~1\AD9833~1\Software\DDSVCO~1\DDSVCO~1\DDSVCO~1\ARDUIN~1\Debug\libArduinoCore.a(Wire.o)
                0x00006a34                _ZN5Print13setWriteErrorEi
 .text._ZN7TwoWireC2Ev
                0x00006a66       0x30 H:\WORKSP~1\ElectronicsProjects\TestAndMeasurement\AD9833~1\AD9833~1\Software\DDSVCO~1\DDSVCO~1\DDSVCO~1\ARDUIN~1\Debug\libArduinoCore.a(Wire.o)
                0x00006a66                _ZN7TwoWireC1Ev
                0x00006a66                _ZN7TwoWireC2Ev
 .text._ZN7TwoWire5beginEv
                0x00006a96       0x2e H:\WORKSP~1\ElectronicsProjects\TestAndMeasurement\AD9833~1\AD9833~1\Software\DDSVCO~1\DDSVCO~1\DDSVCO~1\ARDUIN~1\Debug\libArduinoCore.a(Wire.o)
                0x00006a96                _ZN7TwoWire5beginEv
 .text._ZN7TwoWire17beginTransmissionEh
                0x00006ac4       0x34 H:\WORKSP~1\ElectronicsProjects\TestAndMeasurement\AD9833~1\AD9833~1\Software\DDSVCO~1\DDSVCO~1\DDSVCO~1\ARDUIN~1\Debug\libArduinoCore.a(Wire.o)
                0x00006ac4                _ZN7TwoWire17beginTransmissionEh
 .text._ZN7TwoWire17beginTransmissionEi
                0x00006af8       0x30 H:\WORKSP~1\ElectronicsProjects\TestAndMeasurement\AD9833~1\AD9833~1\Software\DDSVCO~1\DDSVCO~1\DDSVCO~1\ARDUIN~1\Debug\libArduinoCore.a(Wire.o)
                0x00006af8                _ZN7TwoWire17beginTransmissionEi
 .text._ZN7TwoWire15endTransmissionEh
                0x00006b28       0x4a H:\WORKSP~1\ElectronicsProjects\TestAndMeasurement\AD9833~1\AD9833~1\Software\DDSVCO~1\DDSVCO~1\DDSVCO~1\ARDUIN~1\Debug\libArduinoCore.a(Wire.o)
                0x00006b28                _ZN7TwoWire15endTransmissionEh
 .text._ZN7TwoWire15endTransmissionEv
                0x00006b72       0x22 H:\WORKSP~1\ElectronicsProjects\TestAndMeasurement\AD9833~1\AD9833~1\Software\DDSVCO~1\DDSVCO~1\DDSVCO~1\ARDUIN~1\Debug\libArduinoCore.a(Wire.o)
                0x00006b72                _ZN7TwoWire15endTransmissionEv
 .text._ZN7TwoWire5writeEh
                0x00006b94       0x74 H:\WORKSP~1\ElectronicsProjects\TestAndMeasurement\AD9833~1\AD9833~1\Software\DDSVCO~1\DDSVCO~1\DDSVCO~1\ARDUIN~1\Debug\libArduinoCore.a(Wire.o)
                0x00006b94                _ZN7TwoWire5writeEh
 .text._ZN7TwoWire5writeEPKhj
                0x00006c08       0x92 H:\WORKSP~1\ElectronicsProjects\TestAndMeasurement\AD9833~1\AD9833~1\Software\DDSVCO~1\DDSVCO~1\DDSVCO~1\ARDUIN~1\Debug\libArduinoCore.a(Wire.o)
                0x00006c08                _ZN7TwoWire5writeEPKhj
 .text._ZN7TwoWire9availableEv
                0x00006c9a       0x30 H:\WORKSP~1\ElectronicsProjects\TestAndMeasurement\AD9833~1\AD9833~1\Software\DDSVCO~1\DDSVCO~1\DDSVCO~1\ARDUIN~1\Debug\libArduinoCore.a(Wire.o)
                0x00006c9a                _ZN7TwoWire9availableEv
 .text._ZN7TwoWire4readEv
                0x00006cca       0x58 H:\WORKSP~1\ElectronicsProjects\TestAndMeasurement\AD9833~1\AD9833~1\Software\DDSVCO~1\DDSVCO~1\DDSVCO~1\ARDUIN~1\Debug\libArduinoCore.a(Wire.o)
                0x00006cca                _ZN7TwoWire4readEv
 .text._ZN7TwoWire4peekEv
                0x00006d22       0x4e H:\WORKSP~1\ElectronicsProjects\TestAndMeasurement\AD9833~1\AD9833~1\Software\DDSVCO~1\DDSVCO~1\DDSVCO~1\ARDUIN~1\Debug\libArduinoCore.a(Wire.o)
                0x00006d22                _ZN7TwoWire4peekEv
 .text._ZN7TwoWire5flushEv
                0x00006d70       0x1a H:\WORKSP~1\ElectronicsProjects\TestAndMeasurement\AD9833~1\AD9833~1\Software\DDSVCO~1\DDSVCO~1\DDSVCO~1\ARDUIN~1\Debug\libArduinoCore.a(Wire.o)
                0x00006d70                _ZN7TwoWire5flushEv
 .text._Z41__static_initialization_and_destruction_0ii
                0x00006d8a       0x3c H:\WORKSP~1\ElectronicsProjects\TestAndMeasurement\AD9833~1\AD9833~1\Software\DDSVCO~1\DDSVCO~1\DDSVCO~1\ARDUIN~1\Debug\libArduinoCore.a(Wire.o)
 .text._GLOBAL__sub_I__ZN7TwoWire8rxBufferE
                0x00006dc6       0x1a H:\WORKSP~1\ElectronicsProjects\TestAndMeasurement\AD9833~1\AD9833~1\Software\DDSVCO~1\DDSVCO~1\DDSVCO~1\ARDUIN~1\Debug\libArduinoCore.a(Wire.o)
 .text.__cxa_pure_virtual
                0x00006de0        0xc H:\WORKSP~1\ElectronicsProjects\TestAndMeasurement\AD9833~1\AD9833~1\Software\DDSVCO~1\DDSVCO~1\DDSVCO~1\ARDUIN~1\Debug\libArduinoCore.a(abi.o)
                0x00006de0                __cxa_pure_virtual
 .text.__empty  0x00006dec       0x10 H:\WORKSP~1\ElectronicsProjects\TestAndMeasurement\AD9833~1\AD9833~1\Software\DDSVCO~1\DDSVCO~1\DDSVCO~1\ARDUIN~1\Debug\libArduinoCore.a(hooks.o)
                0x00006dec                yield
 .text.twi_init
                0x00006dfc       0x66 H:\WORKSP~1\ElectronicsProjects\TestAndMeasurement\AD9833~1\AD9833~1\Software\DDSVCO~1\DDSVCO~1\DDSVCO~1\ARDUIN~1\Debug\libArduinoCore.a(twi.o)
                0x00006dfc                twi_init
 .text.twi_writeTo
                0x00006e62      0x12c H:\WORKSP~1\ElectronicsProjects\TestAndMeasurement\AD9833~1\AD9833~1\Software\DDSVCO~1\DDSVCO~1\DDSVCO~1\ARDUIN~1\Debug\libArduinoCore.a(twi.o)
                0x00006e62                twi_writeTo
 .text.twi_transmit
                0x00006f8e       0x92 H:\WORKSP~1\ElectronicsProjects\TestAndMeasurement\AD9833~1\AD9833~1\Software\DDSVCO~1\DDSVCO~1\DDSVCO~1\ARDUIN~1\Debug\libArduinoCore.a(twi.o)
                0x00006f8e                twi_transmit
 .text.twi_reply
                0x00007020       0x32 H:\WORKSP~1\ElectronicsProjects\TestAndMeasurement\AD9833~1\AD9833~1\Software\DDSVCO~1\DDSVCO~1\DDSVCO~1\ARDUIN~1\Debug\libArduinoCore.a(twi.o)
                0x00007020                twi_reply
 .text.twi_stop
                0x00007052       0x36 H:\WORKSP~1\ElectronicsProjects\TestAndMeasurement\AD9833~1\AD9833~1\Software\DDSVCO~1\DDSVCO~1\DDSVCO~1\ARDUIN~1\Debug\libArduinoCore.a(twi.o)
                0x00007052                twi_stop
 .text.twi_releaseBus
                0x00007088       0x1e H:\WORKSP~1\ElectronicsProjects\TestAndMeasurement\AD9833~1\AD9833~1\Software\DDSVCO~1\DDSVCO~1\DDSVCO~1\ARDUIN~1\Debug\libArduinoCore.a(twi.o)
                0x00007088                twi_releaseBus
 .text.__vector_24
                0x000070a6      0x2b0 H:\WORKSP~1\ElectronicsProjects\TestAndMeasurement\AD9833~1\AD9833~1\Software\DDSVCO~1\DDSVCO~1\DDSVCO~1\ARDUIN~1\Debug\libArduinoCore.a(twi.o)
                0x000070a6                __vector_24
 .text.avr-libc.fplib
                0x00007356        0xa h:/programs/atmel/studio/7.0/toolchain/avr8/avr8-gnu-toolchain/bin/../lib/gcc/avr/5.4.0/../../../../avr/lib/avr5\libm.a(cmpsf2.o)
                0x00007356                __nesf2
                0x00007356                __eqsf2
                0x00007356                __cmpsf2
                0x00007356                __ltsf2
                0x00007356                __lesf2
 .text.avr-libc.fplib
                0x00007360       0x48 h:/programs/atmel/studio/7.0/toolchain/avr8/avr8-gnu-toolchain/bin/../lib/gcc/avr/5.4.0/../../../../avr/lib/avr5\libm.a(fp_cmp.o)
                0x00007360                __fp_cmp
 .text.avr-libc.fplib
                0x000073a8        0xa h:/programs/atmel/studio/7.0/toolchain/avr8/avr8-gnu-toolchain/bin/../lib/gcc/avr/5.4.0/../../../../avr/lib/avr5\libm.a(gesf2.o)
                0x000073a8                __gesf2
                0x000073a8                __gtsf2
 .text.avr-libc.fplib
                0x000073b2        0xa h:/programs/atmel/studio/7.0/toolchain/avr8/avr8-gnu-toolchain/bin/../lib/gcc/avr/5.4.0/../../../../avr/lib/avr5\libm.a(unordsf2.o)
                0x000073b2                __unordsf2
 .text.libgcc.mul
                0x000073bc       0x20 h:/programs/atmel/studio/7.0/toolchain/avr8/avr8-gnu-toolchain/bin/../lib/gcc/avr/5.4.0/avr5\libgcc.a(_mulsi3.o)
                0x000073bc                __mulsi3
 .text.libgcc.div
                0x000073dc       0x44 h:/programs/atmel/studio/7.0/toolchain/avr8/avr8-gnu-toolchain/bin/../lib/gcc/avr/5.4.0/avr5\libgcc.a(_udivmodsi4.o)
                0x000073dc                __udivmodsi4
 .text.libgcc.div
                0x00007420       0x2e h:/programs/atmel/studio/7.0/toolchain/avr8/avr8-gnu-toolchain/bin/../lib/gcc/avr/5.4.0/avr5\libgcc.a(_divmodsi4.o)
                0x00007420                __divmodsi4
 .text.libgcc.div
                0x0000744e       0x10 h:/programs/atmel/studio/7.0/toolchain/avr8/avr8-gnu-toolchain/bin/../lib/gcc/avr/5.4.0/avr5\libgcc.a(_negsi2.o)
                0x0000744e                __negsi2
 .text.libgcc   0x0000745e        0xc h:/programs/atmel/studio/7.0/toolchain/avr8/avr8-gnu-toolchain/bin/../lib/gcc/avr/5.4.0/avr5\libgcc.a(_tablejump2.o)
                0x0000745e                __tablejump2__
 .text.libgcc.mul
                0x0000746a       0x16 h:/programs/atmel/studio/7.0/toolchain/avr8/avr8-gnu-toolchain/bin/../lib/gcc/avr/5.4.0/avr5\libgcc.a(_muluhisi3.o)
                0x0000746a                __muluhisi3
 .text.libgcc.mul
                0x00007480       0x1e h:/programs/atmel/studio/7.0/toolchain/avr8/avr8-gnu-toolchain/bin/../lib/gcc/avr/5.4.0/avr5\libgcc.a(_umulhisi3.o)
                0x00007480                __umulhisi3
 .text.avr-libc
                0x0000749e        0xa h:/programs/atmel/studio/7.0/toolchain/avr8/avr8-gnu-toolchain/bin/../lib/gcc/avr/5.4.0/../../../../avr/lib/avr5\libc.a(abort.o)
                0x0000749e                abort
 .text.avr-libc
                0x000074a8        0xe h:/programs/atmel/studio/7.0/toolchain/avr8/avr8-gnu-toolchain/bin/../lib/gcc/avr/5.4.0/../../../../avr/lib/avr5\libc.a(memset.o)
                0x000074a8                memset
 .text.avr-libc
                0x000074b6       0x12 h:/programs/atmel/studio/7.0/toolchain/avr8/avr8-gnu-toolchain/bin/../lib/gcc/avr/5.4.0/../../../../avr/lib/avr5\libc.a(strlen.o)
                0x000074b6                strlen
                0x000074c8                . = ALIGN (0x2)
 *(.fini9)
 .fini9         0x000074c8        0x0 h:/programs/atmel/studio/7.0/toolchain/avr8/avr8-gnu-toolchain/bin/../lib/gcc/avr/5.4.0/avr5\libgcc.a(_exit.o)
                0x000074c8                _exit
                0x000074c8                exit
 *(.fini9)
 *(.fini8)
 *(.fini8)
 *(.fini7)
 *(.fini7)
 *(.fini6)
 *(.fini6)
 *(.fini5)
 *(.fini5)
 *(.fini4)
 *(.fini4)
 *(.fini3)
 *(.fini3)
 *(.fini2)
 *(.fini2)
 *(.fini1)
 *(.fini1)
 *(.fini0)
 .fini0         0x000074c8        0x4 h:/programs/atmel/studio/7.0/toolchain/avr8/avr8-gnu-toolchain/bin/../lib/gcc/avr/5.4.0/avr5\libgcc.a(_exit.o)
 *(.fini0)
                0x000074cc                _etext = .

.data           0x00800100      0x2fe load address 0x000074cc
                0x00800100                PROVIDE (__data_start, .)
 *(.data)
 *(.data*)
 .data.linespace
                0x00800100        0x2 main.o
                0x00800100                linespace
 .data.gainCompensation
                0x00800102        0x4 main.o
                0x00800102                gainCompensation
 .data.maxFreq  0x00800106        0x4 main.o
                0x00800106                maxFreq
 .data.PHASE0   0x0080010a        0x2 main.o
                0x0080010a                PHASE0
 .data.clkspeed
                0x0080010c        0x4 main.o
                0x0080010c                clkspeed
 .data.maxclkspeed
                0x00800110        0x4 main.o
                0x00800110                maxclkspeed
 .data.FREQZEROREG
                0x00800114        0x2 main.o
                0x00800114                FREQZEROREG
 .data._ZL6buffer
                0x00800116      0x200 H:\WORKSP~1\ElectronicsProjects\TestAndMeasurement\AD9833~1\AD9833~1\Software\DDSVCO~1\DDSVCO~1\DDSVCO~1\ARDUIN~1\Debug\libArduinoCore.a(Adafruit_SSD1306.o)
 .data._ZZN16Adafruit_SSD130621drawFastVLineInternalEiiijE7premask
                0x00800316        0x8 H:\WORKSP~1\ElectronicsProjects\TestAndMeasurement\AD9833~1\AD9833~1\Software\DDSVCO~1\DDSVCO~1\DDSVCO~1\ARDUIN~1\Debug\libArduinoCore.a(Adafruit_SSD1306.o)
                0x00800316                _ZZN16Adafruit_SSD130621drawFastVLineInternalEiiijE7premask
 .data._ZZN16Adafruit_SSD130621drawFastVLineInternalEiiijE8postmask
                0x0080031e        0x8 H:\WORKSP~1\ElectronicsProjects\TestAndMeasurement\AD9833~1\AD9833~1\Software\DDSVCO~1\DDSVCO~1\DDSVCO~1\ARDUIN~1\Debug\libArduinoCore.a(Adafruit_SSD1306.o)
                0x0080031e                _ZZN16Adafruit_SSD130621drawFastVLineInternalEiiijE8postmask
 *(.gnu.linkonce.d*)
 *(.rodata)
 .rodata        0x00800326        0xf H:\WORKSP~1\ElectronicsProjects\TestAndMeasurement\AD9833~1\AD9833~1\Software\DDSVCO~1\DDSVCO~1\DDSVCO~1\ARDUIN~1\Debug\libArduinoCore.a(Print.o)
 *(.rodata*)
 .rodata.str1.1
                0x00800335       0x2f main.o
                                 0x34 (size before relaxing)
 .rodata._ZTV14HardwareSerial
                0x00800364       0x12 H:\WORKSP~1\ElectronicsProjects\TestAndMeasurement\AD9833~1\AD9833~1\Software\DDSVCO~1\DDSVCO~1\DDSVCO~1\ARDUIN~1\Debug\libArduinoCore.a(HardwareSerial.o)
                0x00800364                _ZTV14HardwareSerial
 .rodata._ZTV6Stream
                0x00800376       0x12 H:\WORKSP~1\ElectronicsProjects\TestAndMeasurement\AD9833~1\AD9833~1\Software\DDSVCO~1\DDSVCO~1\DDSVCO~1\ARDUIN~1\Debug\libArduinoCore.a(HardwareSerial0.o)
                0x00800376                _ZTV6Stream
 .rodata._ZTV5Print
                0x00800388        0xc H:\WORKSP~1\ElectronicsProjects\TestAndMeasurement\AD9833~1\AD9833~1\Software\DDSVCO~1\DDSVCO~1\DDSVCO~1\ARDUIN~1\Debug\libArduinoCore.a(Print.o)
                0x00800388                _ZTV5Print
 .rodata._ZTV12Adafruit_GFX
                0x00800394       0x2c H:\WORKSP~1\ElectronicsProjects\TestAndMeasurement\AD9833~1\AD9833~1\Software\DDSVCO~1\DDSVCO~1\DDSVCO~1\ARDUIN~1\Debug\libArduinoCore.a(Adafruit_GFX.o)
                0x00800394                _ZTV12Adafruit_GFX
 .rodata._ZTV16Adafruit_SSD1306
                0x008003c0       0x2c H:\WORKSP~1\ElectronicsProjects\TestAndMeasurement\AD9833~1\AD9833~1\Software\DDSVCO~1\DDSVCO~1\DDSVCO~1\ARDUIN~1\Debug\libArduinoCore.a(Adafruit_SSD1306.o)
                0x008003c0                _ZTV16Adafruit_SSD1306
 .rodata._ZTV7TwoWire
                0x008003ec       0x12 H:\WORKSP~1\ElectronicsProjects\TestAndMeasurement\AD9833~1\AD9833~1\Software\DDSVCO~1\DDSVCO~1\DDSVCO~1\ARDUIN~1\Debug\libArduinoCore.a(Wire.o)
                0x008003ec                _ZTV7TwoWire
 *(.gnu.linkonce.r*)
                0x008003fe                . = ALIGN (0x2)
                0x008003fe                _edata = .
                0x008003fe                PROVIDE (__data_end, .)

.bss            0x008003fe      0x20b
                0x008003fe                PROVIDE (__bss_start, .)
 *(.bss)
 *(.bss*)
 .bss.display   0x008003fe       0x2e main.o
                0x008003fe                display
 .bss.pd5_last_interrupt_time
                0x0080042c        0x4 main.o
                0x0080042c                pd5_last_interrupt_time
 .bss.pd6_last_interrupt_time
                0x00800430        0x4 main.o
                0x00800430                pd6_last_interrupt_time
 .bss.pd3_last_interrupt_time
                0x00800434        0x4 main.o
                0x00800434                pd3_last_interrupt_time
 .bss.pd2_last_interrupt_time
                0x00800438        0x4 main.o
                0x00800438                pd2_last_interrupt_time
 .bss._ZL13portSnapshotD
                0x0080043c        0x1 main.o
 .bss.fallingPinsPORTD
                0x0080043d        0x1 main.o
                0x0080043d                fallingPinsPORTD
 .bss.risingPinsPORTD
                0x0080043e        0x1 main.o
                0x0080043e                risingPinsPORTD
 .bss._ZL13portSnapshotC
                0x0080043f        0x1 main.o
 .bss.fallingPinsPORTC
                0x00800440        0x1 main.o
                0x00800440                fallingPinsPORTC
 .bss.risingPinsPORTC
                0x00800441        0x1 main.o
                0x00800441                risingPinsPORTC
 .bss._ZL13portSnapshotB
                0x00800442        0x1 main.o
 .bss.fallingPinsPORTB
                0x00800443        0x1 main.o
                0x00800443                fallingPinsPORTB
 .bss.risingPinsPORTB
                0x00800444        0x1 main.o
                0x00800444                risingPinsPORTB
 .bss.portDFunctions
                0x00800445       0x10 main.o
                0x00800445                portDFunctions
 .bss.portCFunctions
                0x00800455        0xc main.o
                0x00800455                portCFunctions
 .bss.portBFunctions
                0x00800461        0xc main.o
                0x00800461                portBFunctions
 .bss.functionPointerArrayEXTERNAL
                0x0080046d        0x4 main.o
                0x0080046d                functionPointerArrayEXTERNAL
 .bss.pcmsk     0x00800471        0x2 main.o
                0x00800471                pcmsk
 .bss.currentFreq
                0x00800473        0x4 main.o
                0x00800473                currentFreq
 .bss.selectedLowerFreq
                0x00800477        0x4 main.o
                0x00800477                selectedLowerFreq
 .bss.selectedUpperFreq
                0x0080047b        0x4 main.o
                0x0080047b                selectedUpperFreq
 .bss.current_phase
                0x0080047f        0x2 main.o
                0x0080047f                current_phase
 .bss.mode      0x00800481        0x1 main.o
                0x00800481                mode
 .bss.sweepcounter
                0x00800482        0x4 main.o
                0x00800482                sweepcounter
 .bss.sweep_direction
                0x00800486        0x1 main.o
                0x00800486                sweep_direction
 .bss.func      0x00800487        0x1 main.o
                0x00800487                func
 .bss.dds_out_data
                0x00800488        0x4 main.o
                0x00800488                dds_out_data
 .bss.ADCInput6
                0x0080048c        0x2 main.o
                0x0080048c                ADCInput6
 .bss.ADCInput3
                0x0080048e        0x2 main.o
                0x0080048e                ADCInput3
 .bss.ADCInput2
                0x00800490        0x2 main.o
                0x00800490                ADCInput2
 .bss.ADCInput1
                0x00800492        0x2 main.o
                0x00800492                ADCInput1
 .bss.ADCInput  0x00800494        0x2 main.o
                0x00800494                ADCInput
 .bss.rawAdcValue
                0x00800496        0x4 main.o
                0x00800496                rawAdcValue
 .bss.Serial    0x0080049a       0x9d H:\WORKSP~1\ElectronicsProjects\TestAndMeasurement\AD9833~1\AD9833~1\Software\DDSVCO~1\DDSVCO~1\DDSVCO~1\ARDUIN~1\Debug\libArduinoCore.a(HardwareSerial0.o)
                0x0080049a                Serial
 .bss.timer0_overflow_count
                0x00800537        0x4 H:\WORKSP~1\ElectronicsProjects\TestAndMeasurement\AD9833~1\AD9833~1\Software\DDSVCO~1\DDSVCO~1\DDSVCO~1\ARDUIN~1\Debug\libArduinoCore.a(wiring.o)
                0x00800537                timer0_overflow_count
 .bss.timer0_millis
                0x0080053b        0x4 H:\WORKSP~1\ElectronicsProjects\TestAndMeasurement\AD9833~1\AD9833~1\Software\DDSVCO~1\DDSVCO~1\DDSVCO~1\ARDUIN~1\Debug\libArduinoCore.a(wiring.o)
                0x0080053b                timer0_millis
 .bss.timer0_fract
                0x0080053f        0x1 H:\WORKSP~1\ElectronicsProjects\TestAndMeasurement\AD9833~1\AD9833~1\Software\DDSVCO~1\DDSVCO~1\DDSVCO~1\ARDUIN~1\Debug\libArduinoCore.a(wiring.o)
 .bss._ZN8SPIClass11initializedE
                0x00800540        0x1 H:\WORKSP~1\ElectronicsProjects\TestAndMeasurement\AD9833~1\AD9833~1\Software\DDSVCO~1\DDSVCO~1\DDSVCO~1\ARDUIN~1\Debug\libArduinoCore.a(SPI.o)
                0x00800540                _ZN8SPIClass11initializedE
 .bss._ZN8SPIClass13interruptModeE
                0x00800541        0x1 H:\WORKSP~1\ElectronicsProjects\TestAndMeasurement\AD9833~1\AD9833~1\Software\DDSVCO~1\DDSVCO~1\DDSVCO~1\ARDUIN~1\Debug\libArduinoCore.a(SPI.o)
                0x00800541                _ZN8SPIClass13interruptModeE
 .bss._ZN8SPIClass13interruptMaskE
                0x00800542        0x1 H:\WORKSP~1\ElectronicsProjects\TestAndMeasurement\AD9833~1\AD9833~1\Software\DDSVCO~1\DDSVCO~1\DDSVCO~1\ARDUIN~1\Debug\libArduinoCore.a(SPI.o)
                0x00800542                _ZN8SPIClass13interruptMaskE
 .bss._ZN8SPIClass13interruptSaveE
                0x00800543        0x1 H:\WORKSP~1\ElectronicsProjects\TestAndMeasurement\AD9833~1\AD9833~1\Software\DDSVCO~1\DDSVCO~1\DDSVCO~1\ARDUIN~1\Debug\libArduinoCore.a(SPI.o)
                0x00800543                _ZN8SPIClass13interruptSaveE
 .bss._ZN8TimerOne9pwmPeriodE
                0x00800544        0x2 H:\WORKSP~1\ElectronicsProjects\TestAndMeasurement\AD9833~1\AD9833~1\Software\DDSVCO~1\DDSVCO~1\DDSVCO~1\ARDUIN~1\Debug\libArduinoCore.a(TimerOne.o)
                0x00800544                _ZN8TimerOne9pwmPeriodE
 .bss._ZN8TimerOne15clockSelectBitsE
                0x00800546        0x1 H:\WORKSP~1\ElectronicsProjects\TestAndMeasurement\AD9833~1\AD9833~1\Software\DDSVCO~1\DDSVCO~1\DDSVCO~1\ARDUIN~1\Debug\libArduinoCore.a(TimerOne.o)
                0x00800546                _ZN8TimerOne15clockSelectBitsE
 .bss._ZN8TimerOne11isrCallbackE
                0x00800547        0x2 H:\WORKSP~1\ElectronicsProjects\TestAndMeasurement\AD9833~1\AD9833~1\Software\DDSVCO~1\DDSVCO~1\DDSVCO~1\ARDUIN~1\Debug\libArduinoCore.a(TimerOne.o)
                0x00800547                _ZN8TimerOne11isrCallbackE
 .bss._ZN7TwoWire8rxBufferE
                0x00800549       0x20 H:\WORKSP~1\ElectronicsProjects\TestAndMeasurement\AD9833~1\AD9833~1\Software\DDSVCO~1\DDSVCO~1\DDSVCO~1\ARDUIN~1\Debug\libArduinoCore.a(Wire.o)
                0x00800549                _ZN7TwoWire8rxBufferE
 .bss._ZN7TwoWire13rxBufferIndexE
                0x00800569        0x1 H:\WORKSP~1\ElectronicsProjects\TestAndMeasurement\AD9833~1\AD9833~1\Software\DDSVCO~1\DDSVCO~1\DDSVCO~1\ARDUIN~1\Debug\libArduinoCore.a(Wire.o)
                0x00800569                _ZN7TwoWire13rxBufferIndexE
 .bss._ZN7TwoWire14rxBufferLengthE
                0x0080056a        0x1 H:\WORKSP~1\ElectronicsProjects\TestAndMeasurement\AD9833~1\AD9833~1\Software\DDSVCO~1\DDSVCO~1\DDSVCO~1\ARDUIN~1\Debug\libArduinoCore.a(Wire.o)
                0x0080056a                _ZN7TwoWire14rxBufferLengthE
 .bss._ZN7TwoWire9txAddressE
                0x0080056b        0x1 H:\WORKSP~1\ElectronicsProjects\TestAndMeasurement\AD9833~1\AD9833~1\Software\DDSVCO~1\DDSVCO~1\DDSVCO~1\ARDUIN~1\Debug\libArduinoCore.a(Wire.o)
                0x0080056b                _ZN7TwoWire9txAddressE
 .bss._ZN7TwoWire8txBufferE
                0x0080056c       0x20 H:\WORKSP~1\ElectronicsProjects\TestAndMeasurement\AD9833~1\AD9833~1\Software\DDSVCO~1\DDSVCO~1\DDSVCO~1\ARDUIN~1\Debug\libArduinoCore.a(Wire.o)
                0x0080056c                _ZN7TwoWire8txBufferE
 .bss._ZN7TwoWire13txBufferIndexE
                0x0080058c        0x1 H:\WORKSP~1\ElectronicsProjects\TestAndMeasurement\AD9833~1\AD9833~1\Software\DDSVCO~1\DDSVCO~1\DDSVCO~1\ARDUIN~1\Debug\libArduinoCore.a(Wire.o)
                0x0080058c                _ZN7TwoWire13txBufferIndexE
 .bss._ZN7TwoWire14txBufferLengthE
                0x0080058d        0x1 H:\WORKSP~1\ElectronicsProjects\TestAndMeasurement\AD9833~1\AD9833~1\Software\DDSVCO~1\DDSVCO~1\DDSVCO~1\ARDUIN~1\Debug\libArduinoCore.a(Wire.o)
                0x0080058d                _ZN7TwoWire14txBufferLengthE
 .bss._ZN7TwoWire12transmittingE
                0x0080058e        0x1 H:\WORKSP~1\ElectronicsProjects\TestAndMeasurement\AD9833~1\AD9833~1\Software\DDSVCO~1\DDSVCO~1\DDSVCO~1\ARDUIN~1\Debug\libArduinoCore.a(Wire.o)
                0x0080058e                _ZN7TwoWire12transmittingE
 .bss.Wire      0x0080058f        0xc H:\WORKSP~1\ElectronicsProjects\TestAndMeasurement\AD9833~1\AD9833~1\Software\DDSVCO~1\DDSVCO~1\DDSVCO~1\ARDUIN~1\Debug\libArduinoCore.a(Wire.o)
                0x0080058f                Wire
 .bss.twi_state
                0x0080059b        0x1 H:\WORKSP~1\ElectronicsProjects\TestAndMeasurement\AD9833~1\AD9833~1\Software\DDSVCO~1\DDSVCO~1\DDSVCO~1\ARDUIN~1\Debug\libArduinoCore.a(twi.o)
 .bss.twi_slarw
                0x0080059c        0x1 H:\WORKSP~1\ElectronicsProjects\TestAndMeasurement\AD9833~1\AD9833~1\Software\DDSVCO~1\DDSVCO~1\DDSVCO~1\ARDUIN~1\Debug\libArduinoCore.a(twi.o)
 .bss.twi_sendStop
                0x0080059d        0x1 H:\WORKSP~1\ElectronicsProjects\TestAndMeasurement\AD9833~1\AD9833~1\Software\DDSVCO~1\DDSVCO~1\DDSVCO~1\ARDUIN~1\Debug\libArduinoCore.a(twi.o)
 .bss.twi_inRepStart
                0x0080059e        0x1 H:\WORKSP~1\ElectronicsProjects\TestAndMeasurement\AD9833~1\AD9833~1\Software\DDSVCO~1\DDSVCO~1\DDSVCO~1\ARDUIN~1\Debug\libArduinoCore.a(twi.o)
 .bss.twi_onSlaveTransmit
                0x0080059f        0x2 H:\WORKSP~1\ElectronicsProjects\TestAndMeasurement\AD9833~1\AD9833~1\Software\DDSVCO~1\DDSVCO~1\DDSVCO~1\ARDUIN~1\Debug\libArduinoCore.a(twi.o)
 .bss.twi_onSlaveReceive
                0x008005a1        0x2 H:\WORKSP~1\ElectronicsProjects\TestAndMeasurement\AD9833~1\AD9833~1\Software\DDSVCO~1\DDSVCO~1\DDSVCO~1\ARDUIN~1\Debug\libArduinoCore.a(twi.o)
 .bss.twi_masterBuffer
                0x008005a3       0x20 H:\WORKSP~1\ElectronicsProjects\TestAndMeasurement\AD9833~1\AD9833~1\Software\DDSVCO~1\DDSVCO~1\DDSVCO~1\ARDUIN~1\Debug\libArduinoCore.a(twi.o)
 .bss.twi_masterBufferIndex
                0x008005c3        0x1 H:\WORKSP~1\ElectronicsProjects\TestAndMeasurement\AD9833~1\AD9833~1\Software\DDSVCO~1\DDSVCO~1\DDSVCO~1\ARDUIN~1\Debug\libArduinoCore.a(twi.o)
 .bss.twi_masterBufferLength
                0x008005c4        0x1 H:\WORKSP~1\ElectronicsProjects\TestAndMeasurement\AD9833~1\AD9833~1\Software\DDSVCO~1\DDSVCO~1\DDSVCO~1\ARDUIN~1\Debug\libArduinoCore.a(twi.o)
 .bss.twi_txBuffer
                0x008005c5       0x20 H:\WORKSP~1\ElectronicsProjects\TestAndMeasurement\AD9833~1\AD9833~1\Software\DDSVCO~1\DDSVCO~1\DDSVCO~1\ARDUIN~1\Debug\libArduinoCore.a(twi.o)
 .bss.twi_txBufferIndex
                0x008005e5        0x1 H:\WORKSP~1\ElectronicsProjects\TestAndMeasurement\AD9833~1\AD9833~1\Software\DDSVCO~1\DDSVCO~1\DDSVCO~1\ARDUIN~1\Debug\libArduinoCore.a(twi.o)
 .bss.twi_txBufferLength
                0x008005e6        0x1 H:\WORKSP~1\ElectronicsProjects\TestAndMeasurement\AD9833~1\AD9833~1\Software\DDSVCO~1\DDSVCO~1\DDSVCO~1\ARDUIN~1\Debug\libArduinoCore.a(twi.o)
 .bss.twi_rxBuffer
                0x008005e7       0x20 H:\WORKSP~1\ElectronicsProjects\TestAndMeasurement\AD9833~1\AD9833~1\Software\DDSVCO~1\DDSVCO~1\DDSVCO~1\ARDUIN~1\Debug\libArduinoCore.a(twi.o)
 .bss.twi_rxBufferIndex
                0x00800607        0x1 H:\WORKSP~1\ElectronicsProjects\TestAndMeasurement\AD9833~1\AD9833~1\Software\DDSVCO~1\DDSVCO~1\DDSVCO~1\ARDUIN~1\Debug\libArduinoCore.a(twi.o)
 .bss.twi_error
                0x00800608        0x1 H:\WORKSP~1\ElectronicsProjects\TestAndMeasurement\AD9833~1\AD9833~1\Software\DDSVCO~1\DDSVCO~1\DDSVCO~1\ARDUIN~1\Debug\libArduinoCore.a(twi.o)
 *(COMMON)
                0x00800609                PROVIDE (__bss_end, .)
                0x000074cc                __data_load_start = LOADADDR (.data)
                0x000077ca                __data_load_end = (__data_load_start + SIZEOF (.data))

.noinit         0x00800609        0x0
                [!provide]                PROVIDE (__noinit_start, .)
 *(.noinit*)
                [!provide]                PROVIDE (__noinit_end, .)
                0x00800609                _end = .
                0x00800609                PROVIDE (__heap_start, .)

.eeprom         0x00810000        0x0
 *(.eeprom*)
                0x00810000                __eeprom_end = .

.fuse
 *(.fuse)
 *(.lfuse)
 *(.hfuse)
 *(.efuse)

.lock
 *(.lock*)

.signature
 *(.signature*)

.user_signatures
 *(.user_signatures*)

.stab
 *(.stab)

.stabstr
 *(.stabstr)

.stab.excl
 *(.stab.excl)

.stab.exclstr
 *(.stab.exclstr)

.stab.index
 *(.stab.index)

.stab.indexstr
 *(.stab.indexstr)

.comment        0x00000000       0x30
 *(.comment)
 .comment       0x00000000       0x30 main.o
                                 0x31 (size before relaxing)
 .comment       0x00000030       0x31 H:\WORKSP~1\ElectronicsProjects\TestAndMeasurement\AD9833~1\AD9833~1\Software\DDSVCO~1\DDSVCO~1\DDSVCO~1\ARDUIN~1\Debug\libArduinoCore.a(HardwareSerial.o)
 .comment       0x00000030       0x31 H:\WORKSP~1\ElectronicsProjects\TestAndMeasurement\AD9833~1\AD9833~1\Software\DDSVCO~1\DDSVCO~1\DDSVCO~1\ARDUIN~1\Debug\libArduinoCore.a(HardwareSerial0.o)
 .comment       0x00000030       0x31 H:\WORKSP~1\ElectronicsProjects\TestAndMeasurement\AD9833~1\AD9833~1\Software\DDSVCO~1\DDSVCO~1\DDSVCO~1\ARDUIN~1\Debug\libArduinoCore.a(Print.o)
 .comment       0x00000030       0x31 H:\WORKSP~1\ElectronicsProjects\TestAndMeasurement\AD9833~1\AD9833~1\Software\DDSVCO~1\DDSVCO~1\DDSVCO~1\ARDUIN~1\Debug\libArduinoCore.a(wiring.o)
 .comment       0x00000030       0x31 H:\WORKSP~1\ElectronicsProjects\TestAndMeasurement\AD9833~1\AD9833~1\Software\DDSVCO~1\DDSVCO~1\DDSVCO~1\ARDUIN~1\Debug\libArduinoCore.a(wiring_digital.o)
 .comment       0x00000030       0x31 H:\WORKSP~1\ElectronicsProjects\TestAndMeasurement\AD9833~1\AD9833~1\Software\DDSVCO~1\DDSVCO~1\DDSVCO~1\ARDUIN~1\Debug\libArduinoCore.a(WMath.o)
 .comment       0x00000030       0x31 H:\WORKSP~1\ElectronicsProjects\TestAndMeasurement\AD9833~1\AD9833~1\Software\DDSVCO~1\DDSVCO~1\DDSVCO~1\ARDUIN~1\Debug\libArduinoCore.a(Adafruit_GFX.o)
 .comment       0x00000030       0x31 H:\WORKSP~1\ElectronicsProjects\TestAndMeasurement\AD9833~1\AD9833~1\Software\DDSVCO~1\DDSVCO~1\DDSVCO~1\ARDUIN~1\Debug\libArduinoCore.a(Adafruit_SSD1306.o)
 .comment       0x00000030       0x31 H:\WORKSP~1\ElectronicsProjects\TestAndMeasurement\AD9833~1\AD9833~1\Software\DDSVCO~1\DDSVCO~1\DDSVCO~1\ARDUIN~1\Debug\libArduinoCore.a(SPI.o)
 .comment       0x00000030       0x31 H:\WORKSP~1\ElectronicsProjects\TestAndMeasurement\AD9833~1\AD9833~1\Software\DDSVCO~1\DDSVCO~1\DDSVCO~1\ARDUIN~1\Debug\libArduinoCore.a(TimerOne.o)
 .comment       0x00000030       0x31 H:\WORKSP~1\ElectronicsProjects\TestAndMeasurement\AD9833~1\AD9833~1\Software\DDSVCO~1\DDSVCO~1\DDSVCO~1\ARDUIN~1\Debug\libArduinoCore.a(Wire.o)
 .comment       0x00000030       0x31 H:\WORKSP~1\ElectronicsProjects\TestAndMeasurement\AD9833~1\AD9833~1\Software\DDSVCO~1\DDSVCO~1\DDSVCO~1\ARDUIN~1\Debug\libArduinoCore.a(abi.o)
 .comment       0x00000030       0x31 H:\WORKSP~1\ElectronicsProjects\TestAndMeasurement\AD9833~1\AD9833~1\Software\DDSVCO~1\DDSVCO~1\DDSVCO~1\ARDUIN~1\Debug\libArduinoCore.a(hooks.o)
 .comment       0x00000030       0x31 H:\WORKSP~1\ElectronicsProjects\TestAndMeasurement\AD9833~1\AD9833~1\Software\DDSVCO~1\DDSVCO~1\DDSVCO~1\ARDUIN~1\Debug\libArduinoCore.a(twi.o)

.note.gnu.avr.deviceinfo
                0x00000000       0x40
 .note.gnu.avr.deviceinfo
                0x00000000       0x40 H:/Programs/Atmel/Studio/7.0/Packs/Atmel/ATmega_DFP/1.2.272/gcc/dev/atmega328p/avr5/crtatmega328p.o

.note.gnu.build-id
 *(.note.gnu.build-id)

.debug
 *(.debug)

.line
 *(.line)

.debug_srcinfo
 *(.debug_srcinfo)

.debug_sfnames
 *(.debug_sfnames)

.debug_aranges  0x00000000      0x9f8
 *(.debug_aranges)
 .debug_aranges
                0x00000000      0x168 main.o
 .debug_aranges
                0x00000168       0x68 H:\WORKSP~1\ElectronicsProjects\TestAndMeasurement\AD9833~1\AD9833~1\Software\DDSVCO~1\DDSVCO~1\DDSVCO~1\ARDUIN~1\Debug\libArduinoCore.a(HardwareSerial.o)
 .debug_aranges
                0x000001d0       0x70 H:\WORKSP~1\ElectronicsProjects\TestAndMeasurement\AD9833~1\AD9833~1\Software\DDSVCO~1\DDSVCO~1\DDSVCO~1\ARDUIN~1\Debug\libArduinoCore.a(HardwareSerial0.o)
 .debug_aranges
                0x00000240      0x118 H:\WORKSP~1\ElectronicsProjects\TestAndMeasurement\AD9833~1\AD9833~1\Software\DDSVCO~1\DDSVCO~1\DDSVCO~1\ARDUIN~1\Debug\libArduinoCore.a(Print.o)
 .debug_aranges
                0x00000358       0x48 H:\WORKSP~1\ElectronicsProjects\TestAndMeasurement\AD9833~1\AD9833~1\Software\DDSVCO~1\DDSVCO~1\DDSVCO~1\ARDUIN~1\Debug\libArduinoCore.a(wiring.o)
 .debug_aranges
                0x000003a0       0x38 H:\WORKSP~1\ElectronicsProjects\TestAndMeasurement\AD9833~1\AD9833~1\Software\DDSVCO~1\DDSVCO~1\DDSVCO~1\ARDUIN~1\Debug\libArduinoCore.a(wiring_digital.o)
 .debug_aranges
                0x000003d8       0x48 H:\WORKSP~1\ElectronicsProjects\TestAndMeasurement\AD9833~1\AD9833~1\Software\DDSVCO~1\DDSVCO~1\DDSVCO~1\ARDUIN~1\Debug\libArduinoCore.a(WMath.o)
 .debug_aranges
                0x00000420      0x2c0 H:\WORKSP~1\ElectronicsProjects\TestAndMeasurement\AD9833~1\AD9833~1\Software\DDSVCO~1\DDSVCO~1\DDSVCO~1\ARDUIN~1\Debug\libArduinoCore.a(Adafruit_GFX.o)
 .debug_aranges
                0x000006e0       0xe0 H:\WORKSP~1\ElectronicsProjects\TestAndMeasurement\AD9833~1\AD9833~1\Software\DDSVCO~1\DDSVCO~1\DDSVCO~1\ARDUIN~1\Debug\libArduinoCore.a(Adafruit_SSD1306.o)
 .debug_aranges
                0x000007c0       0x38 H:\WORKSP~1\ElectronicsProjects\TestAndMeasurement\AD9833~1\AD9833~1\Software\DDSVCO~1\DDSVCO~1\DDSVCO~1\ARDUIN~1\Debug\libArduinoCore.a(SPI.o)
 .debug_aranges
                0x000007f8       0x20 H:\WORKSP~1\ElectronicsProjects\TestAndMeasurement\AD9833~1\AD9833~1\Software\DDSVCO~1\DDSVCO~1\DDSVCO~1\ARDUIN~1\Debug\libArduinoCore.a(TimerOne.o)
 .debug_aranges
                0x00000818      0x118 H:\WORKSP~1\ElectronicsProjects\TestAndMeasurement\AD9833~1\AD9833~1\Software\DDSVCO~1\DDSVCO~1\DDSVCO~1\ARDUIN~1\Debug\libArduinoCore.a(Wire.o)
 .debug_aranges
                0x00000930       0x28 H:\WORKSP~1\ElectronicsProjects\TestAndMeasurement\AD9833~1\AD9833~1\Software\DDSVCO~1\DDSVCO~1\DDSVCO~1\ARDUIN~1\Debug\libArduinoCore.a(abi.o)
 .debug_aranges
                0x00000958       0x20 H:\WORKSP~1\ElectronicsProjects\TestAndMeasurement\AD9833~1\AD9833~1\Software\DDSVCO~1\DDSVCO~1\DDSVCO~1\ARDUIN~1\Debug\libArduinoCore.a(hooks.o)
 .debug_aranges
                0x00000978       0x80 H:\WORKSP~1\ElectronicsProjects\TestAndMeasurement\AD9833~1\AD9833~1\Software\DDSVCO~1\DDSVCO~1\DDSVCO~1\ARDUIN~1\Debug\libArduinoCore.a(twi.o)

.debug_pubnames
 *(.debug_pubnames)

.debug_info     0x00000000    0x13423
 *(.debug_info .gnu.linkonce.wi.*)
 .debug_info    0x00000000      0x5f4 H:/Programs/Atmel/Studio/7.0/Packs/Atmel/ATmega_DFP/1.2.272/gcc/dev/atmega328p/avr5/crtatmega328p.o
 .debug_info    0x000005f4     0x2874 main.o
 .debug_info    0x00002e68     0x1d9b H:\WORKSP~1\ElectronicsProjects\TestAndMeasurement\AD9833~1\AD9833~1\Software\DDSVCO~1\DDSVCO~1\DDSVCO~1\ARDUIN~1\Debug\libArduinoCore.a(HardwareSerial.o)
 .debug_info    0x00004c03     0x1af5 H:\WORKSP~1\ElectronicsProjects\TestAndMeasurement\AD9833~1\AD9833~1\Software\DDSVCO~1\DDSVCO~1\DDSVCO~1\ARDUIN~1\Debug\libArduinoCore.a(HardwareSerial0.o)
 .debug_info    0x000066f8     0x2111 H:\WORKSP~1\ElectronicsProjects\TestAndMeasurement\AD9833~1\AD9833~1\Software\DDSVCO~1\DDSVCO~1\DDSVCO~1\ARDUIN~1\Debug\libArduinoCore.a(Print.o)
 .debug_info    0x00008809      0x2da H:\WORKSP~1\ElectronicsProjects\TestAndMeasurement\AD9833~1\AD9833~1\Software\DDSVCO~1\DDSVCO~1\DDSVCO~1\ARDUIN~1\Debug\libArduinoCore.a(wiring.o)
 .debug_info    0x00008ae3      0x5dc H:\WORKSP~1\ElectronicsProjects\TestAndMeasurement\AD9833~1\AD9833~1\Software\DDSVCO~1\DDSVCO~1\DDSVCO~1\ARDUIN~1\Debug\libArduinoCore.a(wiring_digital.o)
 .debug_info    0x000090bf      0x1c3 H:\WORKSP~1\ElectronicsProjects\TestAndMeasurement\AD9833~1\AD9833~1\Software\DDSVCO~1\DDSVCO~1\DDSVCO~1\ARDUIN~1\Debug\libArduinoCore.a(WMath.o)
 .debug_info    0x00009282     0x5512 H:\WORKSP~1\ElectronicsProjects\TestAndMeasurement\AD9833~1\AD9833~1\Software\DDSVCO~1\DDSVCO~1\DDSVCO~1\ARDUIN~1\Debug\libArduinoCore.a(Adafruit_GFX.o)
 .debug_info    0x0000e794     0x1839 H:\WORKSP~1\ElectronicsProjects\TestAndMeasurement\AD9833~1\AD9833~1\Software\DDSVCO~1\DDSVCO~1\DDSVCO~1\ARDUIN~1\Debug\libArduinoCore.a(Adafruit_SSD1306.o)
 .debug_info    0x0000ffcd      0x62a H:\WORKSP~1\ElectronicsProjects\TestAndMeasurement\AD9833~1\AD9833~1\Software\DDSVCO~1\DDSVCO~1\DDSVCO~1\ARDUIN~1\Debug\libArduinoCore.a(SPI.o)
 .debug_info    0x000105f7      0x3ef H:\WORKSP~1\ElectronicsProjects\TestAndMeasurement\AD9833~1\AD9833~1\Software\DDSVCO~1\DDSVCO~1\DDSVCO~1\ARDUIN~1\Debug\libArduinoCore.a(TimerOne.o)
 .debug_info    0x000109e6     0x2477 H:\WORKSP~1\ElectronicsProjects\TestAndMeasurement\AD9833~1\AD9833~1\Software\DDSVCO~1\DDSVCO~1\DDSVCO~1\ARDUIN~1\Debug\libArduinoCore.a(Wire.o)
 .debug_info    0x00012e5d       0x6b H:\WORKSP~1\ElectronicsProjects\TestAndMeasurement\AD9833~1\AD9833~1\Software\DDSVCO~1\DDSVCO~1\DDSVCO~1\ARDUIN~1\Debug\libArduinoCore.a(abi.o)
 .debug_info    0x00012ec8       0x3e H:\WORKSP~1\ElectronicsProjects\TestAndMeasurement\AD9833~1\AD9833~1\Software\DDSVCO~1\DDSVCO~1\DDSVCO~1\ARDUIN~1\Debug\libArduinoCore.a(hooks.o)
 .debug_info    0x00012f06      0x51d H:\WORKSP~1\ElectronicsProjects\TestAndMeasurement\AD9833~1\AD9833~1\Software\DDSVCO~1\DDSVCO~1\DDSVCO~1\ARDUIN~1\Debug\libArduinoCore.a(twi.o)

.debug_abbrev   0x00000000     0x2d0c
 *(.debug_abbrev)
 .debug_abbrev  0x00000000      0x5a2 H:/Programs/Atmel/Studio/7.0/Packs/Atmel/ATmega_DFP/1.2.272/gcc/dev/atmega328p/avr5/crtatmega328p.o
 .debug_abbrev  0x000005a2      0x778 main.o
 .debug_abbrev  0x00000d1a      0x33b H:\WORKSP~1\ElectronicsProjects\TestAndMeasurement\AD9833~1\AD9833~1\Software\DDSVCO~1\DDSVCO~1\DDSVCO~1\ARDUIN~1\Debug\libArduinoCore.a(HardwareSerial.o)
 .debug_abbrev  0x00001055      0x390 H:\WORKSP~1\ElectronicsProjects\TestAndMeasurement\AD9833~1\AD9833~1\Software\DDSVCO~1\DDSVCO~1\DDSVCO~1\ARDUIN~1\Debug\libArduinoCore.a(HardwareSerial0.o)
 .debug_abbrev  0x000013e5      0x2e6 H:\WORKSP~1\ElectronicsProjects\TestAndMeasurement\AD9833~1\AD9833~1\Software\DDSVCO~1\DDSVCO~1\DDSVCO~1\ARDUIN~1\Debug\libArduinoCore.a(Print.o)
 .debug_abbrev  0x000016cb       0xed H:\WORKSP~1\ElectronicsProjects\TestAndMeasurement\AD9833~1\AD9833~1\Software\DDSVCO~1\DDSVCO~1\DDSVCO~1\ARDUIN~1\Debug\libArduinoCore.a(wiring.o)
 .debug_abbrev  0x000017b8      0x12b H:\WORKSP~1\ElectronicsProjects\TestAndMeasurement\AD9833~1\AD9833~1\Software\DDSVCO~1\DDSVCO~1\DDSVCO~1\ARDUIN~1\Debug\libArduinoCore.a(wiring_digital.o)
 .debug_abbrev  0x000018e3       0xcb H:\WORKSP~1\ElectronicsProjects\TestAndMeasurement\AD9833~1\AD9833~1\Software\DDSVCO~1\DDSVCO~1\DDSVCO~1\ARDUIN~1\Debug\libArduinoCore.a(WMath.o)
 .debug_abbrev  0x000019ae      0x49c H:\WORKSP~1\ElectronicsProjects\TestAndMeasurement\AD9833~1\AD9833~1\Software\DDSVCO~1\DDSVCO~1\DDSVCO~1\ARDUIN~1\Debug\libArduinoCore.a(Adafruit_GFX.o)
 .debug_abbrev  0x00001e4a      0x4d9 H:\WORKSP~1\ElectronicsProjects\TestAndMeasurement\AD9833~1\AD9833~1\Software\DDSVCO~1\DDSVCO~1\DDSVCO~1\ARDUIN~1\Debug\libArduinoCore.a(Adafruit_SSD1306.o)
 .debug_abbrev  0x00002323      0x220 H:\WORKSP~1\ElectronicsProjects\TestAndMeasurement\AD9833~1\AD9833~1\Software\DDSVCO~1\DDSVCO~1\DDSVCO~1\ARDUIN~1\Debug\libArduinoCore.a(SPI.o)
 .debug_abbrev  0x00002543      0x147 H:\WORKSP~1\ElectronicsProjects\TestAndMeasurement\AD9833~1\AD9833~1\Software\DDSVCO~1\DDSVCO~1\DDSVCO~1\ARDUIN~1\Debug\libArduinoCore.a(TimerOne.o)
 .debug_abbrev  0x0000268a      0x48c H:\WORKSP~1\ElectronicsProjects\TestAndMeasurement\AD9833~1\AD9833~1\Software\DDSVCO~1\DDSVCO~1\DDSVCO~1\ARDUIN~1\Debug\libArduinoCore.a(Wire.o)
 .debug_abbrev  0x00002b16       0x45 H:\WORKSP~1\ElectronicsProjects\TestAndMeasurement\AD9833~1\AD9833~1\Software\DDSVCO~1\DDSVCO~1\DDSVCO~1\ARDUIN~1\Debug\libArduinoCore.a(abi.o)
 .debug_abbrev  0x00002b5b       0x2a H:\WORKSP~1\ElectronicsProjects\TestAndMeasurement\AD9833~1\AD9833~1\Software\DDSVCO~1\DDSVCO~1\DDSVCO~1\ARDUIN~1\Debug\libArduinoCore.a(hooks.o)
 .debug_abbrev  0x00002b85      0x187 H:\WORKSP~1\ElectronicsProjects\TestAndMeasurement\AD9833~1\AD9833~1\Software\DDSVCO~1\DDSVCO~1\DDSVCO~1\ARDUIN~1\Debug\libArduinoCore.a(twi.o)

.debug_line     0x00000000     0x6ab7
 *(.debug_line .debug_line.* .debug_line_end)
 .debug_line    0x00000000      0x133 H:/Programs/Atmel/Studio/7.0/Packs/Atmel/ATmega_DFP/1.2.272/gcc/dev/atmega328p/avr5/crtatmega328p.o
 .debug_line    0x00000133     0x1378 main.o
 .debug_line    0x000014ab      0x4e2 H:\WORKSP~1\ElectronicsProjects\TestAndMeasurement\AD9833~1\AD9833~1\Software\DDSVCO~1\DDSVCO~1\DDSVCO~1\ARDUIN~1\Debug\libArduinoCore.a(HardwareSerial.o)
 .debug_line    0x0000198d      0x327 H:\WORKSP~1\ElectronicsProjects\TestAndMeasurement\AD9833~1\AD9833~1\Software\DDSVCO~1\DDSVCO~1\DDSVCO~1\ARDUIN~1\Debug\libArduinoCore.a(HardwareSerial0.o)
 .debug_line    0x00001cb4      0x7ae H:\WORKSP~1\ElectronicsProjects\TestAndMeasurement\AD9833~1\AD9833~1\Software\DDSVCO~1\DDSVCO~1\DDSVCO~1\ARDUIN~1\Debug\libArduinoCore.a(Print.o)
 .debug_line    0x00002462      0x2c5 H:\WORKSP~1\ElectronicsProjects\TestAndMeasurement\AD9833~1\AD9833~1\Software\DDSVCO~1\DDSVCO~1\DDSVCO~1\ARDUIN~1\Debug\libArduinoCore.a(wiring.o)
 .debug_line    0x00002727      0x298 H:\WORKSP~1\ElectronicsProjects\TestAndMeasurement\AD9833~1\AD9833~1\Software\DDSVCO~1\DDSVCO~1\DDSVCO~1\ARDUIN~1\Debug\libArduinoCore.a(wiring_digital.o)
 .debug_line    0x000029bf       0xf3 H:\WORKSP~1\ElectronicsProjects\TestAndMeasurement\AD9833~1\AD9833~1\Software\DDSVCO~1\DDSVCO~1\DDSVCO~1\ARDUIN~1\Debug\libArduinoCore.a(WMath.o)
 .debug_line    0x00002ab2     0x2039 H:\WORKSP~1\ElectronicsProjects\TestAndMeasurement\AD9833~1\AD9833~1\Software\DDSVCO~1\DDSVCO~1\DDSVCO~1\ARDUIN~1\Debug\libArduinoCore.a(Adafruit_GFX.o)
 .debug_line    0x00004aeb      0xddf H:\WORKSP~1\ElectronicsProjects\TestAndMeasurement\AD9833~1\AD9833~1\Software\DDSVCO~1\DDSVCO~1\DDSVCO~1\ARDUIN~1\Debug\libArduinoCore.a(Adafruit_SSD1306.o)
 .debug_line    0x000058ca      0x300 H:\WORKSP~1\ElectronicsProjects\TestAndMeasurement\AD9833~1\AD9833~1\Software\DDSVCO~1\DDSVCO~1\DDSVCO~1\ARDUIN~1\Debug\libArduinoCore.a(SPI.o)
 .debug_line    0x00005bca      0x143 H:\WORKSP~1\ElectronicsProjects\TestAndMeasurement\AD9833~1\AD9833~1\Software\DDSVCO~1\DDSVCO~1\DDSVCO~1\ARDUIN~1\Debug\libArduinoCore.a(TimerOne.o)
 .debug_line    0x00005d0d      0x6ab H:\WORKSP~1\ElectronicsProjects\TestAndMeasurement\AD9833~1\AD9833~1\Software\DDSVCO~1\DDSVCO~1\DDSVCO~1\ARDUIN~1\Debug\libArduinoCore.a(Wire.o)
 .debug_line    0x000063b8       0x5d H:\WORKSP~1\ElectronicsProjects\TestAndMeasurement\AD9833~1\AD9833~1\Software\DDSVCO~1\DDSVCO~1\DDSVCO~1\ARDUIN~1\Debug\libArduinoCore.a(abi.o)
 .debug_line    0x00006415       0x47 H:\WORKSP~1\ElectronicsProjects\TestAndMeasurement\AD9833~1\AD9833~1\Software\DDSVCO~1\DDSVCO~1\DDSVCO~1\ARDUIN~1\Debug\libArduinoCore.a(hooks.o)
 .debug_line    0x0000645c      0x65b H:\WORKSP~1\ElectronicsProjects\TestAndMeasurement\AD9833~1\AD9833~1\Software\DDSVCO~1\DDSVCO~1\DDSVCO~1\ARDUIN~1\Debug\libArduinoCore.a(twi.o)

.debug_frame    0x00000000     0x2bb8
 *(.debug_frame)
 .debug_frame   0x00000000      0x658 main.o
 .debug_frame   0x00000658      0x154 H:\WORKSP~1\ElectronicsProjects\TestAndMeasurement\AD9833~1\AD9833~1\Software\DDSVCO~1\DDSVCO~1\DDSVCO~1\ARDUIN~1\Debug\libArduinoCore.a(HardwareSerial.o)
 .debug_frame   0x000007ac      0x23c H:\WORKSP~1\ElectronicsProjects\TestAndMeasurement\AD9833~1\AD9833~1\Software\DDSVCO~1\DDSVCO~1\DDSVCO~1\ARDUIN~1\Debug\libArduinoCore.a(HardwareSerial0.o)
 .debug_frame   0x000009e8      0x448 H:\WORKSP~1\ElectronicsProjects\TestAndMeasurement\AD9833~1\AD9833~1\Software\DDSVCO~1\DDSVCO~1\DDSVCO~1\ARDUIN~1\Debug\libArduinoCore.a(Print.o)
 .debug_frame   0x00000e30      0x108 H:\WORKSP~1\ElectronicsProjects\TestAndMeasurement\AD9833~1\AD9833~1\Software\DDSVCO~1\DDSVCO~1\DDSVCO~1\ARDUIN~1\Debug\libArduinoCore.a(wiring.o)
 .debug_frame   0x00000f38       0x94 H:\WORKSP~1\ElectronicsProjects\TestAndMeasurement\AD9833~1\AD9833~1\Software\DDSVCO~1\DDSVCO~1\DDSVCO~1\ARDUIN~1\Debug\libArduinoCore.a(wiring_digital.o)
 .debug_frame   0x00000fcc      0x110 H:\WORKSP~1\ElectronicsProjects\TestAndMeasurement\AD9833~1\AD9833~1\Software\DDSVCO~1\DDSVCO~1\DDSVCO~1\ARDUIN~1\Debug\libArduinoCore.a(WMath.o)
 .debug_frame   0x000010dc      0xf68 H:\WORKSP~1\ElectronicsProjects\TestAndMeasurement\AD9833~1\AD9833~1\Software\DDSVCO~1\DDSVCO~1\DDSVCO~1\ARDUIN~1\Debug\libArduinoCore.a(Adafruit_GFX.o)
 .debug_frame   0x00002044      0x390 H:\WORKSP~1\ElectronicsProjects\TestAndMeasurement\AD9833~1\AD9833~1\Software\DDSVCO~1\DDSVCO~1\DDSVCO~1\ARDUIN~1\Debug\libArduinoCore.a(Adafruit_SSD1306.o)
 .debug_frame   0x000023d4       0x94 H:\WORKSP~1\ElectronicsProjects\TestAndMeasurement\AD9833~1\AD9833~1\Software\DDSVCO~1\DDSVCO~1\DDSVCO~1\ARDUIN~1\Debug\libArduinoCore.a(SPI.o)
 .debug_frame   0x00002468       0x78 H:\WORKSP~1\ElectronicsProjects\TestAndMeasurement\AD9833~1\AD9833~1\Software\DDSVCO~1\DDSVCO~1\DDSVCO~1\ARDUIN~1\Debug\libArduinoCore.a(TimerOne.o)
 .debug_frame   0x000024e0      0x444 H:\WORKSP~1\ElectronicsProjects\TestAndMeasurement\AD9833~1\AD9833~1\Software\DDSVCO~1\DDSVCO~1\DDSVCO~1\ARDUIN~1\Debug\libArduinoCore.a(Wire.o)
 .debug_frame   0x00002924       0x54 H:\WORKSP~1\ElectronicsProjects\TestAndMeasurement\AD9833~1\AD9833~1\Software\DDSVCO~1\DDSVCO~1\DDSVCO~1\ARDUIN~1\Debug\libArduinoCore.a(abi.o)
 .debug_frame   0x00002978       0x34 H:\WORKSP~1\ElectronicsProjects\TestAndMeasurement\AD9833~1\AD9833~1\Software\DDSVCO~1\DDSVCO~1\DDSVCO~1\ARDUIN~1\Debug\libArduinoCore.a(hooks.o)
 .debug_frame   0x000029ac      0x20c H:\WORKSP~1\ElectronicsProjects\TestAndMeasurement\AD9833~1\AD9833~1\Software\DDSVCO~1\DDSVCO~1\DDSVCO~1\ARDUIN~1\Debug\libArduinoCore.a(twi.o)

.debug_str      0x00000000     0x4eee
 *(.debug_str)
 .debug_str     0x00000000      0x208 H:/Programs/Atmel/Studio/7.0/Packs/Atmel/ATmega_DFP/1.2.272/gcc/dev/atmega328p/avr5/crtatmega328p.o
 .debug_str     0x00000208     0x141c main.o
                               0x14ee (size before relaxing)
 .debug_str     0x00001624     0x13bc H:\WORKSP~1\ElectronicsProjects\TestAndMeasurement\AD9833~1\AD9833~1\Software\DDSVCO~1\DDSVCO~1\DDSVCO~1\ARDUIN~1\Debug\libArduinoCore.a(HardwareSerial.o)
                               0x15ee (size before relaxing)
 .debug_str     0x000029e0       0xf5 H:\WORKSP~1\ElectronicsProjects\TestAndMeasurement\AD9833~1\AD9833~1\Software\DDSVCO~1\DDSVCO~1\DDSVCO~1\ARDUIN~1\Debug\libArduinoCore.a(HardwareSerial0.o)
                               0x143b (size before relaxing)
 .debug_str     0x00002ad5      0x375 H:\WORKSP~1\ElectronicsProjects\TestAndMeasurement\AD9833~1\AD9833~1\Software\DDSVCO~1\DDSVCO~1\DDSVCO~1\ARDUIN~1\Debug\libArduinoCore.a(Print.o)
                               0x128a (size before relaxing)
 .debug_str     0x00002e4a      0x14d H:\WORKSP~1\ElectronicsProjects\TestAndMeasurement\AD9833~1\AD9833~1\Software\DDSVCO~1\DDSVCO~1\DDSVCO~1\ARDUIN~1\Debug\libArduinoCore.a(wiring.o)
                                0x28c (size before relaxing)
 .debug_str     0x00002f97       0x77 H:\WORKSP~1\ElectronicsProjects\TestAndMeasurement\AD9833~1\AD9833~1\Software\DDSVCO~1\DDSVCO~1\DDSVCO~1\ARDUIN~1\Debug\libArduinoCore.a(wiring_digital.o)
                                0x2f7 (size before relaxing)
 .debug_str     0x0000300e       0xab H:\WORKSP~1\ElectronicsProjects\TestAndMeasurement\AD9833~1\AD9833~1\Software\DDSVCO~1\DDSVCO~1\DDSVCO~1\ARDUIN~1\Debug\libArduinoCore.a(WMath.o)
                                0x28d (size before relaxing)
 .debug_str     0x000030b9     0x1087 H:\WORKSP~1\ElectronicsProjects\TestAndMeasurement\AD9833~1\AD9833~1\Software\DDSVCO~1\DDSVCO~1\DDSVCO~1\ARDUIN~1\Debug\libArduinoCore.a(Adafruit_GFX.o)
                               0x2080 (size before relaxing)
 .debug_str     0x00004140      0x543 H:\WORKSP~1\ElectronicsProjects\TestAndMeasurement\AD9833~1\AD9833~1\Software\DDSVCO~1\DDSVCO~1\DDSVCO~1\ARDUIN~1\Debug\libArduinoCore.a(Adafruit_SSD1306.o)
                                0xd66 (size before relaxing)
 .debug_str     0x00004683       0x9f H:\WORKSP~1\ElectronicsProjects\TestAndMeasurement\AD9833~1\AD9833~1\Software\DDSVCO~1\DDSVCO~1\DDSVCO~1\ARDUIN~1\Debug\libArduinoCore.a(SPI.o)
                                0x6e0 (size before relaxing)
 .debug_str     0x00004722       0x85 H:\WORKSP~1\ElectronicsProjects\TestAndMeasurement\AD9833~1\AD9833~1\Software\DDSVCO~1\DDSVCO~1\DDSVCO~1\ARDUIN~1\Debug\libArduinoCore.a(TimerOne.o)
                                0x505 (size before relaxing)
 .debug_str     0x000047a7      0x514 H:\WORKSP~1\ElectronicsProjects\TestAndMeasurement\AD9833~1\AD9833~1\Software\DDSVCO~1\DDSVCO~1\DDSVCO~1\ARDUIN~1\Debug\libArduinoCore.a(Wire.o)
                               0x189d (size before relaxing)
 .debug_str     0x00004cbb       0x3d H:\WORKSP~1\ElectronicsProjects\TestAndMeasurement\AD9833~1\AD9833~1\Software\DDSVCO~1\DDSVCO~1\DDSVCO~1\ARDUIN~1\Debug\libArduinoCore.a(abi.o)
                                0x1f3 (size before relaxing)
 .debug_str     0x00004cf8       0x1c H:\WORKSP~1\ElectronicsProjects\TestAndMeasurement\AD9833~1\AD9833~1\Software\DDSVCO~1\DDSVCO~1\DDSVCO~1\ARDUIN~1\Debug\libArduinoCore.a(hooks.o)
                                0x187 (size before relaxing)
 .debug_str     0x00004d14      0x1da H:\WORKSP~1\ElectronicsProjects\TestAndMeasurement\AD9833~1\AD9833~1\Software\DDSVCO~1\DDSVCO~1\DDSVCO~1\ARDUIN~1\Debug\libArduinoCore.a(twi.o)
                                0x405 (size before relaxing)

.debug_loc      0x00000000     0x6e2a
 *(.debug_loc)
 .debug_loc     0x00000000     0x1be9 main.o
 .debug_loc     0x00001be9      0x2c2 H:\WORKSP~1\ElectronicsProjects\TestAndMeasurement\AD9833~1\AD9833~1\Software\DDSVCO~1\DDSVCO~1\DDSVCO~1\ARDUIN~1\Debug\libArduinoCore.a(HardwareSerial.o)
 .debug_loc     0x00001eab      0x4eb H:\WORKSP~1\ElectronicsProjects\TestAndMeasurement\AD9833~1\AD9833~1\Software\DDSVCO~1\DDSVCO~1\DDSVCO~1\ARDUIN~1\Debug\libArduinoCore.a(HardwareSerial0.o)
 .debug_loc     0x00002396      0x968 H:\WORKSP~1\ElectronicsProjects\TestAndMeasurement\AD9833~1\AD9833~1\Software\DDSVCO~1\DDSVCO~1\DDSVCO~1\ARDUIN~1\Debug\libArduinoCore.a(Print.o)
 .debug_loc     0x00002cfe      0x223 H:\WORKSP~1\ElectronicsProjects\TestAndMeasurement\AD9833~1\AD9833~1\Software\DDSVCO~1\DDSVCO~1\DDSVCO~1\ARDUIN~1\Debug\libArduinoCore.a(wiring.o)
 .debug_loc     0x00002f21      0x11d H:\WORKSP~1\ElectronicsProjects\TestAndMeasurement\AD9833~1\AD9833~1\Software\DDSVCO~1\DDSVCO~1\DDSVCO~1\ARDUIN~1\Debug\libArduinoCore.a(wiring_digital.o)
 .debug_loc     0x0000303e      0x24a H:\WORKSP~1\ElectronicsProjects\TestAndMeasurement\AD9833~1\AD9833~1\Software\DDSVCO~1\DDSVCO~1\DDSVCO~1\ARDUIN~1\Debug\libArduinoCore.a(WMath.o)
 .debug_loc     0x00003288     0x2383 H:\WORKSP~1\ElectronicsProjects\TestAndMeasurement\AD9833~1\AD9833~1\Software\DDSVCO~1\DDSVCO~1\DDSVCO~1\ARDUIN~1\Debug\libArduinoCore.a(Adafruit_GFX.o)
 .debug_loc     0x0000560b      0x7c3 H:\WORKSP~1\ElectronicsProjects\TestAndMeasurement\AD9833~1\AD9833~1\Software\DDSVCO~1\DDSVCO~1\DDSVCO~1\ARDUIN~1\Debug\libArduinoCore.a(Adafruit_SSD1306.o)
 .debug_loc     0x00005dce      0x11f H:\WORKSP~1\ElectronicsProjects\TestAndMeasurement\AD9833~1\AD9833~1\Software\DDSVCO~1\DDSVCO~1\DDSVCO~1\ARDUIN~1\Debug\libArduinoCore.a(SPI.o)
 .debug_loc     0x00005eed       0xf1 H:\WORKSP~1\ElectronicsProjects\TestAndMeasurement\AD9833~1\AD9833~1\Software\DDSVCO~1\DDSVCO~1\DDSVCO~1\ARDUIN~1\Debug\libArduinoCore.a(TimerOne.o)
 .debug_loc     0x00005fde      0x958 H:\WORKSP~1\ElectronicsProjects\TestAndMeasurement\AD9833~1\AD9833~1\Software\DDSVCO~1\DDSVCO~1\DDSVCO~1\ARDUIN~1\Debug\libArduinoCore.a(Wire.o)
 .debug_loc     0x00006936       0x76 H:\WORKSP~1\ElectronicsProjects\TestAndMeasurement\AD9833~1\AD9833~1\Software\DDSVCO~1\DDSVCO~1\DDSVCO~1\ARDUIN~1\Debug\libArduinoCore.a(abi.o)
 .debug_loc     0x000069ac       0x3b H:\WORKSP~1\ElectronicsProjects\TestAndMeasurement\AD9833~1\AD9833~1\Software\DDSVCO~1\DDSVCO~1\DDSVCO~1\ARDUIN~1\Debug\libArduinoCore.a(hooks.o)
 .debug_loc     0x000069e7      0x443 H:\WORKSP~1\ElectronicsProjects\TestAndMeasurement\AD9833~1\AD9833~1\Software\DDSVCO~1\DDSVCO~1\DDSVCO~1\ARDUIN~1\Debug\libArduinoCore.a(twi.o)

.debug_macinfo
 *(.debug_macinfo)

.debug_weaknames
 *(.debug_weaknames)

.debug_funcnames
 *(.debug_funcnames)

.debug_typenames
 *(.debug_typenames)

.debug_varnames
 *(.debug_varnames)

.debug_pubtypes
 *(.debug_pubtypes)

.debug_ranges   0x00000000      0xac8
 *(.debug_ranges)
 .debug_ranges  0x00000000      0x1e8 main.o
 .debug_ranges  0x000001e8       0x58 H:\WORKSP~1\ElectronicsProjects\TestAndMeasurement\AD9833~1\AD9833~1\Software\DDSVCO~1\DDSVCO~1\DDSVCO~1\ARDUIN~1\Debug\libArduinoCore.a(HardwareSerial.o)
 .debug_ranges  0x00000240       0x60 H:\WORKSP~1\ElectronicsProjects\TestAndMeasurement\AD9833~1\AD9833~1\Software\DDSVCO~1\DDSVCO~1\DDSVCO~1\ARDUIN~1\Debug\libArduinoCore.a(HardwareSerial0.o)
 .debug_ranges  0x000002a0      0x120 H:\WORKSP~1\ElectronicsProjects\TestAndMeasurement\AD9833~1\AD9833~1\Software\DDSVCO~1\DDSVCO~1\DDSVCO~1\ARDUIN~1\Debug\libArduinoCore.a(Print.o)
 .debug_ranges  0x000003c0       0x38 H:\WORKSP~1\ElectronicsProjects\TestAndMeasurement\AD9833~1\AD9833~1\Software\DDSVCO~1\DDSVCO~1\DDSVCO~1\ARDUIN~1\Debug\libArduinoCore.a(wiring.o)
 .debug_ranges  0x000003f8       0x28 H:\WORKSP~1\ElectronicsProjects\TestAndMeasurement\AD9833~1\AD9833~1\Software\DDSVCO~1\DDSVCO~1\DDSVCO~1\ARDUIN~1\Debug\libArduinoCore.a(wiring_digital.o)
 .debug_ranges  0x00000420       0x38 H:\WORKSP~1\ElectronicsProjects\TestAndMeasurement\AD9833~1\AD9833~1\Software\DDSVCO~1\DDSVCO~1\DDSVCO~1\ARDUIN~1\Debug\libArduinoCore.a(WMath.o)